Archive member included because of file (symbol)

c:/altera/12.1/nios2eds/bin/gnu/h-i686-mingw32/bin/../lib/gcc/nios2-elf/4.1.2/mno-hw-mul\libgcc.a(_addsub_sf.o)
                              obj/default/application/jpegclib/jfdctflt.o (__subsf3)
c:/altera/12.1/nios2eds/bin/gnu/h-i686-mingw32/bin/../lib/gcc/nios2-elf/4.1.2/mno-hw-mul\libgcc.a(_mul_sf.o)
                              obj/default/application/jpegclib/jcdctmgr.o (__mulsf3)
c:/altera/12.1/nios2eds/bin/gnu/h-i686-mingw32/bin/../lib/gcc/nios2-elf/4.1.2/mno-hw-mul\libgcc.a(_si_to_sf.o)
                              obj/default/application/jpegclib/jfdctflt.o (__floatsisf)
c:/altera/12.1/nios2eds/bin/gnu/h-i686-mingw32/bin/../lib/gcc/nios2-elf/4.1.2/mno-hw-mul\libgcc.a(_sf_to_si.o)
                              obj/default/application/jpegclib/jcdctmgr.o (__fixsfsi)
c:/altera/12.1/nios2eds/bin/gnu/h-i686-mingw32/bin/../lib/gcc/nios2-elf/4.1.2/mno-hw-mul\libgcc.a(_thenan_sf.o)
                              c:/altera/12.1/nios2eds/bin/gnu/h-i686-mingw32/bin/../lib/gcc/nios2-elf/4.1.2/mno-hw-mul\libgcc.a(_addsub_sf.o) (__thenan_sf)
c:/altera/12.1/nios2eds/bin/gnu/h-i686-mingw32/bin/../lib/gcc/nios2-elf/4.1.2/mno-hw-mul\libgcc.a(_mul_df.o)
                              obj/default/application/jpegclib/jcdctmgr.o (__muldf3)
c:/altera/12.1/nios2eds/bin/gnu/h-i686-mingw32/bin/../lib/gcc/nios2-elf/4.1.2/mno-hw-mul\libgcc.a(_div_df.o)
                              obj/default/application/jpegclib/jcdctmgr.o (__divdf3)
c:/altera/12.1/nios2eds/bin/gnu/h-i686-mingw32/bin/../lib/gcc/nios2-elf/4.1.2/mno-hw-mul\libgcc.a(_df_to_sf.o)
                              obj/default/application/jpegclib/jcdctmgr.o (__truncdfsf2)
c:/altera/12.1/nios2eds/bin/gnu/h-i686-mingw32/bin/../lib/gcc/nios2-elf/4.1.2/mno-hw-mul\libgcc.a(_thenan_df.o)
                              c:/altera/12.1/nios2eds/bin/gnu/h-i686-mingw32/bin/../lib/gcc/nios2-elf/4.1.2/mno-hw-mul\libgcc.a(_mul_df.o) (__thenan_df)
c:/altera/12.1/nios2eds/bin/gnu/h-i686-mingw32/bin/../lib/gcc/nios2-elf/4.1.2/mno-hw-mul\libgcc.a(_usi_to_df.o)
                              obj/default/application/jpegclib/jcdctmgr.o (__floatunsidf)
c:/altera/12.1/nios2eds/bin/gnu/h-i686-mingw32/bin/../lib/gcc/nios2-elf/4.1.2/mno-hw-mul\libgcc.a(lib2-divmod.o)
                              obj/default/application/jpegclib/jcdctmgr.o (__divsi3)
c:/altera/12.1/nios2eds/bin/gnu/h-i686-mingw32/bin/../lib/gcc/nios2-elf/4.1.2/mno-hw-mul\libgcc.a(lib2-mul.o)
                              obj/default/application/bmp_extract.o (__mulsi3)
c:/altera/12.1/nios2eds/bin/gnu/h-i686-mingw32/bin/../lib/gcc/nios2-elf/4.1.2/mno-hw-mul\libgcc.a(_muldi3.o)
                              c:/altera/12.1/nios2eds/bin/gnu/h-i686-mingw32/bin/../lib/gcc/nios2-elf/4.1.2/mno-hw-mul\libgcc.a(_mul_sf.o) (__muldi3)
c:/altera/12.1/nios2eds/bin/gnu/h-i686-mingw32/bin/../lib/gcc/nios2-elf/4.1.2/mno-hw-mul\libgcc.a(_clzsi2.o)
                              c:/altera/12.1/nios2eds/bin/gnu/h-i686-mingw32/bin/../lib/gcc/nios2-elf/4.1.2/mno-hw-mul\libgcc.a(_si_to_sf.o) (__clzsi2)
c:/altera/12.1/nios2eds/bin/gnu/h-i686-mingw32/bin/../lib/gcc/nios2-elf/4.1.2/mno-hw-mul\libgcc.a(_pack_sf.o)
                              c:/altera/12.1/nios2eds/bin/gnu/h-i686-mingw32/bin/../lib/gcc/nios2-elf/4.1.2/mno-hw-mul\libgcc.a(_addsub_sf.o) (__pack_f)
c:/altera/12.1/nios2eds/bin/gnu/h-i686-mingw32/bin/../lib/gcc/nios2-elf/4.1.2/mno-hw-mul\libgcc.a(_unpack_sf.o)
                              c:/altera/12.1/nios2eds/bin/gnu/h-i686-mingw32/bin/../lib/gcc/nios2-elf/4.1.2/mno-hw-mul\libgcc.a(_addsub_sf.o) (__unpack_f)
c:/altera/12.1/nios2eds/bin/gnu/h-i686-mingw32/bin/../lib/gcc/nios2-elf/4.1.2/mno-hw-mul\libgcc.a(_make_sf.o)
                              c:/altera/12.1/nios2eds/bin/gnu/h-i686-mingw32/bin/../lib/gcc/nios2-elf/4.1.2/mno-hw-mul\libgcc.a(_df_to_sf.o) (__make_fp)
c:/altera/12.1/nios2eds/bin/gnu/h-i686-mingw32/bin/../lib/gcc/nios2-elf/4.1.2/mno-hw-mul\libgcc.a(_pack_df.o)
                              c:/altera/12.1/nios2eds/bin/gnu/h-i686-mingw32/bin/../lib/gcc/nios2-elf/4.1.2/mno-hw-mul\libgcc.a(_mul_df.o) (__pack_d)
c:/altera/12.1/nios2eds/bin/gnu/h-i686-mingw32/bin/../lib/gcc/nios2-elf/4.1.2/mno-hw-mul\libgcc.a(_unpack_df.o)
                              c:/altera/12.1/nios2eds/bin/gnu/h-i686-mingw32/bin/../lib/gcc/nios2-elf/4.1.2/mno-hw-mul\libgcc.a(_mul_df.o) (__unpack_d)
c:/altera/12.1/nios2eds/bin/gnu/h-i686-mingw32/bin/../lib/gcc/nios2-elf/4.1.2/mno-hw-mul\libgcc.a(_clz.o)
                              c:/altera/12.1/nios2eds/bin/gnu/h-i686-mingw32/bin/../lib/gcc/nios2-elf/4.1.2/mno-hw-mul\libgcc.a(_clzsi2.o) (__clz_tab)
c:/altera/12.1/nios2eds/bin/gnu/h-i686-mingw32/bin/../lib/gcc/nios2-elf/4.1.2/../../../../nios2-elf/lib/mno-hw-mul\libc.a(lib_a-ctype_.o)
                              obj/default/application/jpegclib/cdjpeg.o (__ctype_ptr)
[...]
Memory Configuration

Name             Origin             Length             Attributes
reset            0x00000000         0x00000020
sdram            0x00000020         0x07ffffe0
*default*        0x00000000         0xffffffff

Linker script and memory map

LOAD ../JPEG_Encoder_bsp//obj/HAL/src/crt0.o
LOAD obj/default/application/bmp_extract.o
LOAD obj/default/application/jpeg_encoding.o
LOAD obj/default/application/jpegclib/cdjpeg.o
LOAD obj/default/application/jpegclib/jaricom.o
LOAD obj/default/application/jpegclib/jcapimin.o
LOAD obj/default/application/jpegclib/jcapistd.o
LOAD obj/default/application/jpegclib/jcarith.o
LOAD obj/default/application/jpegclib/jccoefct.o
LOAD obj/default/application/jpegclib/jccolor.o
LOAD obj/default/application/jpegclib/jcdctmgr.o
LOAD obj/default/application/jpegclib/jchuff.o
LOAD obj/default/application/jpegclib/jcinit.o
LOAD obj/default/application/jpegclib/jcmainct.o
LOAD obj/default/application/jpegclib/jcmarker.o
LOAD obj/default/application/jpegclib/jcmaster.o
LOAD obj/default/application/jpegclib/jcomapi.o
LOAD obj/default/application/jpegclib/jcparam.o
LOAD obj/default/application/jpegclib/jcprepct.o
LOAD obj/default/application/jpegclib/jcsample.o
LOAD obj/default/application/jpegclib/jctrans.o
LOAD obj/default/application/jpegclib/jdatadst.o
LOAD obj/default/application/jpegclib/jerror.o
LOAD obj/default/application/jpegclib/jfdctflt.o
LOAD obj/default/application/jpegclib/jfdctfst.o
LOAD obj/default/application/jpegclib/jfdctint.o
LOAD obj/default/application/jpegclib/jidctflt.o
LOAD obj/default/application/jpegclib/jidctfst.o
LOAD obj/default/application/jpegclib/jidctint.o
LOAD obj/default/application/jpegclib/jmemansi.o
LOAD obj/default/application/jpegclib/jmemmgr.o
LOAD obj/default/application/jpegclib/jquant1.o
LOAD obj/default/application/jpegclib/jquant2.o
LOAD obj/default/application/jpegclib/jutils.o
LOAD obj/default/jpeg_encoder.o
LOAD c:/altera/12.1/nios2eds/bin/gnu/h-i686-mingw32/bin/../lib/gcc/nios2-elf/4.1.2/../../../../nios2-elf/lib/mno-hw-mul\libstdc++.a
LOAD c:/altera/12.1/nios2eds/bin/gnu/h-i686-mingw32/bin/../lib/gcc/nios2-elf/4.1.2/../../../../nios2-elf/lib/mno-hw-mul\libm.a
LOAD c:/altera/12.1/nios2eds/bin/gnu/h-i686-mingw32/bin/../lib/gcc/nios2-elf/4.1.2/mno-hw-mul\libgcc.a
START GROUP
LOAD c:/altera/12.1/nios2eds/bin/gnu/h-i686-mingw32/bin/../lib/gcc/nios2-elf/4.1.2/../../../../nios2-elf/lib/mno-hw-mul\libc.a
LOAD c:/altera/12.1/nios2eds/bin/gnu/h-i686-mingw32/bin/../lib/gcc/nios2-elf/4.1.2/mno-hw-mul\libgcc.a
LOAD ../JPEG_Encoder_bsp/\libhal_bsp.a
END GROUP
LOAD c:/altera/12.1/nios2eds/bin/gnu/h-i686-mingw32/bin/../lib/gcc/nios2-elf/4.1.2/mno-hw-mul\libgcc.a
                0x00000000                __alt_mem_sdram = 0x0

.entry          0x00000000       0x20
 *(.entry)
 .entry         0x00000000       0x20 ../JPEG_Encoder_bsp//obj/HAL/src/crt0.o
                0x00000000                __reset

.exceptions     0x00000020      0x194
                0x00000020                PROVIDE (__ram_exceptions_start, ABSOLUTE (.))
                0x00000020                . = ALIGN (0x20)
 *(.irq)
 *(.exceptions.entry.label)
 .exceptions.entry.label
                0x00000020        0x0 ../JPEG_Encoder_bsp/\libhal_bsp.a(alt_irq_entry.o)
                0x00000020                alt_irq_entry
 .exceptions.entry.label
                0x00000020        0x0 ../JPEG_Encoder_bsp/\libhal_bsp.a(alt_exception_entry.o)
                0x00000020                alt_exception
 *(.exceptions.entry.user)
 *(.exceptions.entry)
 .exceptions.entry
                0x00000020       0x54 ../JPEG_Encoder_bsp/\libhal_bsp.a(alt_exception_entry.o)
 *(.exceptions.irqtest.user)
 *(.exceptions.irqtest)
 .exceptions.irqtest
                0x00000074       0x10 ../JPEG_Encoder_bsp/\libhal_bsp.a(alt_irq_entry.o)
 *(.exceptions.irqhandler.user)
 *(.exceptions.irqhandler)
 .exceptions.irqhandler
                0x00000084        0x4 ../JPEG_Encoder_bsp/\libhal_bsp.a(alt_irq_entry.o)
 *(.exceptions.irqreturn.user)
 *(.exceptions.irqreturn)
 .exceptions.irqreturn
                0x00000088        0x4 ../JPEG_Encoder_bsp/\libhal_bsp.a(alt_irq_entry.o)
 *(.exceptions.notirq.label)
 .exceptions.notirq.label
                0x0000008c        0x0 ../JPEG_Encoder_bsp/\libhal_bsp.a(alt_irq_entry.o)
 *(.exceptions.notirq.user)
 *(.exceptions.notirq)
 .exceptions.notirq
                0x0000008c        0x8 ../JPEG_Encoder_bsp/\libhal_bsp.a(alt_exception_entry.o)
 *(.exceptions.soft.user)
 *(.exceptions.soft)
 *(.exceptions.unknown.user)
 *(.exceptions.unknown)
 .exceptions.unknown
                0x00000094        0x4 ../JPEG_Encoder_bsp/\libhal_bsp.a(alt_exception_entry.o)
 *(.exceptions.exit.label)
 .exceptions.exit.label
                0x00000098        0x0 ../JPEG_Encoder_bsp/\libhal_bsp.a(alt_irq_entry.o)
 .exceptions.exit.label
                0x00000098        0x0 ../JPEG_Encoder_bsp/\libhal_bsp.a(alt_exception_entry.o)
 *(.exceptions.exit.user)
 *(.exceptions.exit)
 .exceptions.exit
                0x00000098       0x54 ../JPEG_Encoder_bsp/\libhal_bsp.a(alt_exception_entry.o)
 *(.exceptions)
 .exceptions    0x000000ec       0xc8 ../JPEG_Encoder_bsp/\libhal_bsp.a(alt_irq_handler.o)
                0x000000ec                alt_irq_handler
                0x000001b4                PROVIDE (__ram_exceptions_end, ABSOLUTE (.))
                0x00000020                PROVIDE (__flash_exceptions_start, LOADADDR (.exceptions))

.text           0x000001b4    0x3fba0
                0x000001b4                PROVIDE (stext, ABSOLUTE (.))
 *(.interp)
 *(.hash)
 *(.dynsym)
 *(.dynstr)
 *(.gnu.version)
 *(.gnu.version_d)
 *(.gnu.version_r)
 *(.rel.init)
 *(.rela.init)
 *(.rel.text .rel.text.* .rel.gnu.linkonce.t.*)
 *(.rela.text .rela.text.* .rela.gnu.linkonce.t.*)
 *(.rel.fini)
 *(.rela.fini)
 *(.rel.rodata .rel.rodata.* .rel.gnu.linkonce.r.*)
 *(.rela.rodata .rela.rodata.* .rela.gnu.linkonce.r.*)
 *(.rel.data .rel.data.* .rel.gnu.linkonce.d.*)
 *(.rela.data .rela.data.* .rela.gnu.linkonce.d.*)
 *(.rel.tdata .rel.tdata.* .rel.gnu.linkonce.td.*)
 *(.rela.tdata .rela.tdata.* .rela.gnu.linkonce.td.*)
 *(.rel.tbss .rel.tbss.* .rel.gnu.linkonce.tb.*)
 *(.rela.tbss .rela.tbss.* .rela.gnu.linkonce.tb.*)
 *(.rel.ctors)
 *(.rela.ctors)
 *(.rel.dtors)
 *(.rela.dtors)
 *(.rel.got)
 *(.rela.got)
 *(.rel.sdata .rel.sdata.* .rel.gnu.linkonce.s.*)
 *(.rela.sdata .rela.sdata.* .rela.gnu.linkonce.s.*)
 *(.rel.sbss .rel.sbss.* .rel.gnu.linkonce.sb.*)
 *(.rela.sbss .rela.sbss.* .rela.gnu.linkonce.sb.*)
 *(.rel.sdata2 .rel.sdata2.* .rel.gnu.linkonce.s2.*)
 *(.rela.sdata2 .rela.sdata2.* .rela.gnu.linkonce.s2.*)
 *(.rel.sbss2 .rel.sbss2.* .rel.gnu.linkonce.sb2.*)
 *(.rela.sbss2 .rela.sbss2.* .rela.gnu.linkonce.sb2.*)
 *(.rel.bss .rel.bss.* .rel.gnu.linkonce.b.*)
 *(.rela.bss .rela.bss.* .rela.gnu.linkonce.b.*)
 *(.rel.plt)
 *(.rela.plt)
 *(.rel.dyn)
 *(.init)
 *(.plt)
 *(.text .stub .text.* .gnu.linkonce.t.*)
 .text          0x000001b4       0x3c ../JPEG_Encoder_bsp//obj/HAL/src/crt0.o
                0x000001b4                _start
 .text          0x000001f0      0x4a0 obj/default/application/bmp_extract.o
                0x000001f0                bmp_extract_header
                0x0000032c                bmp_rearrange_comps
                0x000004f8                bmp_extract
 .text          0x00000690      0x154 obj/default/application/jpeg_encoding.o
                0x00000690                jpeg_encode
 .text          0x000007e4      0x1d8 obj/default/application/jpegclib/cdjpeg.o
                0x000007e4                keymatch
                0x00000954                read_stdin
                0x00000988                write_stdout
 .text          0x000009bc        0x0 obj/default/application/jpegclib/jaricom.o
 .text          0x000009bc      0x8a0 obj/default/application/jpegclib/jcapimin.o
                0x000009bc                jpeg_CreateCompress
                0x00000c00                jpeg_destroy_compress
                0x00000c30                jpeg_abort_compress
                0x00000c60                jpeg_suppress_tables
                0x00000d6c                jpeg_finish_compress
                0x00000f74                jpeg_write_marker
                0x0000108c                jpeg_write_m_header
                0x00001150                jpeg_write_m_byte
                0x00001194                jpeg_write_tables
 .text          0x0000125c      0x468 obj/default/application/jpegclib/jcapistd.o
                0x0000125c                jpeg_start_compress
                0x00001368                jpeg_write_scanlines
                0x00001500                jpeg_write_raw_data
 .text          0x000016c4     0x2638 obj/default/application/jpegclib/jcarith.o
                0x00003c24                jinit_arith_encoder
 .text          0x00003cfc      0xf7c obj/default/application/jpegclib/jccoefct.o
                0x00004aa0                jinit_c_coef_controller
 .text          0x00004c78     0x10b4 obj/default/application/jpegclib/jccolor.o
                0x000057a8                jinit_color_converter
 .text          0x00005d2c      0xb78 obj/default/application/jpegclib/jcdctmgr.o
                0x000067e8                jinit_forward_dct
 .text          0x000068a4     0x3808 obj/default/application/jpegclib/jchuff.o
                0x00009f6c                jinit_huff_encoder
 .text          0x0000a0ac      0x118 obj/default/application/jpegclib/jcinit.o
                0x0000a0ac                jinit_compress_master
 .text          0x0000a1c4      0x3a8 obj/default/application/jpegclib/jcmainct.o
                0x0000a3ec                jinit_c_main_controller
 .text          0x0000a56c     0x1438 obj/default/application/jpegclib/jcmarker.o
                0x0000b8d8                jinit_marker_writer
 .text          0x0000b9a4     0x1e28 obj/default/application/jpegclib/jcmaster.o
                0x0000b9a4                jpeg_calc_jpeg_dimensions
                0x0000d60c                jinit_c_master_control
 .text          0x0000d7cc      0x1b0 obj/default/application/jpegclib/jcomapi.o
                0x0000d7cc                jpeg_abort
                0x0000d878                jpeg_destroy
                0x0000d8d4                jpeg_alloc_quant_table
                0x0000d928                jpeg_alloc_huff_table
 .text          0x0000d97c     0x1574 obj/default/application/jpegclib/jcparam.o
                0x0000d97c                jpeg_add_quant_table
                0x0000db58                jpeg_default_qtables
                0x0000dbcc                jpeg_set_linear_quality
                0x0000dc3c                jpeg_quality_scaling
                0x0000dcc8                jpeg_set_quality
                0x0000deec                jpeg_set_defaults
                0x0000e0f0                jpeg_default_colorspace
                0x0000e1f0                jpeg_set_colorspace
                0x0000eb24                jpeg_simple_progression
 .text          0x0000eef0      0xc28 obj/default/application/jpegclib/jcprepct.o
                0x0000f964                jinit_c_prep_controller
 .text          0x0000fb18     0x16b8 obj/default/application/jpegclib/jcsample.o
                0x00010de0                jinit_downsampler
 .text          0x000111d0      0xc68 obj/default/application/jpegclib/jctrans.o
                0x000111d0                jpeg_write_coefficients
                0x00011298                jpeg_copy_critical_parameters
 .text          0x00011e38      0x620 obj/default/application/jpegclib/jdatadst.o
                0x000121d8                jpeg_stdio_dest
                0x00012284                jpeg_mem_dest
 .text          0x00012458      0x44c obj/default/application/jpegclib/jerror.o
                0x000127e4                jpeg_std_error
 .text          0x000128a4      0x730 obj/default/application/jpegclib/jfdctflt.o
                0x000128a4                jpeg_fdct_float
 .text          0x00012fd4      0x698 obj/default/application/jpegclib/jfdctfst.o
                0x00012fd4                jpeg_fdct_ifast
 .text          0x0001366c      0x808 obj/default/application/jpegclib/jfdctint.o
                0x0001366c                jpeg_fdct_islow
 .text          0x00013e74      0xaf0 obj/default/application/jpegclib/jidctflt.o
                0x00013e74                jpeg_idct_float
 .text          0x00014964      0xaf8 obj/default/application/jpegclib/jidctfst.o
                0x00014964                jpeg_idct_ifast
 .text          0x0001545c     0xfffc obj/default/application/jpegclib/jidctint.o
                0x0001545c                jpeg_idct_islow
                0x0001609c                jpeg_idct_7x7
                0x000168d8                jpeg_idct_6x6
                0x00016ec4                jpeg_idct_5x5
                0x00017408                jpeg_idct_4x4
                0x00017814                jpeg_idct_3x3
                0x00017b40                jpeg_idct_2x2
                0x00017d68                jpeg_idct_1x1
                0x00017e18                jpeg_idct_9x9
                0x00018718                jpeg_idct_10x10
                0x0001914c                jpeg_idct_11x11
                0x00019d6c                jpeg_idct_12x12
                0x0001a8f8                jpeg_idct_13x13
                0x0001b6e8                jpeg_idct_14x14
                0x0001c44c                jpeg_idct_15x15
                0x0001d254                jpeg_idct_16x16
                0x0001e260                jpeg_idct_16x8
                0x0001f11c                jpeg_idct_14x7
                0x0001fc20                jpeg_idct_12x6
                0x00020500                jpeg_idct_10x5
                0x00020cc4                jpeg_idct_8x4
                0x00021358                jpeg_idct_6x3
                0x000217d8                jpeg_idct_4x2
                0x00021ac8                jpeg_idct_2x1
                0x00021be4                jpeg_idct_8x16
                0x0002283c                jpeg_idct_7x14
                0x000232d8                jpeg_idct_6x12
                0x00023b78                jpeg_idct_5x10
                0x0002432c                jpeg_idct_4x8
                0x00024ba4                jpeg_idct_3x6
                0x0002503c                jpeg_idct_2x4
                0x00025338                jpeg_idct_1x2
 .text          0x00025458      0x3d0 obj/default/application/jpegclib/jmemansi.o
                0x00025458                jpeg_get_small
                0x0002548c                jpeg_free_small
                0x000254c4                jpeg_get_large
                0x000254f8                jpeg_free_large
                0x00025530                jpeg_mem_available
                0x00025720                jpeg_open_backing_store
                0x000257e0                jpeg_mem_init
                0x00025808                jpeg_mem_term
 .text          0x00025828     0x1e24 obj/default/application/jpegclib/jmemmgr.o
                0x00027390                jinit_memory_mgr
 .text          0x0002764c     0x1a48 obj/default/application/jpegclib/jquant1.o
                0x00028f50                jinit_1pass_quantizer
 .text          0x00029094     0x2b8c obj/default/application/jpegclib/jquant2.o
                0x0002b978                jinit_2pass_quantizer
 .text          0x0002bc20      0x1f4 obj/default/application/jpegclib/jutils.o
                0x0002bc20                jdiv_round_up
                0x0002bc64                jround_up
                0x0002bcbc                jcopy_sample_rows
                0x0002bd88                jcopy_block_row
                0x0002bdd4                jzero_far
 .text          0x0002be14      0x1f0 obj/default/jpeg_encoder.o
                0x0002be14                main
                0x0002beac                convert_picture
 .text          0x0002c004      0x2b8 c:/altera/12.1/nios2eds/bin/gnu/h-i686-mingw32/bin/../lib/gcc/nios2-elf/4.1.2/mno-hw-mul\libgcc.a(_addsub_sf.o)
                0x0002c1e8                __subsf3
                0x0002c258                __addsf3
 .text          0x0002c2bc      0x1e0 c:/altera/12.1/nios2eds/bin/gnu/h-i686-mingw32/bin/../lib/gcc/nios2-elf/4.1.2/mno-hw-mul\libgcc.a(_mul_sf.o)
                0x0002c2bc                __mulsf3
 .text          0x0002c49c       0x98 c:/altera/12.1/nios2eds/bin/gnu/h-i686-mingw32/bin/../lib/gcc/nios2-elf/4.1.2/mno-hw-mul\libgcc.a(_si_to_sf.o)
                0x0002c49c                __floatsisf
 .text          0x0002c534       0x94 c:/altera/12.1/nios2eds/bin/gnu/h-i686-mingw32/bin/../lib/gcc/nios2-elf/4.1.2/mno-hw-mul\libgcc.a(_sf_to_si.o)
                0x0002c534                __fixsfsi
 .text          0x0002c5c8        0x0 c:/altera/12.1/nios2eds/bin/gnu/h-i686-mingw32/bin/../lib/gcc/nios2-elf/4.1.2/mno-hw-mul\libgcc.a(_thenan_sf.o)
 .text          0x0002c5c8      0x3c4 c:/altera/12.1/nios2eds/bin/gnu/h-i686-mingw32/bin/../lib/gcc/nios2-elf/4.1.2/mno-hw-mul\libgcc.a(_mul_df.o)
                0x0002c5c8                __muldf3
 .text          0x0002c98c      0x258 c:/altera/12.1/nios2eds/bin/gnu/h-i686-mingw32/bin/../lib/gcc/nios2-elf/4.1.2/mno-hw-mul\libgcc.a(_div_df.o)
                0x0002c98c                __divdf3
 .text          0x0002cbe4       0x74 c:/altera/12.1/nios2eds/bin/gnu/h-i686-mingw32/bin/../lib/gcc/nios2-elf/4.1.2/mno-hw-mul\libgcc.a(_df_to_sf.o)
                0x0002cbe4                __truncdfsf2
 .text          0x0002cc58        0x0 c:/altera/12.1/nios2eds/bin/gnu/h-i686-mingw32/bin/../lib/gcc/nios2-elf/4.1.2/mno-hw-mul\libgcc.a(_thenan_df.o)
 .text          0x0002cc58      0x194 c:/altera/12.1/nios2eds/bin/gnu/h-i686-mingw32/bin/../lib/gcc/nios2-elf/4.1.2/mno-hw-mul\libgcc.a(_usi_to_df.o)
                0x0002cc58                __floatunsidf
 .text          0x0002cdec      0x14c c:/altera/12.1/nios2eds/bin/gnu/h-i686-mingw32/bin/../lib/gcc/nios2-elf/4.1.2/mno-hw-mul\libgcc.a(lib2-divmod.o)
                0x0002ce68                __divsi3
                0x0002cec8                __modsi3
                0x0002cf28                __udivsi3
                0x0002cf30                __umodsi3
 .text          0x0002cf38       0x38 c:/altera/12.1/nios2eds/bin/gnu/h-i686-mingw32/bin/../lib/gcc/nios2-elf/4.1.2/mno-hw-mul\libgcc.a(lib2-mul.o)
                0x0002cf38                __mulsi3
 .text          0x0002cf70      0x124 c:/altera/12.1/nios2eds/bin/gnu/h-i686-mingw32/bin/../lib/gcc/nios2-elf/4.1.2/mno-hw-mul\libgcc.a(_muldi3.o)
                0x0002cf70                __muldi3
 .text          0x0002d094       0x80 c:/altera/12.1/nios2eds/bin/gnu/h-i686-mingw32/bin/../lib/gcc/nios2-elf/4.1.2/mno-hw-mul\libgcc.a(_clzsi2.o)
                0x0002d094                __clzsi2
 .text          0x0002d114      0x160 c:/altera/12.1/nios2eds/bin/gnu/h-i686-mingw32/bin/../lib/gcc/nios2-elf/4.1.2/mno-hw-mul\libgcc.a(_pack_sf.o)
                0x0002d114                __pack_f
 .text          0x0002d274       0xc8 c:/altera/12.1/nios2eds/bin/gnu/h-i686-mingw32/bin/../lib/gcc/nios2-elf/4.1.2/mno-hw-mul\libgcc.a(_unpack_sf.o)
                0x0002d274                __unpack_f
 .text          0x0002d33c       0x2c c:/altera/12.1/nios2eds/bin/gnu/h-i686-mingw32/bin/../lib/gcc/nios2-elf/4.1.2/mno-hw-mul\libgcc.a(_make_sf.o)
                0x0002d33c                __make_fp
 .text          0x0002d368      0x314 c:/altera/12.1/nios2eds/bin/gnu/h-i686-mingw32/bin/../lib/gcc/nios2-elf/4.1.2/mno-hw-mul\libgcc.a(_pack_df.o)
                0x0002d368                __pack_d
 .text          0x0002d67c      0x138 c:/altera/12.1/nios2eds/bin/gnu/h-i686-mingw32/bin/../lib/gcc/nios2-elf/4.1.2/mno-hw-mul\libgcc.a(_unpack_df.o)
                0x0002d67c                __unpack_d
 .text          0x0002d7b4        0x0 c:/altera/12.1/nios2eds/bin/gnu/h-i686-mingw32/bin/../lib/gcc/nios2-elf/4.1.2/mno-hw-mul\libgcc.a(_clz.o)
 .text          0x0002d7b4        0x0 c:/altera/12.1/nios2eds/bin/gnu/h-i686-mingw32/bin/../lib/gcc/nios2-elf/4.1.2/../../../../nios2-elf/lib/mno-hw-mul\libc.a(lib_a-ctype_.o)
 .text          0x0002d7b4       0x38 c:/altera/12.1/nios2eds/bin/gnu/h-i686-mingw32/bin/../lib/gcc/nios2-elf/4.1.2/../../../../nios2-elf/lib/mno-hw-mul\libc.a(lib_a-exit.o)
                0x0002d7b4                exit
 .text          0x0002d7ec      0x124 c:/altera/12.1/nios2eds/bin/gnu/h-i686-mingw32/bin/../lib/gcc/nios2-elf/4.1.2/../../../../nios2-elf/lib/mno-hw-mul\libc.a(lib_a-fclose.o)
                0x0002d7ec                _fclose_r
                0x0002d8fc                fclose
 .text          0x0002d910      0x230 c:/altera/12.1/nios2eds/bin/gnu/h-i686-mingw32/bin/../lib/gcc/nios2-elf/4.1.2/../../../../nios2-elf/lib/mno-hw-mul\libc.a(lib_a-fflush.o)
                0x0002d910                _fflush_r
                0x0002db0c                fflush
 .text          0x0002db40      0x2f4 c:/altera/12.1/nios2eds/bin/gnu/h-i686-mingw32/bin/../lib/gcc/nios2-elf/4.1.2/../../../../nios2-elf/lib/mno-hw-mul\libc.a(lib_a-findfp.o)
                0x0002db98                __sfp_lock_acquire
                0x0002db9c                __sfp_lock_release
                0x0002dba0                __sinit_lock_acquire
                0x0002dba4                __sinit_lock_release
                0x0002dba8                __sinit
                0x0002dc5c                __fp_unlock_all
                0x0002dc74                __fp_lock_all
                0x0002dc8c                _cleanup_r
                0x0002dc98                _cleanup
                0x0002dca8                __sfmoreglue
                0x0002dd44                __sfp
 .text          0x0002de34      0x110 c:/altera/12.1/nios2eds/bin/gnu/h-i686-mingw32/bin/../lib/gcc/nios2-elf/4.1.2/../../../../nios2-elf/lib/mno-hw-mul\libc.a(lib_a-fopen.o)
                0x0002de34                _fopen_r
                0x0002df28                fopen
 .text          0x0002df44       0x60 c:/altera/12.1/nios2eds/bin/gnu/h-i686-mingw32/bin/../lib/gcc/nios2-elf/4.1.2/../../../../nios2-elf/lib/mno-hw-mul\libc.a(lib_a-fprintf.o)
                0x0002df44                fprintf
                0x0002df70                _fprintf_r
 .text          0x0002dfa4      0x24c c:/altera/12.1/nios2eds/bin/gnu/h-i686-mingw32/bin/../lib/gcc/nios2-elf/4.1.2/../../../../nios2-elf/lib/mno-hw-mul\libc.a(lib_a-fread.o)
                0x0002dfa4                _fread_r
                0x0002e1b0                fread
 .text          0x0002e1f0      0x440 c:/altera/12.1/nios2eds/bin/gnu/h-i686-mingw32/bin/../lib/gcc/nios2-elf/4.1.2/../../../../nios2-elf/lib/mno-hw-mul\libc.a(lib_a-freer.o)
                0x0002e1f0                _malloc_trim_r
                0x0002e31c                _free_r
 .text          0x0002e630      0x460 c:/altera/12.1/nios2eds/bin/gnu/h-i686-mingw32/bin/../lib/gcc/nios2-elf/4.1.2/../../../../nios2-elf/lib/mno-hw-mul\libc.a(lib_a-fseek.o)
                0x0002e630                _fseek_r
                0x0002ea6c                fseek
 .text          0x0002ea90       0x74 c:/altera/12.1/nios2eds/bin/gnu/h-i686-mingw32/bin/../lib/gcc/nios2-elf/4.1.2/../../../../nios2-elf/lib/mno-hw-mul\libc.a(lib_a-fstatr.o)
                0x0002ea90                _fstat_r
 .text          0x0002eb04      0x10c c:/altera/12.1/nios2eds/bin/gnu/h-i686-mingw32/bin/../lib/gcc/nios2-elf/4.1.2/../../../../nios2-elf/lib/mno-hw-mul\libc.a(lib_a-ftell.o)
                0x0002eb04                _ftell_r
                0x0002ebfc                ftell
 .text          0x0002ec10      0x180 c:/altera/12.1/nios2eds/bin/gnu/h-i686-mingw32/bin/../lib/gcc/nios2-elf/4.1.2/../../../../nios2-elf/lib/mno-hw-mul\libc.a(lib_a-fwalk.o)
                0x0002ec10                _fwalk_reent
                0x0002ecd8                _fwalk
 .text          0x0002ed90       0xec c:/altera/12.1/nios2eds/bin/gnu/h-i686-mingw32/bin/../lib/gcc/nios2-elf/4.1.2/../../../../nios2-elf/lib/mno-hw-mul\libc.a(lib_a-fwrite.o)
                0x0002ed90                _fwrite_r
                0x0002ee3c                fwrite
 .text          0x0002ee7c       0x48 c:/altera/12.1/nios2eds/bin/gnu/h-i686-mingw32/bin/../lib/gcc/nios2-elf/4.1.2/../../../../nios2-elf/lib/mno-hw-mul\libc.a(lib_a-getenv.o)
                0x0002ee7c                getenv
                0x0002eea8                _findenv
 .text          0x0002eec4      0x128 c:/altera/12.1/nios2eds/bin/gnu/h-i686-mingw32/bin/../lib/gcc/nios2-elf/4.1.2/../../../../nios2-elf/lib/mno-hw-mul\libc.a(lib_a-getenv_r.o)
                0x0002eec4                _findenv_r
                0x0002efd0                _getenv_r
 .text          0x0002efec        0x0 c:/altera/12.1/nios2eds/bin/gnu/h-i686-mingw32/bin/../lib/gcc/nios2-elf/4.1.2/../../../../nios2-elf/lib/mno-hw-mul\libc.a(lib_a-impure.o)
 .text          0x0002efec        0x0 c:/altera/12.1/nios2eds/bin/gnu/h-i686-mingw32/bin/../lib/gcc/nios2-elf/4.1.2/../../../../nios2-elf/lib/mno-hw-mul\libc.a(lib_a-int_errno.o)
 .text          0x0002efec      0x194 c:/altera/12.1/nios2eds/bin/gnu/h-i686-mingw32/bin/../lib/gcc/nios2-elf/4.1.2/../../../../nios2-elf/lib/mno-hw-mul\libc.a(lib_a-makebuf.o)
                0x0002efec                __smakebuf_r
 .text          0x0002f180       0x28 c:/altera/12.1/nios2eds/bin/gnu/h-i686-mingw32/bin/../lib/gcc/nios2-elf/4.1.2/../../../../nios2-elf/lib/mno-hw-mul\libc.a(lib_a-malloc.o)
                0x0002f180                free
                0x0002f194                malloc
 .text          0x0002f1a8      0x740 c:/altera/12.1/nios2eds/bin/gnu/h-i686-mingw32/bin/../lib/gcc/nios2-elf/4.1.2/../../../../nios2-elf/lib/mno-hw-mul\libc.a(lib_a-mallocr.o)
                0x0002f1a8                _malloc_r
 .text          0x0002f8e8       0xa0 c:/altera/12.1/nios2eds/bin/gnu/h-i686-mingw32/bin/../lib/gcc/nios2-elf/4.1.2/../../../../nios2-elf/lib/mno-hw-mul\libc.a(lib_a-memcpy.o)
                0x0002f8e8                memcpy
 .text          0x0002f988       0x98 c:/altera/12.1/nios2eds/bin/gnu/h-i686-mingw32/bin/../lib/gcc/nios2-elf/4.1.2/../../../../nios2-elf/lib/mno-hw-mul\libc.a(lib_a-memset.o)
                0x0002f988                memset
 .text          0x0002fa20       0x78 c:/altera/12.1/nios2eds/bin/gnu/h-i686-mingw32/bin/../lib/gcc/nios2-elf/4.1.2/../../../../nios2-elf/lib/mno-hw-mul\libc.a(lib_a-openr.o)
                0x0002fa20                _open_r
 .text          0x0002fa98       0x78 c:/altera/12.1/nios2eds/bin/gnu/h-i686-mingw32/bin/../lib/gcc/nios2-elf/4.1.2/../../../../nios2-elf/lib/mno-hw-mul\libc.a(lib_a-printf.o)
                0x0002fa98                printf
                0x0002fadc                _printf_r
 .text          0x0002fb10       0xb4 c:/altera/12.1/nios2eds/bin/gnu/h-i686-mingw32/bin/../lib/gcc/nios2-elf/4.1.2/../../../../nios2-elf/lib/mno-hw-mul\libc.a(lib_a-puts.o)
                0x0002fb10                _puts_r
                0x0002fbb0                puts
 .text          0x0002fbc4      0x1e0 c:/altera/12.1/nios2eds/bin/gnu/h-i686-mingw32/bin/../lib/gcc/nios2-elf/4.1.2/../../../../nios2-elf/lib/mno-hw-mul\libc.a(lib_a-refill.o)
                0x0002fbc4                __srefill_r
 .text          0x0002fda4       0x4c c:/altera/12.1/nios2eds/bin/gnu/h-i686-mingw32/bin/../lib/gcc/nios2-elf/4.1.2/../../../../nios2-elf/lib/mno-hw-mul\libc.a(lib_a-rewind.o)
                0x0002fda4                _rewind_r
                0x0002fddc                rewind
 .text          0x0002fdf0       0x70 c:/altera/12.1/nios2eds/bin/gnu/h-i686-mingw32/bin/../lib/gcc/nios2-elf/4.1.2/../../../../nios2-elf/lib/mno-hw-mul\libc.a(lib_a-sbrkr.o)
                0x0002fdf0                _sbrk_r
 .text          0x0002fe60       0x7c c:/altera/12.1/nios2eds/bin/gnu/h-i686-mingw32/bin/../lib/gcc/nios2-elf/4.1.2/../../../../nios2-elf/lib/mno-hw-mul\libc.a(lib_a-scanf.o)
                0x0002fe60                _scanf_r
                0x0002fe94                scanf
 .text          0x0002fedc       0xd4 c:/altera/12.1/nios2eds/bin/gnu/h-i686-mingw32/bin/../lib/gcc/nios2-elf/4.1.2/../../../../nios2-elf/lib/mno-hw-mul\libc.a(lib_a-sprintf.o)
                0x0002fedc                sprintf
                0x0002ff50                _sprintf_r
 .text          0x0002ffb0      0x114 c:/altera/12.1/nios2eds/bin/gnu/h-i686-mingw32/bin/../lib/gcc/nios2-elf/4.1.2/../../../../nios2-elf/lib/mno-hw-mul\libc.a(lib_a-sscanf.o)
                0x0002ffb8                _sscanf_r
                0x00030040                sscanf
 .text          0x000300c4      0x14c c:/altera/12.1/nios2eds/bin/gnu/h-i686-mingw32/bin/../lib/gcc/nios2-elf/4.1.2/../../../../nios2-elf/lib/mno-hw-mul\libc.a(lib_a-stdio.o)
                0x000300c4                __sclose
                0x000300cc                __sseek
                0x00030134                __swrite
                0x000301b0                __sread
 .text          0x00030210       0x90 c:/altera/12.1/nios2eds/bin/gnu/h-i686-mingw32/bin/../lib/gcc/nios2-elf/4.1.2/../../../../nios2-elf/lib/mno-hw-mul\libc.a(lib_a-strcat.o)
                0x00030210                strcat
 .text          0x000302a0       0xbc c:/altera/12.1/nios2eds/bin/gnu/h-i686-mingw32/bin/../lib/gcc/nios2-elf/4.1.2/../../../../nios2-elf/lib/mno-hw-mul\libc.a(lib_a-strcmp.o)
                0x000302a0                strcmp
 .text          0x0003035c       0x8c c:/altera/12.1/nios2eds/bin/gnu/h-i686-mingw32/bin/../lib/gcc/nios2-elf/4.1.2/../../../../nios2-elf/lib/mno-hw-mul\libc.a(lib_a-strcpy.o)
                0x0003035c                strcpy
 .text          0x000303e8       0x74 c:/altera/12.1/nios2eds/bin/gnu/h-i686-mingw32/bin/../lib/gcc/nios2-elf/4.1.2/../../../../nios2-elf/lib/mno-hw-mul\libc.a(lib_a-strlen.o)
                0x000303e8                strlen
 .text          0x0003045c       0xf0 c:/altera/12.1/nios2eds/bin/gnu/h-i686-mingw32/bin/../lib/gcc/nios2-elf/4.1.2/../../../../nios2-elf/lib/mno-hw-mul\libc.a(lib_a-strncmp.o)
                0x0003045c                strncmp
 .text          0x0003054c       0xbc c:/altera/12.1/nios2eds/bin/gnu/h-i686-mingw32/bin/../lib/gcc/nios2-elf/4.1.2/../../../../nios2-elf/lib/mno-hw-mul\libc.a(lib_a-strncpy.o)
                0x0003054c                strncpy
 .text          0x00030608       0xd8 c:/altera/12.1/nios2eds/bin/gnu/h-i686-mingw32/bin/../lib/gcc/nios2-elf/4.1.2/../../../../nios2-elf/lib/mno-hw-mul\libc.a(lib_a-tmpfile.o)
                0x00030608                _tmpfile_r
                0x000306d0                tmpfile
 .text          0x000306e0      0x27c c:/altera/12.1/nios2eds/bin/gnu/h-i686-mingw32/bin/../lib/gcc/nios2-elf/4.1.2/../../../../nios2-elf/lib/mno-hw-mul\libc.a(lib_a-tmpnam.o)
                0x000307b8                _tempnam_r
                0x00030894                tempnam
                0x000308b0                _tmpnam_r
                0x00030948                tmpnam
 .text          0x0003095c     0x1f40 c:/altera/12.1/nios2eds/bin/gnu/h-i686-mingw32/bin/../lib/gcc/nios2-elf/4.1.2/../../../../nios2-elf/lib/mno-hw-mul\libc.a(lib_a-vfprintf.o)
                0x000309b4                ___vfprintf_internal_r
                0x00032878                __vfprintf_internal
 .text          0x0003289c     0x1788 c:/altera/12.1/nios2eds/bin/gnu/h-i686-mingw32/bin/../lib/gcc/nios2-elf/4.1.2/../../../../nios2-elf/lib/mno-hw-mul\libc.a(lib_a-vfscanf.o)
                0x0003289c                __svfscanf_r
                0x00033f24                __svfscanf
                0x00033f48                _vfscanf_r
                0x00033fb0                vfscanf
 .text          0x00034024       0x78 c:/altera/12.1/nios2eds/bin/gnu/h-i686-mingw32/bin/../lib/gcc/nios2-elf/4.1.2/../../../../nios2-elf/lib/mno-hw-mul\libc.a(lib_a-writer.o)
                0x00034024                _write_r
 .text          0x0003409c      0x13c c:/altera/12.1/nios2eds/bin/gnu/h-i686-mingw32/bin/../lib/gcc/nios2-elf/4.1.2/../../../../nios2-elf/lib/mno-hw-mul\libc.a(lib_a-wsetup.o)
                0x0003409c                __swsetup_r
 .text          0x000341d8      0x1b4 c:/altera/12.1/nios2eds/bin/gnu/h-i686-mingw32/bin/../lib/gcc/nios2-elf/4.1.2/../../../../nios2-elf/lib/mno-hw-mul\libc.a(lib_a-__call_atexit.o)
                0x000341dc                __call_exitprocs
 .text          0x0003438c       0x70 c:/altera/12.1/nios2eds/bin/gnu/h-i686-mingw32/bin/../lib/gcc/nios2-elf/4.1.2/../../../../nios2-elf/lib/mno-hw-mul\libc.a(lib_a-closer.o)
                0x0003438c                _close_r
 .text          0x000343fc     0x17f8 c:/altera/12.1/nios2eds/bin/gnu/h-i686-mingw32/bin/../lib/gcc/nios2-elf/4.1.2/../../../../nios2-elf/lib/mno-hw-mul\libc.a(lib_a-dtoa.o)
                0x00034640                _dtoa_r
 .text          0x00035bf4        0x0 c:/altera/12.1/nios2eds/bin/gnu/h-i686-mingw32/bin/../lib/gcc/nios2-elf/4.1.2/../../../../nios2-elf/lib/mno-hw-mul\libc.a(lib_a-environ.o)
 .text          0x00035bf4       0xbc c:/altera/12.1/nios2eds/bin/gnu/h-i686-mingw32/bin/../lib/gcc/nios2-elf/4.1.2/../../../../nios2-elf/lib/mno-hw-mul\libc.a(lib_a-fdopen.o)
                0x00035bf4                _fdopen_r
                0x00035c94                fdopen
 .text          0x00035cb0       0xa0 c:/altera/12.1/nios2eds/bin/gnu/h-i686-mingw32/bin/../lib/gcc/nios2-elf/4.1.2/../../../../nios2-elf/lib/mno-hw-mul\libc.a(lib_a-flags.o)
                0x00035cb0                __sflags
 .text          0x00035d50      0x49c c:/altera/12.1/nios2eds/bin/gnu/h-i686-mingw32/bin/../lib/gcc/nios2-elf/4.1.2/../../../../nios2-elf/lib/mno-hw-mul\libc.a(lib_a-fvwrite.o)
                0x00035d50                __sfvwrite_r
 .text          0x000361ec       0x70 c:/altera/12.1/nios2eds/bin/gnu/h-i686-mingw32/bin/../lib/gcc/nios2-elf/4.1.2/../../../../nios2-elf/lib/mno-hw-mul\libc.a(lib_a-isattyr.o)
                0x000361ec                _isatty_r
 .text          0x0003625c       0x2c c:/altera/12.1/nios2eds/bin/gnu/h-i686-mingw32/bin/../lib/gcc/nios2-elf/4.1.2/../../../../nios2-elf/lib/mno-hw-mul\libc.a(lib_a-iswspace.o)
                0x0003625c                iswspace
 .text          0x00036288       0xc4 c:/altera/12.1/nios2eds/bin/gnu/h-i686-mingw32/bin/../lib/gcc/nios2-elf/4.1.2/../../../../nios2-elf/lib/mno-hw-mul\libc.a(lib_a-locale.o)
                0x00036288                __locale_charset
                0x00036290                _localeconv_r
                0x0003629c                localeconv
                0x000362ac                _setlocale_r
                0x00036330                setlocale
 .text          0x0003634c       0x78 c:/altera/12.1/nios2eds/bin/gnu/h-i686-mingw32/bin/../lib/gcc/nios2-elf/4.1.2/../../../../nios2-elf/lib/mno-hw-mul\libc.a(lib_a-lseekr.o)
                0x0003634c                _lseek_r
 .text          0x000363c4       0xc0 c:/altera/12.1/nios2eds/bin/gnu/h-i686-mingw32/bin/../lib/gcc/nios2-elf/4.1.2/../../../../nios2-elf/lib/mno-hw-mul\libc.a(lib_a-mbrtowc.o)
                0x000363c4                _mbrtowc_r
                0x00036444                mbrtowc
 .text          0x00036484       0x40 c:/altera/12.1/nios2eds/bin/gnu/h-i686-mingw32/bin/../lib/gcc/nios2-elf/4.1.2/../../../../nios2-elf/lib/mno-hw-mul\libc.a(lib_a-mbtowc_r.o)
                0x00036484                _mbtowc_r
 .text          0x000364c4       0xe4 c:/altera/12.1/nios2eds/bin/gnu/h-i686-mingw32/bin/../lib/gcc/nios2-elf/4.1.2/../../../../nios2-elf/lib/mno-hw-mul\libc.a(lib_a-memchr.o)
                0x000364c4                memchr
 .text          0x000365a8       0xe0 c:/altera/12.1/nios2eds/bin/gnu/h-i686-mingw32/bin/../lib/gcc/nios2-elf/4.1.2/../../../../nios2-elf/lib/mno-hw-mul\libc.a(lib_a-memmove.o)
                0x000365a8                memmove
 .text          0x00036688     0x108c c:/altera/12.1/nios2eds/bin/gnu/h-i686-mingw32/bin/../lib/gcc/nios2-elf/4.1.2/../../../../nios2-elf/lib/mno-hw-mul\libc.a(lib_a-mprec.o)
                0x00036688                _Bfree
                0x000366b0                __hi0bits
                0x00036720                __lo0bits
                0x000367e4                __mcmp
                0x00036844                __ulp
                0x000368c4                __b2d
                0x000369e4                __ratio
                0x00036a94                _mprec_log10
                0x00036b28                __copybits
                0x00036b80                __any_on
                0x00036c08                _Balloc
                0x00036cc4                __d2b
                0x00036e40                __mdiff
                0x00036fcc                __lshift
                0x00037118                __multiply
                0x0003736c                __i2b
                0x000373a8                __multadd
                0x000374d4                __pow5mult
                0x000375f4                __s2b
 .text          0x00037714       0x78 c:/altera/12.1/nios2eds/bin/gnu/h-i686-mingw32/bin/../lib/gcc/nios2-elf/4.1.2/../../../../nios2-elf/lib/mno-hw-mul\libc.a(lib_a-readr.o)
                0x00037714                _read_r
 .text          0x0003778c      0x5f4 c:/altera/12.1/nios2eds/bin/gnu/h-i686-mingw32/bin/../lib/gcc/nios2-elf/4.1.2/../../../../nios2-elf/lib/mno-hw-mul\libc.a(lib_a-reallocr.o)
                0x0003778c                _realloc_r
 .text          0x00037d80       0x40 c:/altera/12.1/nios2eds/bin/gnu/h-i686-mingw32/bin/../lib/gcc/nios2-elf/4.1.2/../../../../nios2-elf/lib/mno-hw-mul\libc.a(lib_a-remove.o)
                0x00037d80                _remove_r
                0x00037dac                remove
 .text          0x00037dc0       0x40 c:/altera/12.1/nios2eds/bin/gnu/h-i686-mingw32/bin/../lib/gcc/nios2-elf/4.1.2/../../../../nios2-elf/lib/mno-hw-mul\libc.a(lib_a-s_isinfd.o)
                0x00037dc0                __isinfd
 .text          0x00037e00       0x30 c:/altera/12.1/nios2eds/bin/gnu/h-i686-mingw32/bin/../lib/gcc/nios2-elf/4.1.2/../../../../nios2-elf/lib/mno-hw-mul\libc.a(lib_a-s_isnand.o)
                0x00037e00                __isnand
 .text          0x00037e30       0xc0 c:/altera/12.1/nios2eds/bin/gnu/h-i686-mingw32/bin/../lib/gcc/nios2-elf/4.1.2/../../../../nios2-elf/lib/mno-hw-mul\libc.a(lib_a-sccl.o)
                0x00037e30                __sccl
 .text          0x00037ef0        0x8 c:/altera/12.1/nios2eds/bin/gnu/h-i686-mingw32/bin/../lib/gcc/nios2-elf/4.1.2/../../../../nios2-elf/lib/mno-hw-mul\libc.a(lib_a-sf_nan.o)
                0x00037ef0                nanf
 .text          0x00037ef8       0x78 c:/altera/12.1/nios2eds/bin/gnu/h-i686-mingw32/bin/../lib/gcc/nios2-elf/4.1.2/../../../../nios2-elf/lib/mno-hw-mul\libc.a(lib_a-signalr.o)
                0x00037ef8                _getpid_r
                0x00037efc                _kill_r
 .text          0x00037f70     0x1754 c:/altera/12.1/nios2eds/bin/gnu/h-i686-mingw32/bin/../lib/gcc/nios2-elf/4.1.2/../../../../nios2-elf/lib/mno-hw-mul\libc.a(lib_a-strtod.o)
                0x00037fb8                _strtod_r
                0x00039584                strtof
                0x000396a8                strtod
 .text          0x000396c4      0x274 c:/altera/12.1/nios2eds/bin/gnu/h-i686-mingw32/bin/../lib/gcc/nios2-elf/4.1.2/../../../../nios2-elf/lib/mno-hw-mul\libc.a(lib_a-strtol.o)
                0x000396c4                _strtol_r
                0x00039914                strtol
 .text          0x00039938      0x318 c:/altera/12.1/nios2eds/bin/gnu/h-i686-mingw32/bin/../lib/gcc/nios2-elf/4.1.2/../../../../nios2-elf/lib/mno-hw-mul\libc.a(lib_a-strtoll_r.o)
                0x00039938                _strtoll_r
 .text          0x00039c50      0x264 c:/altera/12.1/nios2eds/bin/gnu/h-i686-mingw32/bin/../lib/gcc/nios2-elf/4.1.2/../../../../nios2-elf/lib/mno-hw-mul\libc.a(lib_a-strtoul.o)
                0x00039c50                _strtoul_r
                0x00039e90                strtoul
 .text          0x00039eb4      0x2f0 c:/altera/12.1/nios2eds/bin/gnu/h-i686-mingw32/bin/../lib/gcc/nios2-elf/4.1.2/../../../../nios2-elf/lib/mno-hw-mul\libc.a(lib_a-strtoull_r.o)
                0x00039eb4                _strtoull_r
 .text          0x0003a1a4      0x294 c:/altera/12.1/nios2eds/bin/gnu/h-i686-mingw32/bin/../lib/gcc/nios2-elf/4.1.2/../../../../nios2-elf/lib/mno-hw-mul\libc.a(lib_a-ungetc.o)
                0x0003a1a4                __submore
                0x0003a280                _ungetc_r
                0x0003a41c                ungetc
 .text          0x0003a438       0x70 c:/altera/12.1/nios2eds/bin/gnu/h-i686-mingw32/bin/../lib/gcc/nios2-elf/4.1.2/../../../../nios2-elf/lib/mno-hw-mul\libc.a(lib_a-unlinkr.o)
                0x0003a438                _unlink_r
 .text          0x0003a4a8       0xc8 c:/altera/12.1/nios2eds/bin/gnu/h-i686-mingw32/bin/../lib/gcc/nios2-elf/4.1.2/../../../../nios2-elf/lib/mno-hw-mul\libc.a(lib_a-callocr.o)
                0x0003a4a8                _calloc_r
 .text          0x0003a570      0x938 c:/altera/12.1/nios2eds/bin/gnu/h-i686-mingw32/bin/../lib/gcc/nios2-elf/4.1.2/../../../../nios2-elf/lib/mno-hw-mul\libc.a(lib_a-gdtoa-gethex.o)
                0x0003a594                __hexdig_init
                0x0003a6ac                __gethex
 .text          0x0003aea8      0x294 c:/altera/12.1/nios2eds/bin/gnu/h-i686-mingw32/bin/../lib/gcc/nios2-elf/4.1.2/../../../../nios2-elf/lib/mno-hw-mul\libc.a(lib_a-gdtoa-hexnan.o)
                0x0003aef4                __hexnan
 .text          0x0003b13c       0xa4 c:/altera/12.1/nios2eds/bin/gnu/h-i686-mingw32/bin/../lib/gcc/nios2-elf/4.1.2/mno-hw-mul\libgcc.a(_fixunsdfsi.o)
                0x0003b13c                __fixunsdfsi
 .text          0x0003b1e0      0x66c c:/altera/12.1/nios2eds/bin/gnu/h-i686-mingw32/bin/../lib/gcc/nios2-elf/4.1.2/mno-hw-mul\libgcc.a(_udivdi3.o)
                0x0003b1e0                __udivdi3
 .text          0x0003b84c      0x660 c:/altera/12.1/nios2eds/bin/gnu/h-i686-mingw32/bin/../lib/gcc/nios2-elf/4.1.2/mno-hw-mul\libgcc.a(_umoddi3.o)
                0x0003b84c                __umoddi3
 .text          0x0003beac       0x78 c:/altera/12.1/nios2eds/bin/gnu/h-i686-mingw32/bin/../lib/gcc/nios2-elf/4.1.2/mno-hw-mul\libgcc.a(_ne_sf.o)
                0x0003beac                __nesf2
 .text          0x0003bf24       0x78 c:/altera/12.1/nios2eds/bin/gnu/h-i686-mingw32/bin/../lib/gcc/nios2-elf/4.1.2/mno-hw-mul\libgcc.a(_gt_sf.o)
                0x0003bf24                __gtsf2
 .text          0x0003bf9c       0x78 c:/altera/12.1/nios2eds/bin/gnu/h-i686-mingw32/bin/../lib/gcc/nios2-elf/4.1.2/mno-hw-mul\libgcc.a(_lt_sf.o)
                0x0003bf9c                __ltsf2
 .text          0x0003c014      0x504 c:/altera/12.1/nios2eds/bin/gnu/h-i686-mingw32/bin/../lib/gcc/nios2-elf/4.1.2/mno-hw-mul\libgcc.a(_addsub_df.o)
                0x0003c424                __subdf3
                0x0003c4a4                __adddf3
 .text          0x0003c518       0x88 c:/altera/12.1/nios2eds/bin/gnu/h-i686-mingw32/bin/../lib/gcc/nios2-elf/4.1.2/mno-hw-mul\libgcc.a(_eq_df.o)
                0x0003c518                __eqdf2
 .text          0x0003c5a0       0x88 c:/altera/12.1/nios2eds/bin/gnu/h-i686-mingw32/bin/../lib/gcc/nios2-elf/4.1.2/mno-hw-mul\libgcc.a(_ne_df.o)
                0x0003c5a0                __nedf2
 .text          0x0003c628       0x88 c:/altera/12.1/nios2eds/bin/gnu/h-i686-mingw32/bin/../lib/gcc/nios2-elf/4.1.2/mno-hw-mul\libgcc.a(_gt_df.o)
                0x0003c628                __gtdf2
 .text          0x0003c6b0       0x88 c:/altera/12.1/nios2eds/bin/gnu/h-i686-mingw32/bin/../lib/gcc/nios2-elf/4.1.2/mno-hw-mul\libgcc.a(_ge_df.o)
                0x0003c6b0                __gedf2
 .text          0x0003c738       0x88 c:/altera/12.1/nios2eds/bin/gnu/h-i686-mingw32/bin/../lib/gcc/nios2-elf/4.1.2/mno-hw-mul\libgcc.a(_lt_df.o)
                0x0003c738                __ltdf2
 .text          0x0003c7c0       0x88 c:/altera/12.1/nios2eds/bin/gnu/h-i686-mingw32/bin/../lib/gcc/nios2-elf/4.1.2/mno-hw-mul\libgcc.a(_le_df.o)
                0x0003c7c0                __ledf2
 .text          0x0003c848       0xf8 c:/altera/12.1/nios2eds/bin/gnu/h-i686-mingw32/bin/../lib/gcc/nios2-elf/4.1.2/mno-hw-mul\libgcc.a(_si_to_df.o)
                0x0003c848                __floatsidf
 .text          0x0003c940       0xd8 c:/altera/12.1/nios2eds/bin/gnu/h-i686-mingw32/bin/../lib/gcc/nios2-elf/4.1.2/mno-hw-mul\libgcc.a(_df_to_si.o)
                0x0003c940                __fixdfsi
 .text          0x0003ca18       0xa8 c:/altera/12.1/nios2eds/bin/gnu/h-i686-mingw32/bin/../lib/gcc/nios2-elf/4.1.2/mno-hw-mul\libgcc.a(_fpcmp_parts_sf.o)
                0x0003ca18                __fpcmp_parts_f
 .text          0x0003cac0       0xc8 c:/altera/12.1/nios2eds/bin/gnu/h-i686-mingw32/bin/../lib/gcc/nios2-elf/4.1.2/mno-hw-mul\libgcc.a(_fpcmp_parts_df.o)
                0x0003cac0                __fpcmp_parts_d
 .text          0x0003cb88      0x160 ../JPEG_Encoder_bsp/\libhal_bsp.a(alt_close.o)
                0x0003cb88                close
 .text          0x0003cce8       0x2c ../JPEG_Encoder_bsp/\libhal_bsp.a(alt_dev.o)
 .text          0x0003cd14       0x40 ../JPEG_Encoder_bsp/\libhal_bsp.a(alt_env_lock.o)
                0x0003cd14                __env_lock
                0x0003cd34                __env_unlock
 .text          0x0003cd54        0x0 ../JPEG_Encoder_bsp/\libhal_bsp.a(alt_errno.o)
 .text          0x0003cd54       0x60 ../JPEG_Encoder_bsp/\libhal_bsp.a(alt_exit.o)
                0x0003cd94                _exit
 .text          0x0003cdb4      0x138 ../JPEG_Encoder_bsp/\libhal_bsp.a(alt_fstat.o)
                0x0003cdb4                fstat
 .text          0x0003ceec       0x20 ../JPEG_Encoder_bsp/\libhal_bsp.a(alt_getpid.o)
                0x0003ceec                getpid
 .text          0x0003cf0c      0x124 ../JPEG_Encoder_bsp/\libhal_bsp.a(alt_isatty.o)
                0x0003cf0c                isatty
 .text          0x0003d030      0x1a0 ../JPEG_Encoder_bsp/\libhal_bsp.a(alt_kill.o)
                0x0003d030                kill
 .text          0x0003d1d0       0xec ../JPEG_Encoder_bsp/\libhal_bsp.a(alt_load.o)
                0x0003d1d0                alt_load
 .text          0x0003d2bc      0x154 ../JPEG_Encoder_bsp/\libhal_bsp.a(alt_lseek.o)
                0x0003d2bc                lseek
 .text          0x0003d410       0x6c ../JPEG_Encoder_bsp/\libhal_bsp.a(alt_main.o)
                0x0003d410                alt_main
 .text          0x0003d47c       0x40 ../JPEG_Encoder_bsp/\libhal_bsp.a(alt_malloc_lock.o)
                0x0003d47c                __malloc_lock
                0x0003d49c                __malloc_unlock
 .text          0x0003d4bc      0x2e4 ../JPEG_Encoder_bsp/\libhal_bsp.a(alt_open.o)
                0x0003d5b4                open
 .text          0x0003d7a0      0x184 ../JPEG_Encoder_bsp/\libhal_bsp.a(alt_read.o)
                0x0003d7a0                read
 .text          0x0003d924       0x78 ../JPEG_Encoder_bsp/\libhal_bsp.a(alt_release_fd.o)
                0x0003d924                alt_release_fd
 .text          0x0003d99c       0xbc ../JPEG_Encoder_bsp/\libhal_bsp.a(alt_sbrk.o)
                0x0003d99c                sbrk
 .text          0x0003da58       0x9c ../JPEG_Encoder_bsp/\libhal_bsp.a(alt_unlink.o)
                0x0003da58                unlink
 .text          0x0003daf4      0x184 ../JPEG_Encoder_bsp/\libhal_bsp.a(alt_write.o)
                0x0003daf4                write
 .text          0x0003dc78       0xd0 ../JPEG_Encoder_bsp/\libhal_bsp.a(alt_sys_init.o)
                0x0003dc78                alt_irq_init
                0x0003dcac                alt_sys_init
 .text          0x0003dd48      0x148 ../JPEG_Encoder_bsp/\libhal_bsp.a(altera_avalon_jtag_uart_fd.o)
                0x0003dd48                altera_avalon_jtag_uart_read_fd
                0x0003dda0                altera_avalon_jtag_uart_write_fd
                0x0003ddf8                altera_avalon_jtag_uart_close_fd
                0x0003de40                altera_avalon_jtag_uart_ioctl_fd
 .text          0x0003de90      0x40c ../JPEG_Encoder_bsp/\libhal_bsp.a(altera_avalon_jtag_uart_init.o)
                0x0003de90                altera_avalon_jtag_uart_init
                0x0003e228                altera_avalon_jtag_uart_close
 .text          0x0003e29c       0xf4 ../JPEG_Encoder_bsp/\libhal_bsp.a(altera_avalon_jtag_uart_ioctl.o)
                0x0003e29c                altera_avalon_jtag_uart_ioctl
 .text          0x0003e390      0x224 ../JPEG_Encoder_bsp/\libhal_bsp.a(altera_avalon_jtag_uart_read.o)
                0x0003e390                altera_avalon_jtag_uart_read
 .text          0x0003e5b4      0x240 ../JPEG_Encoder_bsp/\libhal_bsp.a(altera_avalon_jtag_uart_write.o)
                0x0003e5b4                altera_avalon_jtag_uart_write
 .text          0x0003e7f4      0x100 ../JPEG_Encoder_bsp/\libhal_bsp.a(altera_avalon_timer_sc.o)
                0x0003e864                alt_avalon_timer_sc_init
 .text          0x0003e8f4      0x5a0 ../JPEG_Encoder_bsp/\libhal_bsp.a(altera_hostfs.o)
                0x0003e8f4                alt_hostfs_open
                0x0003ea48                alt_hostfs_close
                0x0003ea9c                alt_hostfs_read
                0x0003eb3c                alt_hostfs_write
                0x0003ebdc                alt_hostfs_seek
                0x0003ec7c                alt_hostfs_fstat
 .text          0x0003ee94      0x154 ../JPEG_Encoder_bsp/\libhal_bsp.a(alt_alarm_start.o)
                0x0003ee94                alt_alarm_start
 .text          0x0003efe8       0x1c ../JPEG_Encoder_bsp/\libhal_bsp.a(alt_dcache_flush_all.o)
                0x0003efe8                alt_dcache_flush_all
 .text          0x0003f004      0x114 ../JPEG_Encoder_bsp/\libhal_bsp.a(alt_dev_llist_insert.o)
                0x0003f004                alt_dev_llist_insert
 .text          0x0003f118       0x64 ../JPEG_Encoder_bsp/\libhal_bsp.a(alt_do_ctors.o)
                0x0003f118                _do_ctors
 .text          0x0003f17c       0x64 ../JPEG_Encoder_bsp/\libhal_bsp.a(alt_do_dtors.o)
                0x0003f17c                _do_dtors
 .text          0x0003f1e0       0x94 ../JPEG_Encoder_bsp/\libhal_bsp.a(alt_find_dev.o)
                0x0003f1e0                alt_find_dev
 .text          0x0003f274      0x120 ../JPEG_Encoder_bsp/\libhal_bsp.a(alt_find_file.o)
                0x0003f274                alt_find_file
 .text          0x0003f394       0x90 ../JPEG_Encoder_bsp/\libhal_bsp.a(alt_fs_reg.o)
                0x0003f394                alt_fs_reg
 .text          0x0003f424       0xd0 ../JPEG_Encoder_bsp/\libhal_bsp.a(alt_get_fd.o)
                0x0003f424                alt_get_fd
 .text          0x0003f4f4       0x30 ../JPEG_Encoder_bsp/\libhal_bsp.a(alt_icache_flush_all.o)
                0x0003f4f4                alt_icache_flush_all
 .text          0x0003f524      0x1d4 ../JPEG_Encoder_bsp/\libhal_bsp.a(alt_iic.o)
                0x0003f524                alt_ic_isr_register
                0x0003f574                alt_ic_irq_enable
                0x0003f610                alt_ic_irq_disable
                0x0003f6b0                alt_ic_irq_enabled
 .text          0x0003f6f8       0xf8 ../JPEG_Encoder_bsp/\libhal_bsp.a(alt_iic_isr_register.o)
                0x0003f6f8                alt_iic_isr_register
 .text          0x0003f7f0      0x150 ../JPEG_Encoder_bsp/\libhal_bsp.a(alt_io_redirect.o)
                0x0003f8c8                alt_io_redirect
 .text          0x0003f940        0x0 ../JPEG_Encoder_bsp/\libhal_bsp.a(alt_irq_entry.o)
 .text          0x0003f940        0x0 ../JPEG_Encoder_bsp/\libhal_bsp.a(alt_irq_handler.o)
 .text          0x0003f940        0x0 ../JPEG_Encoder_bsp/\libhal_bsp.a(alt_irq_vars.o)
 .text          0x0003f940      0x1a4 ../JPEG_Encoder_bsp/\libhal_bsp.a(alt_tick.o)
                0x0003f940                alt_alarm_stop
                0x0003f9d8                alt_tick
 .text          0x0003fae4       0x20 ../JPEG_Encoder_bsp/\libhal_bsp.a(altera_nios2_qsys_irq.o)
                0x0003fae4                altera_nios2_qsys_irq_init
 .text          0x0003fb04        0x0 ../JPEG_Encoder_bsp/\libhal_bsp.a(alt_exception_entry.o)
 .text          0x0003fb04       0x90 ../JPEG_Encoder_bsp/\libhal_bsp.a(alt_icache_flush.o)
                0x0003fb04                alt_icache_flush
 .text          0x0003fb94       0x14 c:/altera/12.1/nios2eds/bin/gnu/h-i686-mingw32/bin/../lib/gcc/nios2-elf/4.1.2/../../../../nios2-elf/lib/mno-hw-mul\libc.a(lib_a-atexit.o)
                0x0003fb94                atexit
 .text          0x0003fba8       0x74 c:/altera/12.1/nios2eds/bin/gnu/h-i686-mingw32/bin/../lib/gcc/nios2-elf/4.1.2/../../../../nios2-elf/lib/mno-hw-mul\libc.a(lib_a-memcmp.o)
                0x0003fba8                memcmp
 .text          0x0003fc1c      0x134 c:/altera/12.1/nios2eds/bin/gnu/h-i686-mingw32/bin/../lib/gcc/nios2-elf/4.1.2/../../../../nios2-elf/lib/mno-hw-mul\libc.a(lib_a-__atexit.o)
                0x0003fc1c                __register_exitproc
 *(.gnu.warning.*)
 *(.fini)
                0x0003fd50                PROVIDE (__etext, ABSOLUTE (.))
                0x0003fd50                PROVIDE (_etext, ABSOLUTE (.))
                0x0003fd50                PROVIDE (etext, ABSOLUTE (.))
 *(.eh_frame_hdr)
                0x0003fd50                . = ALIGN (0x4)
                0x0003fd50                PROVIDE (__preinit_array_start, ABSOLUTE (.))
 *(.preinit_array)
                0x0003fd50                PROVIDE (__preinit_array_end, ABSOLUTE (.))
                0x0003fd50                PROVIDE (__init_array_start, ABSOLUTE (.))
 *(.init_array)
                0x0003fd50                PROVIDE (__init_array_end, ABSOLUTE (.))
                0x0003fd50                PROVIDE (__fini_array_start, ABSOLUTE (.))
 *(.fini_array)
                0x0003fd50                PROVIDE (__fini_array_end, ABSOLUTE (.))
 *(.eh_frame)
 *(.gcc_except_table)
 *(.dynamic)
                0x0003fd50                PROVIDE (__CTOR_LIST__, ABSOLUTE (.))
 *(.ctors)
 *(SORT(.ctors.*))
 .ctors.65535   0x0003fd50        0x4 c:/altera/12.1/nios2eds/bin/gnu/h-i686-mingw32/bin/../lib/gcc/nios2-elf/4.1.2/../../../../nios2-elf/lib/mno-hw-mul\libc.a(lib_a-__call_atexit.o)
                0x0003fd54                PROVIDE (__CTOR_END__, ABSOLUTE (.))
                0x0003fd54                PROVIDE (__DTOR_LIST__, ABSOLUTE (.))
 *(.dtors)
 *(SORT(.dtors.*))
                0x0003fd54                PROVIDE (__DTOR_END__, ABSOLUTE (.))
 *(.jcr)
                0x0003fd54                . = ALIGN (0x4)

.rodata         0x0003fd54     0x2920
                0x0003fd54                PROVIDE (__ram_rodata_start, ABSOLUTE (.))
                0x0003fd54                . = ALIGN (0x4)
 *(.rodata .rodata.* .gnu.linkonce.r.*)
 .rodata        0x0003fd54       0xc0 obj/default/application/bmp_extract.o
 .rodata        0x0003fe14       0x14 obj/default/application/jpeg_encoding.o
 .rodata        0x0003fe28      0x1c8 obj/default/application/jpegclib/jaricom.o
                0x0003fe28                jpeg_aritab
 .rodata        0x0003fff0       0xc0 obj/default/application/jpegclib/jcdctmgr.o
 .rodata        0x000400b0      0x3a0 obj/default/application/jpegclib/jcparam.o
 .rodata        0x00040450     0x1514 obj/default/application/jpegclib/jerror.o
                0x00041760                jpeg_std_message_table
 .rodata        0x00041964        0x4 obj/default/application/jpegclib/jmemansi.o
 .rodata        0x00041968       0x10 obj/default/application/jpegclib/jmemmgr.o
 .rodata        0x00041978      0x10c obj/default/application/jpegclib/jquant1.o
 .rodata        0x00041a84      0x4ec obj/default/application/jpegclib/jutils.o
                0x00041a84                jpeg_natural_order
                0x00041bc4                jpeg_natural_order7
                0x00041cc8                jpeg_natural_order6
                0x00041d98                jpeg_natural_order5
                0x00041e3c                jpeg_natural_order4
                0x00041ebc                jpeg_natural_order3
                0x00041f20                jpeg_natural_order2
 .rodata        0x00041f70       0x88 obj/default/jpeg_encoder.o
 .rodata        0x00041ff8       0x10 c:/altera/12.1/nios2eds/bin/gnu/h-i686-mingw32/bin/../lib/gcc/nios2-elf/4.1.2/mno-hw-mul\libgcc.a(_thenan_sf.o)
                0x00041ff8                __thenan_sf
 .rodata        0x00042008       0x14 c:/altera/12.1/nios2eds/bin/gnu/h-i686-mingw32/bin/../lib/gcc/nios2-elf/4.1.2/mno-hw-mul\libgcc.a(_thenan_df.o)
                0x00042008                __thenan_df
 .rodata        0x0004201c      0x100 c:/altera/12.1/nios2eds/bin/gnu/h-i686-mingw32/bin/../lib/gcc/nios2-elf/4.1.2/mno-hw-mul\libgcc.a(_clz.o)
                0x0004201c                __clz_tab
 .rodata        0x0004211c      0x281 c:/altera/12.1/nios2eds/bin/gnu/h-i686-mingw32/bin/../lib/gcc/nios2-elf/4.1.2/../../../../nios2-elf/lib/mno-hw-mul\libc.a(lib_a-ctype_.o)
                0x0004211c                _ctype_
 *fill*         0x0004239d        0x3 00
 .rodata.str1.4
                0x000423a0        0x2 c:/altera/12.1/nios2eds/bin/gnu/h-i686-mingw32/bin/../lib/gcc/nios2-elf/4.1.2/../../../../nios2-elf/lib/mno-hw-mul\libc.a(lib_a-impure.o)
                                  0x4 (size before relaxing)
 *fill*         0x000423a2        0x2 00
 .rodata.str1.4
                0x000423a4        0x2 c:/altera/12.1/nios2eds/bin/gnu/h-i686-mingw32/bin/../lib/gcc/nios2-elf/4.1.2/../../../../nios2-elf/lib/mno-hw-mul\libc.a(lib_a-puts.o)
                                  0x4 (size before relaxing)
 *fill*         0x000423a6        0x2 00
 .rodata.str1.4
                0x000423a8        0x4 c:/altera/12.1/nios2eds/bin/gnu/h-i686-mingw32/bin/../lib/gcc/nios2-elf/4.1.2/../../../../nios2-elf/lib/mno-hw-mul\libc.a(lib_a-tmpfile.o)
 .rodata.str1.4
                0x000423ac       0x1e c:/altera/12.1/nios2eds/bin/gnu/h-i686-mingw32/bin/../lib/gcc/nios2-elf/4.1.2/../../../../nios2-elf/lib/mno-hw-mul\libc.a(lib_a-tmpnam.o)
                                 0x24 (size before relaxing)
 *fill*         0x000423ca        0x2 00
 .rodata.str1.4
                0x000423cc       0x5e c:/altera/12.1/nios2eds/bin/gnu/h-i686-mingw32/bin/../lib/gcc/nios2-elf/4.1.2/../../../../nios2-elf/lib/mno-hw-mul\libc.a(lib_a-vfprintf.o)
                                 0x60 (size before relaxing)
 .rodata        0x0004242a       0x20 c:/altera/12.1/nios2eds/bin/gnu/h-i686-mingw32/bin/../lib/gcc/nios2-elf/4.1.2/../../../../nios2-elf/lib/mno-hw-mul\libc.a(lib_a-vfprintf.o)
 *fill*         0x0004244a        0x2 00
 .rodata.str1.4
                0x0004244c        0x5 c:/altera/12.1/nios2eds/bin/gnu/h-i686-mingw32/bin/../lib/gcc/nios2-elf/4.1.2/../../../../nios2-elf/lib/mno-hw-mul\libc.a(lib_a-vfscanf.o)
                                  0x8 (size before relaxing)
 *fill*         0x00042451        0x1 00
 .rodata        0x00042452       0x22 c:/altera/12.1/nios2eds/bin/gnu/h-i686-mingw32/bin/../lib/gcc/nios2-elf/4.1.2/../../../../nios2-elf/lib/mno-hw-mul\libc.a(lib_a-vfscanf.o)
 .rodata.str1.4
                0x00042474       0x10 c:/altera/12.1/nios2eds/bin/gnu/h-i686-mingw32/bin/../lib/gcc/nios2-elf/4.1.2/../../../../nios2-elf/lib/mno-hw-mul\libc.a(lib_a-dtoa.o)
                                 0x14 (size before relaxing)
 .rodata.str1.4
                0x00042484        0xf c:/altera/12.1/nios2eds/bin/gnu/h-i686-mingw32/bin/../lib/gcc/nios2-elf/4.1.2/../../../../nios2-elf/lib/mno-hw-mul\libc.a(lib_a-locale.o)
                                 0x18 (size before relaxing)
 *fill*         0x00042493        0x1 00
 .rodata        0x00042494       0x30 c:/altera/12.1/nios2eds/bin/gnu/h-i686-mingw32/bin/../lib/gcc/nios2-elf/4.1.2/../../../../nios2-elf/lib/mno-hw-mul\libc.a(lib_a-locale.o)
 .rodata.str1.4
                0x00000000        0x4 c:/altera/12.1/nios2eds/bin/gnu/h-i686-mingw32/bin/../lib/gcc/nios2-elf/4.1.2/../../../../nios2-elf/lib/mno-hw-mul\libc.a(lib_a-mbrtowc.o)
 .rodata        0x000424c4      0x124 c:/altera/12.1/nios2eds/bin/gnu/h-i686-mingw32/bin/../lib/gcc/nios2-elf/4.1.2/../../../../nios2-elf/lib/mno-hw-mul\libc.a(lib_a-mprec.o)
                0x000424c4                __mprec_tens
                0x0004258c                __mprec_bigtens
                0x000425b4                __mprec_tinytens
 .rodata.str1.4
                0x000425e8        0xf c:/altera/12.1/nios2eds/bin/gnu/h-i686-mingw32/bin/../lib/gcc/nios2-elf/4.1.2/../../../../nios2-elf/lib/mno-hw-mul\libc.a(lib_a-strtod.o)
                                 0x10 (size before relaxing)
 *fill*         0x000425f7        0x1 00
 .rodata        0x000425f8       0x28 c:/altera/12.1/nios2eds/bin/gnu/h-i686-mingw32/bin/../lib/gcc/nios2-elf/4.1.2/../../../../nios2-elf/lib/mno-hw-mul\libc.a(lib_a-strtod.o)
 .rodata.str1.4
                0x00042620       0x1c c:/altera/12.1/nios2eds/bin/gnu/h-i686-mingw32/bin/../lib/gcc/nios2-elf/4.1.2/../../../../nios2-elf/lib/mno-hw-mul\libc.a(lib_a-gdtoa-gethex.o)
 .rodata        0x0004263c        0xc ../JPEG_Encoder_bsp/\libhal_bsp.a(alt_dev.o)
 .rodata        0x00042648       0x10 ../JPEG_Encoder_bsp/\libhal_bsp.a(alt_main.o)
 .rodata        0x00042658       0x1c ../JPEG_Encoder_bsp/\libhal_bsp.a(alt_sys_init.o)
 *(.rodata1)
                0x00042674                . = ALIGN (0x4)
                0x00042674                PROVIDE (__ram_rodata_end, ABSOLUTE (.))
                0x0003fd54                PROVIDE (__flash_rodata_start, LOADADDR (.rodata))

.rwdata         0x00042674     0x1b0c load address 0x00044180
                0x00042674                PROVIDE (__ram_rwdata_start, ABSOLUTE (.))
                0x00042674                . = ALIGN (0x4)
 *(.got.plt)
 *(.got)
 *(.data1)
 *(.data .data.* .gnu.linkonce.d.*)
 .data          0x00042674        0x0 ../JPEG_Encoder_bsp//obj/HAL/src/crt0.o
 .data          0x00042674        0x0 obj/default/application/bmp_extract.o
 .data          0x00042674        0x0 obj/default/application/jpeg_encoding.o
 .data          0x00042674        0x0 obj/default/application/jpegclib/cdjpeg.o
 .data          0x00042674        0x0 obj/default/application/jpegclib/jaricom.o
 .data          0x00042674        0x0 obj/default/application/jpegclib/jcapimin.o
 .data          0x00042674        0x0 obj/default/application/jpegclib/jcapistd.o
 .data          0x00042674        0x0 obj/default/application/jpegclib/jcarith.o
 .data          0x00042674        0x0 obj/default/application/jpegclib/jccoefct.o
 .data          0x00042674        0x0 obj/default/application/jpegclib/jccolor.o
 .data          0x00042674        0x0 obj/default/application/jpegclib/jcdctmgr.o
 .data          0x00042674        0x0 obj/default/application/jpegclib/jchuff.o
 .data          0x00042674        0x0 obj/default/application/jpegclib/jcinit.o
 .data          0x00042674        0x0 obj/default/application/jpegclib/jcmainct.o
 .data          0x00042674        0x0 obj/default/application/jpegclib/jcmarker.o
 .data          0x00042674        0x0 obj/default/application/jpegclib/jcmaster.o
 .data          0x00042674        0x0 obj/default/application/jpegclib/jcomapi.o
 .data          0x00042674        0x0 obj/default/application/jpegclib/jcparam.o
 .data          0x00042674        0x0 obj/default/application/jpegclib/jcprepct.o
 .data          0x00042674        0x0 obj/default/application/jpegclib/jcsample.o
 .data          0x00042674        0x0 obj/default/application/jpegclib/jctrans.o
 .data          0x00042674        0x0 obj/default/application/jpegclib/jdatadst.o
 .data          0x00042674        0x0 obj/default/application/jpegclib/jerror.o
 .data          0x00042674        0x0 obj/default/application/jpegclib/jfdctflt.o
 .data          0x00042674        0x0 obj/default/application/jpegclib/jfdctfst.o
 .data          0x00042674        0x0 obj/default/application/jpegclib/jfdctint.o
 .data          0x00042674        0x0 obj/default/application/jpegclib/jidctflt.o
 .data          0x00042674        0x0 obj/default/application/jpegclib/jidctfst.o
 .data          0x00042674        0x0 obj/default/application/jpegclib/jidctint.o
 .data          0x00042674        0x0 obj/default/application/jpegclib/jmemansi.o
 .data          0x00042674        0x0 obj/default/application/jpegclib/jmemmgr.o
 .data          0x00042674        0x0 obj/default/application/jpegclib/jquant1.o
 .data          0x00042674        0x0 obj/default/application/jpegclib/jquant2.o
 .data          0x00042674        0x0 obj/default/application/jpegclib/jutils.o
 .data          0x00042674        0x0 obj/default/jpeg_encoder.o
 .data          0x00042674        0x0 c:/altera/12.1/nios2eds/bin/gnu/h-i686-mingw32/bin/../lib/gcc/nios2-elf/4.1.2/mno-hw-mul\libgcc.a(_addsub_sf.o)
 .data          0x00042674        0x0 c:/altera/12.1/nios2eds/bin/gnu/h-i686-mingw32/bin/../lib/gcc/nios2-elf/4.1.2/mno-hw-mul\libgcc.a(_mul_sf.o)
 .data          0x00042674        0x0 c:/altera/12.1/nios2eds/bin/gnu/h-i686-mingw32/bin/../lib/gcc/nios2-elf/4.1.2/mno-hw-mul\libgcc.a(_si_to_sf.o)
 .data          0x00042674        0x0 c:/altera/12.1/nios2eds/bin/gnu/h-i686-mingw32/bin/../lib/gcc/nios2-elf/4.1.2/mno-hw-mul\libgcc.a(_sf_to_si.o)
 .data          0x00042674        0x0 c:/altera/12.1/nios2eds/bin/gnu/h-i686-mingw32/bin/../lib/gcc/nios2-elf/4.1.2/mno-hw-mul\libgcc.a(_thenan_sf.o)
 .data          0x00042674        0x0 c:/altera/12.1/nios2eds/bin/gnu/h-i686-mingw32/bin/../lib/gcc/nios2-elf/4.1.2/mno-hw-mul\libgcc.a(_mul_df.o)
 .data          0x00042674        0x0 c:/altera/12.1/nios2eds/bin/gnu/h-i686-mingw32/bin/../lib/gcc/nios2-elf/4.1.2/mno-hw-mul\libgcc.a(_div_df.o)
 .data          0x00042674        0x0 c:/altera/12.1/nios2eds/bin/gnu/h-i686-mingw32/bin/../lib/gcc/nios2-elf/4.1.2/mno-hw-mul\libgcc.a(_df_to_sf.o)
 .data          0x00042674        0x0 c:/altera/12.1/nios2eds/bin/gnu/h-i686-mingw32/bin/../lib/gcc/nios2-elf/4.1.2/mno-hw-mul\libgcc.a(_thenan_df.o)
 .data          0x00042674        0x0 c:/altera/12.1/nios2eds/bin/gnu/h-i686-mingw32/bin/../lib/gcc/nios2-elf/4.1.2/mno-hw-mul\libgcc.a(_usi_to_df.o)
 .data          0x00042674        0x0 c:/altera/12.1/nios2eds/bin/gnu/h-i686-mingw32/bin/../lib/gcc/nios2-elf/4.1.2/mno-hw-mul\libgcc.a(lib2-divmod.o)
 .data          0x00042674        0x0 c:/altera/12.1/nios2eds/bin/gnu/h-i686-mingw32/bin/../lib/gcc/nios2-elf/4.1.2/mno-hw-mul\libgcc.a(lib2-mul.o)
 .data          0x00042674        0x0 c:/altera/12.1/nios2eds/bin/gnu/h-i686-mingw32/bin/../lib/gcc/nios2-elf/4.1.2/mno-hw-mul\libgcc.a(_muldi3.o)
 .data          0x00042674        0x0 c:/altera/12.1/nios2eds/bin/gnu/h-i686-mingw32/bin/../lib/gcc/nios2-elf/4.1.2/mno-hw-mul\libgcc.a(_clzsi2.o)
 .data          0x00042674        0x0 c:/altera/12.1/nios2eds/bin/gnu/h-i686-mingw32/bin/../lib/gcc/nios2-elf/4.1.2/mno-hw-mul\libgcc.a(_pack_sf.o)
 .data          0x00042674        0x0 c:/altera/12.1/nios2eds/bin/gnu/h-i686-mingw32/bin/../lib/gcc/nios2-elf/4.1.2/mno-hw-mul\libgcc.a(_unpack_sf.o)
 .data          0x00042674        0x0 c:/altera/12.1/nios2eds/bin/gnu/h-i686-mingw32/bin/../lib/gcc/nios2-elf/4.1.2/mno-hw-mul\libgcc.a(_make_sf.o)
 .data          0x00042674        0x0 c:/altera/12.1/nios2eds/bin/gnu/h-i686-mingw32/bin/../lib/gcc/nios2-elf/4.1.2/mno-hw-mul\libgcc.a(_pack_df.o)
 .data          0x00042674        0x0 c:/altera/12.1/nios2eds/bin/gnu/h-i686-mingw32/bin/../lib/gcc/nios2-elf/4.1.2/mno-hw-mul\libgcc.a(_unpack_df.o)
 .data          0x00042674        0x0 c:/altera/12.1/nios2eds/bin/gnu/h-i686-mingw32/bin/../lib/gcc/nios2-elf/4.1.2/mno-hw-mul\libgcc.a(_clz.o)
 .data          0x00042674        0x0 c:/altera/12.1/nios2eds/bin/gnu/h-i686-mingw32/bin/../lib/gcc/nios2-elf/4.1.2/../../../../nios2-elf/lib/mno-hw-mul\libc.a(lib_a-ctype_.o)
 .data          0x00042674        0x0 c:/altera/12.1/nios2eds/bin/gnu/h-i686-mingw32/bin/../lib/gcc/nios2-elf/4.1.2/../../../../nios2-elf/lib/mno-hw-mul\libc.a(lib_a-exit.o)
 .data          0x00042674        0x0 c:/altera/12.1/nios2eds/bin/gnu/h-i686-mingw32/bin/../lib/gcc/nios2-elf/4.1.2/../../../../nios2-elf/lib/mno-hw-mul\libc.a(lib_a-fclose.o)
 .data          0x00042674        0x0 c:/altera/12.1/nios2eds/bin/gnu/h-i686-mingw32/bin/../lib/gcc/nios2-elf/4.1.2/../../../../nios2-elf/lib/mno-hw-mul\libc.a(lib_a-fflush.o)
 .data          0x00042674        0x0 c:/altera/12.1/nios2eds/bin/gnu/h-i686-mingw32/bin/../lib/gcc/nios2-elf/4.1.2/../../../../nios2-elf/lib/mno-hw-mul\libc.a(lib_a-findfp.o)
 .data          0x00042674        0x0 c:/altera/12.1/nios2eds/bin/gnu/h-i686-mingw32/bin/../lib/gcc/nios2-elf/4.1.2/../../../../nios2-elf/lib/mno-hw-mul\libc.a(lib_a-fopen.o)
 .data          0x00042674        0x0 c:/altera/12.1/nios2eds/bin/gnu/h-i686-mingw32/bin/../lib/gcc/nios2-elf/4.1.2/../../../../nios2-elf/lib/mno-hw-mul\libc.a(lib_a-fprintf.o)
 .data          0x00042674        0x0 c:/altera/12.1/nios2eds/bin/gnu/h-i686-mingw32/bin/../lib/gcc/nios2-elf/4.1.2/../../../../nios2-elf/lib/mno-hw-mul\libc.a(lib_a-fread.o)
 .data          0x00042674        0x0 c:/altera/12.1/nios2eds/bin/gnu/h-i686-mingw32/bin/../lib/gcc/nios2-elf/4.1.2/../../../../nios2-elf/lib/mno-hw-mul\libc.a(lib_a-freer.o)
 .data          0x00042674        0x0 c:/altera/12.1/nios2eds/bin/gnu/h-i686-mingw32/bin/../lib/gcc/nios2-elf/4.1.2/../../../../nios2-elf/lib/mno-hw-mul\libc.a(lib_a-fseek.o)
 .data          0x00042674        0x0 c:/altera/12.1/nios2eds/bin/gnu/h-i686-mingw32/bin/../lib/gcc/nios2-elf/4.1.2/../../../../nios2-elf/lib/mno-hw-mul\libc.a(lib_a-fstatr.o)
 .data          0x00042674        0x0 c:/altera/12.1/nios2eds/bin/gnu/h-i686-mingw32/bin/../lib/gcc/nios2-elf/4.1.2/../../../../nios2-elf/lib/mno-hw-mul\libc.a(lib_a-ftell.o)
 .data          0x00042674        0x0 c:/altera/12.1/nios2eds/bin/gnu/h-i686-mingw32/bin/../lib/gcc/nios2-elf/4.1.2/../../../../nios2-elf/lib/mno-hw-mul\libc.a(lib_a-fwalk.o)
 .data          0x00042674        0x0 c:/altera/12.1/nios2eds/bin/gnu/h-i686-mingw32/bin/../lib/gcc/nios2-elf/4.1.2/../../../../nios2-elf/lib/mno-hw-mul\libc.a(lib_a-fwrite.o)
 .data          0x00042674        0x0 c:/altera/12.1/nios2eds/bin/gnu/h-i686-mingw32/bin/../lib/gcc/nios2-elf/4.1.2/../../../../nios2-elf/lib/mno-hw-mul\libc.a(lib_a-getenv.o)
 .data          0x00042674        0x0 c:/altera/12.1/nios2eds/bin/gnu/h-i686-mingw32/bin/../lib/gcc/nios2-elf/4.1.2/../../../../nios2-elf/lib/mno-hw-mul\libc.a(lib_a-getenv_r.o)
 .data          0x00042674      0x400 c:/altera/12.1/nios2eds/bin/gnu/h-i686-mingw32/bin/../lib/gcc/nios2-elf/4.1.2/../../../../nios2-elf/lib/mno-hw-mul\libc.a(lib_a-impure.o)
 .data          0x00042a74        0x0 c:/altera/12.1/nios2eds/bin/gnu/h-i686-mingw32/bin/../lib/gcc/nios2-elf/4.1.2/../../../../nios2-elf/lib/mno-hw-mul\libc.a(lib_a-int_errno.o)
 .data          0x00042a74        0x0 c:/altera/12.1/nios2eds/bin/gnu/h-i686-mingw32/bin/../lib/gcc/nios2-elf/4.1.2/../../../../nios2-elf/lib/mno-hw-mul\libc.a(lib_a-makebuf.o)
 .data          0x00042a74        0x0 c:/altera/12.1/nios2eds/bin/gnu/h-i686-mingw32/bin/../lib/gcc/nios2-elf/4.1.2/../../../../nios2-elf/lib/mno-hw-mul\libc.a(lib_a-malloc.o)
 .data          0x00042a74      0x408 c:/altera/12.1/nios2eds/bin/gnu/h-i686-mingw32/bin/../lib/gcc/nios2-elf/4.1.2/../../../../nios2-elf/lib/mno-hw-mul\libc.a(lib_a-mallocr.o)
                0x00042a74                __malloc_av_
 .data          0x00042e7c        0x0 c:/altera/12.1/nios2eds/bin/gnu/h-i686-mingw32/bin/../lib/gcc/nios2-elf/4.1.2/../../../../nios2-elf/lib/mno-hw-mul\libc.a(lib_a-memcpy.o)
 .data          0x00042e7c        0x0 c:/altera/12.1/nios2eds/bin/gnu/h-i686-mingw32/bin/../lib/gcc/nios2-elf/4.1.2/../../../../nios2-elf/lib/mno-hw-mul\libc.a(lib_a-memset.o)
 .data          0x00042e7c        0x0 c:/altera/12.1/nios2eds/bin/gnu/h-i686-mingw32/bin/../lib/gcc/nios2-elf/4.1.2/../../../../nios2-elf/lib/mno-hw-mul\libc.a(lib_a-openr.o)
 .data          0x00042e7c        0x0 c:/altera/12.1/nios2eds/bin/gnu/h-i686-mingw32/bin/../lib/gcc/nios2-elf/4.1.2/../../../../nios2-elf/lib/mno-hw-mul\libc.a(lib_a-printf.o)
 .data          0x00042e7c        0x0 c:/altera/12.1/nios2eds/bin/gnu/h-i686-mingw32/bin/../lib/gcc/nios2-elf/4.1.2/../../../../nios2-elf/lib/mno-hw-mul\libc.a(lib_a-puts.o)
 .data          0x00042e7c        0x0 c:/altera/12.1/nios2eds/bin/gnu/h-i686-mingw32/bin/../lib/gcc/nios2-elf/4.1.2/../../../../nios2-elf/lib/mno-hw-mul\libc.a(lib_a-refill.o)
 .data          0x00042e7c        0x0 c:/altera/12.1/nios2eds/bin/gnu/h-i686-mingw32/bin/../lib/gcc/nios2-elf/4.1.2/../../../../nios2-elf/lib/mno-hw-mul\libc.a(lib_a-rewind.o)
 .data          0x00042e7c        0x0 c:/altera/12.1/nios2eds/bin/gnu/h-i686-mingw32/bin/../lib/gcc/nios2-elf/4.1.2/../../../../nios2-elf/lib/mno-hw-mul\libc.a(lib_a-sbrkr.o)
 .data          0x00042e7c        0x0 c:/altera/12.1/nios2eds/bin/gnu/h-i686-mingw32/bin/../lib/gcc/nios2-elf/4.1.2/../../../../nios2-elf/lib/mno-hw-mul\libc.a(lib_a-scanf.o)
 .data          0x00042e7c        0x0 c:/altera/12.1/nios2eds/bin/gnu/h-i686-mingw32/bin/../lib/gcc/nios2-elf/4.1.2/../../../../nios2-elf/lib/mno-hw-mul\libc.a(lib_a-sprintf.o)
 .data          0x00042e7c        0x0 c:/altera/12.1/nios2eds/bin/gnu/h-i686-mingw32/bin/../lib/gcc/nios2-elf/4.1.2/../../../../nios2-elf/lib/mno-hw-mul\libc.a(lib_a-sscanf.o)
 .data          0x00042e7c        0x0 c:/altera/12.1/nios2eds/bin/gnu/h-i686-mingw32/bin/../lib/gcc/nios2-elf/4.1.2/../../../../nios2-elf/lib/mno-hw-mul\libc.a(lib_a-stdio.o)
 .data          0x00042e7c        0x0 c:/altera/12.1/nios2eds/bin/gnu/h-i686-mingw32/bin/../lib/gcc/nios2-elf/4.1.2/../../../../nios2-elf/lib/mno-hw-mul\libc.a(lib_a-strcat.o)
 .data          0x00042e7c        0x0 c:/altera/12.1/nios2eds/bin/gnu/h-i686-mingw32/bin/../lib/gcc/nios2-elf/4.1.2/../../../../nios2-elf/lib/mno-hw-mul\libc.a(lib_a-strcmp.o)
 .data          0x00042e7c        0x0 c:/altera/12.1/nios2eds/bin/gnu/h-i686-mingw32/bin/../lib/gcc/nios2-elf/4.1.2/../../../../nios2-elf/lib/mno-hw-mul\libc.a(lib_a-strcpy.o)
 .data          0x00042e7c        0x0 c:/altera/12.1/nios2eds/bin/gnu/h-i686-mingw32/bin/../lib/gcc/nios2-elf/4.1.2/../../../../nios2-elf/lib/mno-hw-mul\libc.a(lib_a-strlen.o)
 .data          0x00042e7c        0x0 c:/altera/12.1/nios2eds/bin/gnu/h-i686-mingw32/bin/../lib/gcc/nios2-elf/4.1.2/../../../../nios2-elf/lib/mno-hw-mul\libc.a(lib_a-strncmp.o)
 .data          0x00042e7c        0x0 c:/altera/12.1/nios2eds/bin/gnu/h-i686-mingw32/bin/../lib/gcc/nios2-elf/4.1.2/../../../../nios2-elf/lib/mno-hw-mul\libc.a(lib_a-strncpy.o)
 .data          0x00042e7c        0x0 c:/altera/12.1/nios2eds/bin/gnu/h-i686-mingw32/bin/../lib/gcc/nios2-elf/4.1.2/../../../../nios2-elf/lib/mno-hw-mul\libc.a(lib_a-tmpfile.o)
 .data          0x00042e7c        0x0 c:/altera/12.1/nios2eds/bin/gnu/h-i686-mingw32/bin/../lib/gcc/nios2-elf/4.1.2/../../../../nios2-elf/lib/mno-hw-mul\libc.a(lib_a-tmpnam.o)
 .data          0x00042e7c        0x0 c:/altera/12.1/nios2eds/bin/gnu/h-i686-mingw32/bin/../lib/gcc/nios2-elf/4.1.2/../../../../nios2-elf/lib/mno-hw-mul\libc.a(lib_a-vfprintf.o)
 .data          0x00042e7c        0x0 c:/altera/12.1/nios2eds/bin/gnu/h-i686-mingw32/bin/../lib/gcc/nios2-elf/4.1.2/../../../../nios2-elf/lib/mno-hw-mul\libc.a(lib_a-vfscanf.o)
 .data          0x00042e7c        0x0 c:/altera/12.1/nios2eds/bin/gnu/h-i686-mingw32/bin/../lib/gcc/nios2-elf/4.1.2/../../../../nios2-elf/lib/mno-hw-mul\libc.a(lib_a-writer.o)
 .data          0x00042e7c        0x0 c:/altera/12.1/nios2eds/bin/gnu/h-i686-mingw32/bin/../lib/gcc/nios2-elf/4.1.2/../../../../nios2-elf/lib/mno-hw-mul\libc.a(lib_a-wsetup.o)
 .data          0x00042e7c        0x0 c:/altera/12.1/nios2eds/bin/gnu/h-i686-mingw32/bin/../lib/gcc/nios2-elf/4.1.2/../../../../nios2-elf/lib/mno-hw-mul\libc.a(lib_a-__call_atexit.o)
 .data          0x00042e7c        0x0 c:/altera/12.1/nios2eds/bin/gnu/h-i686-mingw32/bin/../lib/gcc/nios2-elf/4.1.2/../../../../nios2-elf/lib/mno-hw-mul\libc.a(lib_a-closer.o)
 .data          0x00042e7c        0x0 c:/altera/12.1/nios2eds/bin/gnu/h-i686-mingw32/bin/../lib/gcc/nios2-elf/4.1.2/../../../../nios2-elf/lib/mno-hw-mul\libc.a(lib_a-dtoa.o)
 .data          0x00042e7c        0x0 c:/altera/12.1/nios2eds/bin/gnu/h-i686-mingw32/bin/../lib/gcc/nios2-elf/4.1.2/../../../../nios2-elf/lib/mno-hw-mul\libc.a(lib_a-environ.o)
 .data          0x00042e7c        0x0 c:/altera/12.1/nios2eds/bin/gnu/h-i686-mingw32/bin/../lib/gcc/nios2-elf/4.1.2/../../../../nios2-elf/lib/mno-hw-mul\libc.a(lib_a-fdopen.o)
 .data          0x00042e7c        0x0 c:/altera/12.1/nios2eds/bin/gnu/h-i686-mingw32/bin/../lib/gcc/nios2-elf/4.1.2/../../../../nios2-elf/lib/mno-hw-mul\libc.a(lib_a-flags.o)
 .data          0x00042e7c        0x0 c:/altera/12.1/nios2eds/bin/gnu/h-i686-mingw32/bin/../lib/gcc/nios2-elf/4.1.2/../../../../nios2-elf/lib/mno-hw-mul\libc.a(lib_a-fvwrite.o)
 .data          0x00042e7c        0x0 c:/altera/12.1/nios2eds/bin/gnu/h-i686-mingw32/bin/../lib/gcc/nios2-elf/4.1.2/../../../../nios2-elf/lib/mno-hw-mul\libc.a(lib_a-isattyr.o)
 .data          0x00042e7c        0x0 c:/altera/12.1/nios2eds/bin/gnu/h-i686-mingw32/bin/../lib/gcc/nios2-elf/4.1.2/../../../../nios2-elf/lib/mno-hw-mul\libc.a(lib_a-iswspace.o)
 .data          0x00042e7c        0xc c:/altera/12.1/nios2eds/bin/gnu/h-i686-mingw32/bin/../lib/gcc/nios2-elf/4.1.2/../../../../nios2-elf/lib/mno-hw-mul\libc.a(lib_a-locale.o)
                0x00042e7c                __lc_ctype
 .data          0x00042e88        0x0 c:/altera/12.1/nios2eds/bin/gnu/h-i686-mingw32/bin/../lib/gcc/nios2-elf/4.1.2/../../../../nios2-elf/lib/mno-hw-mul\libc.a(lib_a-lseekr.o)
 .data          0x00042e88        0x0 c:/altera/12.1/nios2eds/bin/gnu/h-i686-mingw32/bin/../lib/gcc/nios2-elf/4.1.2/../../../../nios2-elf/lib/mno-hw-mul\libc.a(lib_a-mbrtowc.o)
 .data          0x00042e88        0x0 c:/altera/12.1/nios2eds/bin/gnu/h-i686-mingw32/bin/../lib/gcc/nios2-elf/4.1.2/../../../../nios2-elf/lib/mno-hw-mul\libc.a(lib_a-mbtowc_r.o)
 .data          0x00042e88        0x0 c:/altera/12.1/nios2eds/bin/gnu/h-i686-mingw32/bin/../lib/gcc/nios2-elf/4.1.2/../../../../nios2-elf/lib/mno-hw-mul\libc.a(lib_a-memchr.o)
 .data          0x00042e88        0x0 c:/altera/12.1/nios2eds/bin/gnu/h-i686-mingw32/bin/../lib/gcc/nios2-elf/4.1.2/../../../../nios2-elf/lib/mno-hw-mul\libc.a(lib_a-memmove.o)
 .data          0x00042e88        0x0 c:/altera/12.1/nios2eds/bin/gnu/h-i686-mingw32/bin/../lib/gcc/nios2-elf/4.1.2/../../../../nios2-elf/lib/mno-hw-mul\libc.a(lib_a-mprec.o)
 .data          0x00042e88        0x0 c:/altera/12.1/nios2eds/bin/gnu/h-i686-mingw32/bin/../lib/gcc/nios2-elf/4.1.2/../../../../nios2-elf/lib/mno-hw-mul\libc.a(lib_a-readr.o)
 .data          0x00042e88        0x0 c:/altera/12.1/nios2eds/bin/gnu/h-i686-mingw32/bin/../lib/gcc/nios2-elf/4.1.2/../../../../nios2-elf/lib/mno-hw-mul\libc.a(lib_a-reallocr.o)
 .data          0x00042e88        0x0 c:/altera/12.1/nios2eds/bin/gnu/h-i686-mingw32/bin/../lib/gcc/nios2-elf/4.1.2/../../../../nios2-elf/lib/mno-hw-mul\libc.a(lib_a-remove.o)
 .data          0x00042e88        0x0 c:/altera/12.1/nios2eds/bin/gnu/h-i686-mingw32/bin/../lib/gcc/nios2-elf/4.1.2/../../../../nios2-elf/lib/mno-hw-mul\libc.a(lib_a-s_isinfd.o)
 .data          0x00042e88        0x0 c:/altera/12.1/nios2eds/bin/gnu/h-i686-mingw32/bin/../lib/gcc/nios2-elf/4.1.2/../../../../nios2-elf/lib/mno-hw-mul\libc.a(lib_a-s_isnand.o)
 .data          0x00042e88        0x0 c:/altera/12.1/nios2eds/bin/gnu/h-i686-mingw32/bin/../lib/gcc/nios2-elf/4.1.2/../../../../nios2-elf/lib/mno-hw-mul\libc.a(lib_a-sccl.o)
 .data          0x00042e88        0x0 c:/altera/12.1/nios2eds/bin/gnu/h-i686-mingw32/bin/../lib/gcc/nios2-elf/4.1.2/../../../../nios2-elf/lib/mno-hw-mul\libc.a(lib_a-sf_nan.o)
 .data          0x00042e88        0x0 c:/altera/12.1/nios2eds/bin/gnu/h-i686-mingw32/bin/../lib/gcc/nios2-elf/4.1.2/../../../../nios2-elf/lib/mno-hw-mul\libc.a(lib_a-signalr.o)
 .data          0x00042e88       0x28 c:/altera/12.1/nios2eds/bin/gnu/h-i686-mingw32/bin/../lib/gcc/nios2-elf/4.1.2/../../../../nios2-elf/lib/mno-hw-mul\libc.a(lib_a-strtod.o)
 .data          0x00042eb0        0x0 c:/altera/12.1/nios2eds/bin/gnu/h-i686-mingw32/bin/../lib/gcc/nios2-elf/4.1.2/../../../../nios2-elf/lib/mno-hw-mul\libc.a(lib_a-strtol.o)
 .data          0x00042eb0        0x0 c:/altera/12.1/nios2eds/bin/gnu/h-i686-mingw32/bin/../lib/gcc/nios2-elf/4.1.2/../../../../nios2-elf/lib/mno-hw-mul\libc.a(lib_a-strtoll_r.o)
 .data          0x00042eb0        0x0 c:/altera/12.1/nios2eds/bin/gnu/h-i686-mingw32/bin/../lib/gcc/nios2-elf/4.1.2/../../../../nios2-elf/lib/mno-hw-mul\libc.a(lib_a-strtoul.o)
 .data          0x00042eb0        0x0 c:/altera/12.1/nios2eds/bin/gnu/h-i686-mingw32/bin/../lib/gcc/nios2-elf/4.1.2/../../../../nios2-elf/lib/mno-hw-mul\libc.a(lib_a-strtoull_r.o)
 .data          0x00042eb0        0x0 c:/altera/12.1/nios2eds/bin/gnu/h-i686-mingw32/bin/../lib/gcc/nios2-elf/4.1.2/../../../../nios2-elf/lib/mno-hw-mul\libc.a(lib_a-ungetc.o)
 .data          0x00042eb0        0x0 c:/altera/12.1/nios2eds/bin/gnu/h-i686-mingw32/bin/../lib/gcc/nios2-elf/4.1.2/../../../../nios2-elf/lib/mno-hw-mul\libc.a(lib_a-unlinkr.o)
 .data          0x00042eb0        0x0 c:/altera/12.1/nios2eds/bin/gnu/h-i686-mingw32/bin/../lib/gcc/nios2-elf/4.1.2/../../../../nios2-elf/lib/mno-hw-mul\libc.a(lib_a-callocr.o)
 .data          0x00042eb0        0x0 c:/altera/12.1/nios2eds/bin/gnu/h-i686-mingw32/bin/../lib/gcc/nios2-elf/4.1.2/../../../../nios2-elf/lib/mno-hw-mul\libc.a(lib_a-gdtoa-gethex.o)
 .data          0x00042eb0        0x0 c:/altera/12.1/nios2eds/bin/gnu/h-i686-mingw32/bin/../lib/gcc/nios2-elf/4.1.2/../../../../nios2-elf/lib/mno-hw-mul\libc.a(lib_a-gdtoa-hexnan.o)
 .data          0x00042eb0        0x0 c:/altera/12.1/nios2eds/bin/gnu/h-i686-mingw32/bin/../lib/gcc/nios2-elf/4.1.2/mno-hw-mul\libgcc.a(_fixunsdfsi.o)
 .data          0x00042eb0        0x0 c:/altera/12.1/nios2eds/bin/gnu/h-i686-mingw32/bin/../lib/gcc/nios2-elf/4.1.2/mno-hw-mul\libgcc.a(_udivdi3.o)
 .data          0x00042eb0        0x0 c:/altera/12.1/nios2eds/bin/gnu/h-i686-mingw32/bin/../lib/gcc/nios2-elf/4.1.2/mno-hw-mul\libgcc.a(_umoddi3.o)
 .data          0x00042eb0        0x0 c:/altera/12.1/nios2eds/bin/gnu/h-i686-mingw32/bin/../lib/gcc/nios2-elf/4.1.2/mno-hw-mul\libgcc.a(_ne_sf.o)
 .data          0x00042eb0        0x0 c:/altera/12.1/nios2eds/bin/gnu/h-i686-mingw32/bin/../lib/gcc/nios2-elf/4.1.2/mno-hw-mul\libgcc.a(_gt_sf.o)
 .data          0x00042eb0        0x0 c:/altera/12.1/nios2eds/bin/gnu/h-i686-mingw32/bin/../lib/gcc/nios2-elf/4.1.2/mno-hw-mul\libgcc.a(_lt_sf.o)
 .data          0x00042eb0        0x0 c:/altera/12.1/nios2eds/bin/gnu/h-i686-mingw32/bin/../lib/gcc/nios2-elf/4.1.2/mno-hw-mul\libgcc.a(_addsub_df.o)
 .data          0x00042eb0        0x0 c:/altera/12.1/nios2eds/bin/gnu/h-i686-mingw32/bin/../lib/gcc/nios2-elf/4.1.2/mno-hw-mul\libgcc.a(_eq_df.o)
 .data          0x00042eb0        0x0 c:/altera/12.1/nios2eds/bin/gnu/h-i686-mingw32/bin/../lib/gcc/nios2-elf/4.1.2/mno-hw-mul\libgcc.a(_ne_df.o)
 .data          0x00042eb0        0x0 c:/altera/12.1/nios2eds/bin/gnu/h-i686-mingw32/bin/../lib/gcc/nios2-elf/4.1.2/mno-hw-mul\libgcc.a(_gt_df.o)
 .data          0x00042eb0        0x0 c:/altera/12.1/nios2eds/bin/gnu/h-i686-mingw32/bin/../lib/gcc/nios2-elf/4.1.2/mno-hw-mul\libgcc.a(_ge_df.o)
 .data          0x00042eb0        0x0 c:/altera/12.1/nios2eds/bin/gnu/h-i686-mingw32/bin/../lib/gcc/nios2-elf/4.1.2/mno-hw-mul\libgcc.a(_lt_df.o)
 .data          0x00042eb0        0x0 c:/altera/12.1/nios2eds/bin/gnu/h-i686-mingw32/bin/../lib/gcc/nios2-elf/4.1.2/mno-hw-mul\libgcc.a(_le_df.o)
 .data          0x00042eb0        0x0 c:/altera/12.1/nios2eds/bin/gnu/h-i686-mingw32/bin/../lib/gcc/nios2-elf/4.1.2/mno-hw-mul\libgcc.a(_si_to_df.o)
 .data          0x00042eb0        0x0 c:/altera/12.1/nios2eds/bin/gnu/h-i686-mingw32/bin/../lib/gcc/nios2-elf/4.1.2/mno-hw-mul\libgcc.a(_df_to_si.o)
 .data          0x00042eb0        0x0 c:/altera/12.1/nios2eds/bin/gnu/h-i686-mingw32/bin/../lib/gcc/nios2-elf/4.1.2/mno-hw-mul\libgcc.a(_fpcmp_parts_sf.o)
 .data          0x00042eb0        0x0 c:/altera/12.1/nios2eds/bin/gnu/h-i686-mingw32/bin/../lib/gcc/nios2-elf/4.1.2/mno-hw-mul\libgcc.a(_fpcmp_parts_df.o)
 .data          0x00042eb0        0x0 ../JPEG_Encoder_bsp/\libhal_bsp.a(alt_close.o)
 .data          0x00042eb0      0x1a8 ../JPEG_Encoder_bsp/\libhal_bsp.a(alt_dev.o)
                0x00042eb0                alt_dev_null
                0x00042ed8                alt_fd_list
 .data          0x00043058        0x0 ../JPEG_Encoder_bsp/\libhal_bsp.a(alt_env_lock.o)
 .data          0x00043058        0x0 ../JPEG_Encoder_bsp/\libhal_bsp.a(alt_errno.o)
 .data          0x00043058        0x0 ../JPEG_Encoder_bsp/\libhal_bsp.a(alt_exit.o)
 .data          0x00043058        0x0 ../JPEG_Encoder_bsp/\libhal_bsp.a(alt_fstat.o)
 .data          0x00043058        0x0 ../JPEG_Encoder_bsp/\libhal_bsp.a(alt_getpid.o)
 .data          0x00043058        0x0 ../JPEG_Encoder_bsp/\libhal_bsp.a(alt_isatty.o)
 .data          0x00043058        0x0 ../JPEG_Encoder_bsp/\libhal_bsp.a(alt_kill.o)
 .data          0x00043058        0x0 ../JPEG_Encoder_bsp/\libhal_bsp.a(alt_load.o)
 .data          0x00043058        0x0 ../JPEG_Encoder_bsp/\libhal_bsp.a(alt_lseek.o)
 .data          0x00043058        0x0 ../JPEG_Encoder_bsp/\libhal_bsp.a(alt_main.o)
 .data          0x00043058        0x0 ../JPEG_Encoder_bsp/\libhal_bsp.a(alt_malloc_lock.o)
 .data          0x00043058        0x0 ../JPEG_Encoder_bsp/\libhal_bsp.a(alt_open.o)
 .data          0x00043058        0x0 ../JPEG_Encoder_bsp/\libhal_bsp.a(alt_read.o)
 .data          0x00043058        0x0 ../JPEG_Encoder_bsp/\libhal_bsp.a(alt_release_fd.o)
 .data          0x00043058        0x0 ../JPEG_Encoder_bsp/\libhal_bsp.a(alt_sbrk.o)
 .data          0x00043058        0x0 ../JPEG_Encoder_bsp/\libhal_bsp.a(alt_unlink.o)
 .data          0x00043058        0x0 ../JPEG_Encoder_bsp/\libhal_bsp.a(alt_write.o)
 .data          0x00043058     0x1088 ../JPEG_Encoder_bsp/\libhal_bsp.a(alt_sys_init.o)
 .data          0x000440e0        0x0 ../JPEG_Encoder_bsp/\libhal_bsp.a(altera_avalon_jtag_uart_fd.o)
 .data          0x000440e0        0x0 ../JPEG_Encoder_bsp/\libhal_bsp.a(altera_avalon_jtag_uart_init.o)
 .data          0x000440e0        0x0 ../JPEG_Encoder_bsp/\libhal_bsp.a(altera_avalon_jtag_uart_ioctl.o)
 .data          0x000440e0        0x0 ../JPEG_Encoder_bsp/\libhal_bsp.a(altera_avalon_jtag_uart_read.o)
 .data          0x000440e0        0x0 ../JPEG_Encoder_bsp/\libhal_bsp.a(altera_avalon_jtag_uart_write.o)
 .data          0x000440e0        0x0 ../JPEG_Encoder_bsp/\libhal_bsp.a(altera_avalon_timer_sc.o)
 .data          0x000440e0        0x0 ../JPEG_Encoder_bsp/\libhal_bsp.a(altera_hostfs.o)
 .data          0x000440e0        0x0 ../JPEG_Encoder_bsp/\libhal_bsp.a(alt_alarm_start.o)
 .data          0x000440e0        0x0 ../JPEG_Encoder_bsp/\libhal_bsp.a(alt_dcache_flush_all.o)
 .data          0x000440e0        0x0 ../JPEG_Encoder_bsp/\libhal_bsp.a(alt_dev_llist_insert.o)
 .data          0x000440e0        0x0 ../JPEG_Encoder_bsp/\libhal_bsp.a(alt_do_ctors.o)
 .data          0x000440e0        0x0 ../JPEG_Encoder_bsp/\libhal_bsp.a(alt_do_dtors.o)
 .data          0x000440e0        0x0 ../JPEG_Encoder_bsp/\libhal_bsp.a(alt_find_dev.o)
 .data          0x000440e0        0x0 ../JPEG_Encoder_bsp/\libhal_bsp.a(alt_find_file.o)
 .data          0x000440e0        0x0 ../JPEG_Encoder_bsp/\libhal_bsp.a(alt_fs_reg.o)
 .data          0x000440e0        0x0 ../JPEG_Encoder_bsp/\libhal_bsp.a(alt_get_fd.o)
 .data          0x000440e0        0x0 ../JPEG_Encoder_bsp/\libhal_bsp.a(alt_icache_flush_all.o)
 .data          0x000440e0        0x0 ../JPEG_Encoder_bsp/\libhal_bsp.a(alt_iic.o)
 .data          0x000440e0        0x0 ../JPEG_Encoder_bsp/\libhal_bsp.a(alt_iic_isr_register.o)
 .data          0x000440e0        0x0 ../JPEG_Encoder_bsp/\libhal_bsp.a(alt_io_redirect.o)
 .data          0x000440e0        0x0 ../JPEG_Encoder_bsp/\libhal_bsp.a(alt_irq_entry.o)
 .data          0x000440e0        0x0 ../JPEG_Encoder_bsp/\libhal_bsp.a(alt_irq_handler.o)
 .data          0x000440e0        0x0 ../JPEG_Encoder_bsp/\libhal_bsp.a(alt_irq_vars.o)
 .data          0x000440e0        0x0 ../JPEG_Encoder_bsp/\libhal_bsp.a(alt_tick.o)
 .data          0x000440e0        0x0 ../JPEG_Encoder_bsp/\libhal_bsp.a(altera_nios2_qsys_irq.o)
 .data          0x000440e0        0x0 ../JPEG_Encoder_bsp/\libhal_bsp.a(alt_exception_entry.o)
 .data          0x000440e0        0x0 ../JPEG_Encoder_bsp/\libhal_bsp.a(alt_icache_flush.o)
 .data          0x000440e0        0x0 c:/altera/12.1/nios2eds/bin/gnu/h-i686-mingw32/bin/../lib/gcc/nios2-elf/4.1.2/../../../../nios2-elf/lib/mno-hw-mul\libc.a(lib_a-atexit.o)
 .data          0x000440e0        0x0 c:/altera/12.1/nios2eds/bin/gnu/h-i686-mingw32/bin/../lib/gcc/nios2-elf/4.1.2/../../../../nios2-elf/lib/mno-hw-mul\libc.a(lib_a-memcmp.o)
 .data          0x000440e0        0x0 c:/altera/12.1/nios2eds/bin/gnu/h-i686-mingw32/bin/../lib/gcc/nios2-elf/4.1.2/../../../../nios2-elf/lib/mno-hw-mul\libc.a(lib_a-__atexit.o)
                0x0004c0e0                _gp = ABSOLUTE ((. + 0x8000))
                0x0004c0e0                PROVIDE (gp, _gp)
 *(.rwdata .rwdata.*)
 *(.sdata .sdata.* .gnu.linkonce.s.*)
 .sdata         0x000440e0       0x10 obj/default/application/jpegclib/jmemmgr.o
 .sdata         0x000440f0        0x4 c:/altera/12.1/nios2eds/bin/gnu/h-i686-mingw32/bin/../lib/gcc/nios2-elf/4.1.2/../../../../nios2-elf/lib/mno-hw-mul\libc.a(lib_a-ctype_.o)
                0x000440f0                __ctype_ptr
 .sdata         0x000440f4        0x8 c:/altera/12.1/nios2eds/bin/gnu/h-i686-mingw32/bin/../lib/gcc/nios2-elf/4.1.2/../../../../nios2-elf/lib/mno-hw-mul\libc.a(lib_a-impure.o)
                0x000440f4                _impure_ptr
                0x000440f8                _global_impure_ptr
 .sdata         0x000440fc        0x8 c:/altera/12.1/nios2eds/bin/gnu/h-i686-mingw32/bin/../lib/gcc/nios2-elf/4.1.2/../../../../nios2-elf/lib/mno-hw-mul\libc.a(lib_a-mallocr.o)
                0x000440fc                __malloc_trim_threshold
                0x00044100                __malloc_sbrk_base
 .sdata         0x00044104        0x4 c:/altera/12.1/nios2eds/bin/gnu/h-i686-mingw32/bin/../lib/gcc/nios2-elf/4.1.2/../../../../nios2-elf/lib/mno-hw-mul\libc.a(lib_a-environ.o)
                0x00044104                environ
 .sdata         0x00044108        0x8 c:/altera/12.1/nios2eds/bin/gnu/h-i686-mingw32/bin/../lib/gcc/nios2-elf/4.1.2/../../../../nios2-elf/lib/mno-hw-mul\libc.a(lib_a-locale.o)
                0x00044108                __mb_cur_max
 .sdata         0x00044110       0x14 ../JPEG_Encoder_bsp/\libhal_bsp.a(alt_dev.o)
                0x00044110                alt_fs_list
                0x00044118                alt_dev_list
                0x00044120                alt_max_fd
 .sdata         0x00044124        0x4 ../JPEG_Encoder_bsp/\libhal_bsp.a(alt_errno.o)
                0x00044124                alt_errno
 .sdata         0x00044128        0x4 ../JPEG_Encoder_bsp/\libhal_bsp.a(alt_sbrk.o)
 .sdata         0x0004412c       0x48 ../JPEG_Encoder_bsp/\libhal_bsp.a(altera_hostfs.o)
 .sdata         0x00044174        0x4 ../JPEG_Encoder_bsp/\libhal_bsp.a(alt_irq_vars.o)
                0x00044174                alt_priority_mask
 .sdata         0x00044178        0x8 ../JPEG_Encoder_bsp/\libhal_bsp.a(alt_tick.o)
                0x00044178                alt_alarm_list
 *(.sdata2 .sdata2.* .gnu.linkonce.s2.*)
                0x00044180                . = ALIGN (0x4)
                0x00044180                _edata = ABSOLUTE (.)
                0x00044180                PROVIDE (edata, ABSOLUTE (.))
                0x00044180                PROVIDE (__ram_rwdata_end, ABSOLUTE (.))
                0x00044180                PROVIDE (__flash_rwdata_start, LOADADDR (.rwdata))

.bss            0x00045c8c  0x4000424
                0x00045c8c                __bss_start = ABSOLUTE (.)
                0x00045c8c                PROVIDE (__sbss_start, ABSOLUTE (.))
                0x00045c8c                PROVIDE (___sbss_start, ABSOLUTE (.))
 *(.dynsbss)
 *(.sbss .sbss.* .gnu.linkonce.sb.*)
 .sbss          0x00045c8c        0x4 c:/altera/12.1/nios2eds/bin/gnu/h-i686-mingw32/bin/../lib/gcc/nios2-elf/4.1.2/../../../../nios2-elf/lib/mno-hw-mul\libc.a(lib_a-int_errno.o)
                0x00045c8c                errno
 .sbss          0x00045c90        0xc c:/altera/12.1/nios2eds/bin/gnu/h-i686-mingw32/bin/../lib/gcc/nios2-elf/4.1.2/../../../../nios2-elf/lib/mno-hw-mul\libc.a(lib_a-mallocr.o)
                0x00045c90                __malloc_top_pad
                0x00045c94                __malloc_max_sbrked_mem
                0x00045c98                __malloc_max_total_mem
 .sbss          0x00045c9c        0x4 c:/altera/12.1/nios2eds/bin/gnu/h-i686-mingw32/bin/../lib/gcc/nios2-elf/4.1.2/../../../../nios2-elf/lib/mno-hw-mul\libc.a(lib_a-environ.o)
 .sbss          0x00045ca0        0xc c:/altera/12.1/nios2eds/bin/gnu/h-i686-mingw32/bin/../lib/gcc/nios2-elf/4.1.2/../../../../nios2-elf/lib/mno-hw-mul\libc.a(lib_a-locale.o)
                0x00045ca0                __nlocale_changed
                0x00045ca4                __mlocale_changed
                0x00045ca8                _PathLocale
 .sbss          0x00045cac        0xc ../JPEG_Encoder_bsp/\libhal_bsp.a(alt_main.o)
                0x00045cac                alt_argc
                0x00045cb0                alt_argv
                0x00045cb4                alt_envp
 .sbss          0x00045cb8        0x4 ../JPEG_Encoder_bsp/\libhal_bsp.a(alt_irq_vars.o)
                0x00045cb8                alt_irq_active
 .sbss          0x00045cbc        0x8 ../JPEG_Encoder_bsp/\libhal_bsp.a(alt_tick.o)
                0x00045cbc                _alt_tick_rate
                0x00045cc0                _alt_nticks
 *(.sbss2 .sbss2.* .gnu.linkonce.sb2.*)
 *(.scommon)
                0x00045cc4                PROVIDE (__sbss_end, ABSOLUTE (.))
                0x00045cc4                PROVIDE (___sbss_end, ABSOLUTE (.))
 *(.dynbss)
 *(.bss .bss.* .gnu.linkonce.b.*)
 .bss           0x00045cc4        0x0 ../JPEG_Encoder_bsp//obj/HAL/src/crt0.o
 .bss           0x00045cc4        0x0 obj/default/application/bmp_extract.o
 .bss           0x00045cc4        0x0 obj/default/application/jpeg_encoding.o
 .bss           0x00045cc4        0x0 obj/default/application/jpegclib/cdjpeg.o
 .bss           0x00045cc4        0x0 obj/default/application/jpegclib/jaricom.o
 .bss           0x00045cc4        0x0 obj/default/application/jpegclib/jcapimin.o
 .bss           0x00045cc4        0x0 obj/default/application/jpegclib/jcapistd.o