Archive member included because of file (symbol)

c:/altera/12.1/nios2eds/bin/gnu/h-i686-mingw32/bin/../lib/gcc/nios2-elf/4.1.2/../../../../nios2-elf/lib/mno-hw-mul\libc.a(lib_a-printf.o)
                              obj/default/counter.o (printf)
c:/altera/12.1/nios2eds/bin/gnu/h-i686-mingw32/bin/../lib/gcc/nios2-elf/4.1.2/../../../../nios2-elf/lib/mno-hw-mul\libc.a(lib_a-vfprintf.o)
                              c:/altera/12.1/nios2eds/bin/gnu/h-i686-mingw32/bin/../lib/gcc/nios2-elf/4.1.2/../../../../nios2-elf/lib/mno-hw-mul\libc.a(lib_a-printf.o) (___vfprintf_internal_r)
c:/altera/12.1/nios2eds/bin/gnu/h-i686-mingw32/bin/../lib/gcc/nios2-elf/4.1.2/../../../../nios2-elf/lib/mno-hw-mul\libc.a(lib_a-wsetup.o)
                              c:/altera/12.1/nios2eds/bin/gnu/h-i686-mingw32/bin/../lib/gcc/nios2-elf/4.1.2/../../../../nios2-elf/lib/mno-hw-mul\libc.a(lib_a-vfprintf.o) (__swsetup_r)
c:/altera/12.1/nios2eds/bin/gnu/h-i686-mingw32/bin/../lib/gcc/nios2-elf/4.1.2/../../../../nios2-elf/lib/mno-hw-mul\libc.a(lib_a-dtoa.o)
                              c:/altera/12.1/nios2eds/bin/gnu/h-i686-mingw32/bin/../lib/gcc/nios2-elf/4.1.2/../../../../nios2-elf/lib/mno-hw-mul\libc.a(lib_a-vfprintf.o) (_dtoa_r)
c:/altera/12.1/nios2eds/bin/gnu/h-i686-mingw32/bin/../lib/gcc/nios2-elf/4.1.2/../../../../nios2-elf/lib/mno-hw-mul\libc.a(lib_a-fflush.o)
                              c:/altera/12.1/nios2eds/bin/gnu/h-i686-mingw32/bin/../lib/gcc/nios2-elf/4.1.2/../../../../nios2-elf/lib/mno-hw-mul\libc.a(lib_a-vfprintf.o) (_fflush_r)
c:/altera/12.1/nios2eds/bin/gnu/h-i686-mingw32/bin/../lib/gcc/nios2-elf/4.1.2/../../../../nios2-elf/lib/mno-hw-mul\libc.a(lib_a-findfp.o)
                              c:/altera/12.1/nios2eds/bin/gnu/h-i686-mingw32/bin/../lib/gcc/nios2-elf/4.1.2/../../../../nios2-elf/lib/mno-hw-mul\libc.a(lib_a-vfprintf.o) (__sinit)
c:/altera/12.1/nios2eds/bin/gnu/h-i686-mingw32/bin/../lib/gcc/nios2-elf/4.1.2/../../../../nios2-elf/lib/mno-hw-mul\libc.a(lib_a-freer.o)
                              c:/altera/12.1/nios2eds/bin/gnu/h-i686-mingw32/bin/../lib/gcc/nios2-elf/4.1.2/../../../../nios2-elf/lib/mno-hw-mul\libc.a(lib_a-wsetup.o) (_free_r)
c:/altera/12.1/nios2eds/bin/gnu/h-i686-mingw32/bin/../lib/gcc/nios2-elf/4.1.2/../../../../nios2-elf/lib/mno-hw-mul\libc.a(lib_a-fvwrite.o)
                              c:/altera/12.1/nios2eds/bin/gnu/h-i686-mingw32/bin/../lib/gcc/nios2-elf/4.1.2/../../../../nios2-elf/lib/mno-hw-mul\libc.a(lib_a-vfprintf.o) (__sfvwrite_r)
c:/altera/12.1/nios2eds/bin/gnu/h-i686-mingw32/bin/../lib/gcc/nios2-elf/4.1.2/../../../../nios2-elf/lib/mno-hw-mul\libc.a(lib_a-fwalk.o)
                              c:/altera/12.1/nios2eds/bin/gnu/h-i686-mingw32/bin/../lib/gcc/nios2-elf/4.1.2/../../../../nios2-elf/lib/mno-hw-mul\libc.a(lib_a-fflush.o) (_fwalk_reent)
c:/altera/12.1/nios2eds/bin/gnu/h-i686-mingw32/bin/../lib/gcc/nios2-elf/4.1.2/../../../../nios2-elf/lib/mno-hw-mul\libc.a(lib_a-impure.o)
                              c:/altera/12.1/nios2eds/bin/gnu/h-i686-mingw32/bin/../lib/gcc/nios2-elf/4.1.2/../../../../nios2-elf/lib/mno-hw-mul\libc.a(lib_a-printf.o) (_impure_ptr)
c:/altera/12.1/nios2eds/bin/gnu/h-i686-mingw32/bin/../lib/gcc/nios2-elf/4.1.2/../../../../nios2-elf/lib/mno-hw-mul\libc.a(lib_a-locale.o)
                              c:/altera/12.1/nios2eds/bin/gnu/h-i686-mingw32/bin/../lib/gcc/nios2-elf/4.1.2/../../../../nios2-elf/lib/mno-hw-mul\libc.a(lib_a-vfprintf.o) (_localeconv_r)
c:/altera/12.1/nios2eds/bin/gnu/h-i686-mingw32/bin/../lib/gcc/nios2-elf/4.1.2/../../../../nios2-elf/lib/mno-hw-mul\libc.a(lib_a-makebuf.o)
                              c:/altera/12.1/nios2eds/bin/gnu/h-i686-mingw32/bin/../lib/gcc/nios2-elf/4.1.2/../../../../nios2-elf/lib/mno-hw-mul\libc.a(lib_a-wsetup.o) (__smakebuf_r)
c:/altera/12.1/nios2eds/bin/gnu/h-i686-mingw32/bin/../lib/gcc/nios2-elf/4.1.2/../../../../nios2-elf/lib/mno-hw-mul\libc.a(lib_a-mallocr.o)
                              c:/altera/12.1/nios2eds/bin/gnu/h-i686-mingw32/bin/../lib/gcc/nios2-elf/4.1.2/../../../../nios2-elf/lib/mno-hw-mul\libc.a(lib_a-findfp.o) (_malloc_r)
c:/altera/12.1/nios2eds/bin/gnu/h-i686-mingw32/bin/../lib/gcc/nios2-elf/4.1.2/../../../../nios2-elf/lib/mno-hw-mul\libc.a(lib_a-memchr.o)
                              c:/altera/12.1/nios2eds/bin/gnu/h-i686-mingw32/bin/../lib/gcc/nios2-elf/4.1.2/../../../../nios2-elf/lib/mno-hw-mul\libc.a(lib_a-vfprintf.o) (memchr)
c:/altera/12.1/nios2eds/bin/gnu/h-i686-mingw32/bin/../lib/gcc/nios2-elf/4.1.2/../../../../nios2-elf/lib/mno-hw-mul\libc.a(lib_a-memcpy.o)
                              c:/altera/12.1/nios2eds/bin/gnu/h-i686-mingw32/bin/../lib/gcc/nios2-elf/4.1.2/../../../../nios2-elf/lib/mno-hw-mul\libc.a(lib_a-dtoa.o) (memcpy)
c:/altera/12.1/nios2eds/bin/gnu/h-i686-mingw32/bin/../lib/gcc/nios2-elf/4.1.2/../../../../nios2-elf/lib/mno-hw-mul\libc.a(lib_a-memmove.o)
[...]
Memory Configuration

Name             Origin             Length             Attributes
reset            0x00040000         0x00000020
onchip_mem       0x00040020         0x0003ffe0
*default*        0x00000000         0xffffffff

Linker script and memory map

LOAD ../counter_bsp//obj/HAL/src/crt0.o
LOAD obj/default/counter.o
LOAD c:/altera/12.1/nios2eds/bin/gnu/h-i686-mingw32/bin/../lib/gcc/nios2-elf/4.1.2/../../../../nios2-elf/lib/mno-hw-mul\libstdc++.a
LOAD c:/altera/12.1/nios2eds/bin/gnu/h-i686-mingw32/bin/../lib/gcc/nios2-elf/4.1.2/../../../../nios2-elf/lib/mno-hw-mul\libm.a
LOAD c:/altera/12.1/nios2eds/bin/gnu/h-i686-mingw32/bin/../lib/gcc/nios2-elf/4.1.2/mno-hw-mul\libgcc.a
START GROUP
LOAD c:/altera/12.1/nios2eds/bin/gnu/h-i686-mingw32/bin/../lib/gcc/nios2-elf/4.1.2/../../../../nios2-elf/lib/mno-hw-mul\libc.a
LOAD c:/altera/12.1/nios2eds/bin/gnu/h-i686-mingw32/bin/../lib/gcc/nios2-elf/4.1.2/mno-hw-mul\libgcc.a
LOAD ../counter_bsp/\libhal_bsp.a
END GROUP
LOAD c:/altera/12.1/nios2eds/bin/gnu/h-i686-mingw32/bin/../lib/gcc/nios2-elf/4.1.2/mno-hw-mul\libgcc.a
                0x00040000                __alt_mem_onchip_mem = 0x40000

.entry          0x00040000       0x20
 *(.entry)
 .entry         0x00040000       0x20 ../counter_bsp//obj/HAL/src/crt0.o
                0x00040000                __reset

.exceptions     0x00040020      0x194
                0x00040020                PROVIDE (__ram_exceptions_start, ABSOLUTE (.))
                0x00040020                . = ALIGN (0x20)
 *(.irq)
 *(.exceptions.entry.label)
 .exceptions.entry.label
                0x00040020        0x0 ../counter_bsp/\libhal_bsp.a(alt_irq_entry.o)
                0x00040020                alt_irq_entry
 .exceptions.entry.label
                0x00040020        0x0 ../counter_bsp/\libhal_bsp.a(alt_exception_entry.o)
                0x00040020                alt_exception
 *(.exceptions.entry.user)
 *(.exceptions.entry)
 .exceptions.entry
                0x00040020       0x54 ../counter_bsp/\libhal_bsp.a(alt_exception_entry.o)
 *(.exceptions.irqtest.user)
 *(.exceptions.irqtest)
 .exceptions.irqtest
                0x00040074       0x10 ../counter_bsp/\libhal_bsp.a(alt_irq_entry.o)
 *(.exceptions.irqhandler.user)
 *(.exceptions.irqhandler)
 .exceptions.irqhandler
                0x00040084        0x4 ../counter_bsp/\libhal_bsp.a(alt_irq_entry.o)
 *(.exceptions.irqreturn.user)
 *(.exceptions.irqreturn)
 .exceptions.irqreturn
                0x00040088        0x4 ../counter_bsp/\libhal_bsp.a(alt_irq_entry.o)
 *(.exceptions.notirq.label)
 .exceptions.notirq.label
                0x0004008c        0x0 ../counter_bsp/\libhal_bsp.a(alt_irq_entry.o)
 *(.exceptions.notirq.user)
 *(.exceptions.notirq)
 .exceptions.notirq
                0x0004008c        0x8 ../counter_bsp/\libhal_bsp.a(alt_exception_entry.o)
 *(.exceptions.soft.user)
 *(.exceptions.soft)
 *(.exceptions.unknown.user)
 *(.exceptions.unknown)
 .exceptions.unknown
                0x00040094        0x4 ../counter_bsp/\libhal_bsp.a(alt_exception_entry.o)
 *(.exceptions.exit.label)
 .exceptions.exit.label
                0x00040098        0x0 ../counter_bsp/\libhal_bsp.a(alt_irq_entry.o)
 .exceptions.exit.label
                0x00040098        0x0 ../counter_bsp/\libhal_bsp.a(alt_exception_entry.o)
 *(.exceptions.exit.user)
 *(.exceptions.exit)
 .exceptions.exit
                0x00040098       0x54 ../counter_bsp/\libhal_bsp.a(alt_exception_entry.o)
 *(.exceptions)
 .exceptions    0x000400ec       0xc8 ../counter_bsp/\libhal_bsp.a(alt_irq_handler.o)
                0x000400ec                alt_irq_handler
                0x000401b4                PROVIDE (__ram_exceptions_end, ABSOLUTE (.))
                0x00040020                PROVIDE (__flash_exceptions_start, LOADADDR (.exceptions))

.text           0x000401b4     0xc6d4
                0x000401b4                PROVIDE (stext, ABSOLUTE (.))
 *(.interp)
 *(.hash)
 *(.dynsym)
 *(.dynstr)
 *(.gnu.version)
 *(.gnu.version_d)
 *(.gnu.version_r)
 *(.rel.init)
 *(.rela.init)
 *(.rel.text .rel.text.* .rel.gnu.linkonce.t.*)
 *(.rela.text .rela.text.* .rela.gnu.linkonce.t.*)
 *(.rel.fini)
 *(.rela.fini)
 *(.rel.rodata .rel.rodata.* .rel.gnu.linkonce.r.*)
 *(.rela.rodata .rela.rodata.* .rela.gnu.linkonce.r.*)
 *(.rel.data .rel.data.* .rel.gnu.linkonce.d.*)
 *(.rela.data .rela.data.* .rela.gnu.linkonce.d.*)
 *(.rel.tdata .rel.tdata.* .rel.gnu.linkonce.td.*)
 *(.rela.tdata .rela.tdata.* .rela.gnu.linkonce.td.*)
 *(.rel.tbss .rel.tbss.* .rel.gnu.linkonce.tb.*)
 *(.rela.tbss .rela.tbss.* .rela.gnu.linkonce.tb.*)
 *(.rel.ctors)
 *(.rela.ctors)
 *(.rel.dtors)
 *(.rela.dtors)
 *(.rel.got)
 *(.rela.got)
 *(.rel.sdata .rel.sdata.* .rel.gnu.linkonce.s.*)
 *(.rela.sdata .rela.sdata.* .rela.gnu.linkonce.s.*)
 *(.rel.sbss .rel.sbss.* .rel.gnu.linkonce.sb.*)
 *(.rela.sbss .rela.sbss.* .rela.gnu.linkonce.sb.*)
 *(.rel.sdata2 .rel.sdata2.* .rel.gnu.linkonce.s2.*)
 *(.rela.sdata2 .rela.sdata2.* .rela.gnu.linkonce.s2.*)
 *(.rel.sbss2 .rel.sbss2.* .rel.gnu.linkonce.sb2.*)
 *(.rela.sbss2 .rela.sbss2.* .rela.gnu.linkonce.sb2.*)
 *(.rel.bss .rel.bss.* .rel.gnu.linkonce.b.*)
 *(.rela.bss .rela.bss.* .rela.gnu.linkonce.b.*)
 *(.rel.plt)
 *(.rela.plt)
 *(.rel.dyn)
 *(.init)
 *(.plt)
 *(.text .stub .text.* .gnu.linkonce.t.*)
 .text          0x000401b4       0x3c ../counter_bsp//obj/HAL/src/crt0.o
                0x000401b4                _start
 .text          0x000401f0       0x70 obj/default/counter.o
                0x000401f0                main
 .text          0x00040260       0x78 c:/altera/12.1/nios2eds/bin/gnu/h-i686-mingw32/bin/../lib/gcc/nios2-elf/4.1.2/../../../../nios2-elf/lib/mno-hw-mul\libc.a(lib_a-printf.o)
                0x00040260                printf
                0x000402a4                _printf_r
 .text          0x000402d8     0x1f40 c:/altera/12.1/nios2eds/bin/gnu/h-i686-mingw32/bin/../lib/gcc/nios2-elf/4.1.2/../../../../nios2-elf/lib/mno-hw-mul\libc.a(lib_a-vfprintf.o)
                0x00040330                ___vfprintf_internal_r
                0x000421f4                __vfprintf_internal
 .text          0x00042218      0x13c c:/altera/12.1/nios2eds/bin/gnu/h-i686-mingw32/bin/../lib/gcc/nios2-elf/4.1.2/../../../../nios2-elf/lib/mno-hw-mul\libc.a(lib_a-wsetup.o)
                0x00042218                __swsetup_r
 .text          0x00042354     0x17f8 c:/altera/12.1/nios2eds/bin/gnu/h-i686-mingw32/bin/../lib/gcc/nios2-elf/4.1.2/../../../../nios2-elf/lib/mno-hw-mul\libc.a(lib_a-dtoa.o)
                0x00042598                _dtoa_r
 .text          0x00043b4c      0x230 c:/altera/12.1/nios2eds/bin/gnu/h-i686-mingw32/bin/../lib/gcc/nios2-elf/4.1.2/../../../../nios2-elf/lib/mno-hw-mul\libc.a(lib_a-fflush.o)
                0x00043b4c                _fflush_r
                0x00043d48                fflush
 .text          0x00043d7c      0x2f4 c:/altera/12.1/nios2eds/bin/gnu/h-i686-mingw32/bin/../lib/gcc/nios2-elf/4.1.2/../../../../nios2-elf/lib/mno-hw-mul\libc.a(lib_a-findfp.o)
                0x00043dd4                __sfp_lock_acquire
                0x00043dd8                __sfp_lock_release
                0x00043ddc                __sinit_lock_acquire
                0x00043de0                __sinit_lock_release
                0x00043de4                __sinit
                0x00043e98                __fp_unlock_all
                0x00043eb0                __fp_lock_all
                0x00043ec8                _cleanup_r
                0x00043ed4                _cleanup
                0x00043ee4                __sfmoreglue
                0x00043f80                __sfp
 .text          0x00044070      0x440 c:/altera/12.1/nios2eds/bin/gnu/h-i686-mingw32/bin/../lib/gcc/nios2-elf/4.1.2/../../../../nios2-elf/lib/mno-hw-mul\libc.a(lib_a-freer.o)
                0x00044070                _malloc_trim_r
                0x0004419c                _free_r
 .text          0x000444b0      0x49c c:/altera/12.1/nios2eds/bin/gnu/h-i686-mingw32/bin/../lib/gcc/nios2-elf/4.1.2/../../../../nios2-elf/lib/mno-hw-mul\libc.a(lib_a-fvwrite.o)
                0x000444b0                __sfvwrite_r
 .text          0x0004494c      0x180 c:/altera/12.1/nios2eds/bin/gnu/h-i686-mingw32/bin/../lib/gcc/nios2-elf/4.1.2/../../../../nios2-elf/lib/mno-hw-mul\libc.a(lib_a-fwalk.o)
                0x0004494c                _fwalk_reent
                0x00044a14                _fwalk
 .text          0x00044acc        0x0 c:/altera/12.1/nios2eds/bin/gnu/h-i686-mingw32/bin/../lib/gcc/nios2-elf/4.1.2/../../../../nios2-elf/lib/mno-hw-mul\libc.a(lib_a-impure.o)
 .text          0x00044acc       0xc4 c:/altera/12.1/nios2eds/bin/gnu/h-i686-mingw32/bin/../lib/gcc/nios2-elf/4.1.2/../../../../nios2-elf/lib/mno-hw-mul\libc.a(lib_a-locale.o)
                0x00044acc                __locale_charset
                0x00044ad4                _localeconv_r
                0x00044ae0                localeconv
                0x00044af0                _setlocale_r
                0x00044b74                setlocale
 .text          0x00044b90      0x194 c:/altera/12.1/nios2eds/bin/gnu/h-i686-mingw32/bin/../lib/gcc/nios2-elf/4.1.2/../../../../nios2-elf/lib/mno-hw-mul\libc.a(lib_a-makebuf.o)
                0x00044b90                __smakebuf_r
 .text          0x00044d24      0x740 c:/altera/12.1/nios2eds/bin/gnu/h-i686-mingw32/bin/../lib/gcc/nios2-elf/4.1.2/../../../../nios2-elf/lib/mno-hw-mul\libc.a(lib_a-mallocr.o)
                0x00044d24                _malloc_r
 .text          0x00045464       0xe4 c:/altera/12.1/nios2eds/bin/gnu/h-i686-mingw32/bin/../lib/gcc/nios2-elf/4.1.2/../../../../nios2-elf/lib/mno-hw-mul\libc.a(lib_a-memchr.o)
                0x00045464                memchr
 .text          0x00045548       0xa0 c:/altera/12.1/nios2eds/bin/gnu/h-i686-mingw32/bin/../lib/gcc/nios2-elf/4.1.2/../../../../nios2-elf/lib/mno-hw-mul\libc.a(lib_a-memcpy.o)
                0x00045548                memcpy
 .text          0x000455e8       0xe0 c:/altera/12.1/nios2eds/bin/gnu/h-i686-mingw32/bin/../lib/gcc/nios2-elf/4.1.2/../../../../nios2-elf/lib/mno-hw-mul\libc.a(lib_a-memmove.o)
                0x000455e8                memmove
 .text          0x000456c8       0x98 c:/altera/12.1/nios2eds/bin/gnu/h-i686-mingw32/bin/../lib/gcc/nios2-elf/4.1.2/../../../../nios2-elf/lib/mno-hw-mul\libc.a(lib_a-memset.o)
                0x000456c8                memset
 .text          0x00045760     0x108c c:/altera/12.1/nios2eds/bin/gnu/h-i686-mingw32/bin/../lib/gcc/nios2-elf/4.1.2/../../../../nios2-elf/lib/mno-hw-mul\libc.a(lib_a-mprec.o)
                0x00045760                _Bfree
                0x00045788                __hi0bits
                0x000457f8                __lo0bits
                0x000458bc                __mcmp
                0x0004591c                __ulp
                0x0004599c                __b2d
                0x00045abc                __ratio
                0x00045b6c                _mprec_log10
                0x00045c00                __copybits
                0x00045c58                __any_on
                0x00045ce0                _Balloc
                0x00045d9c                __d2b
                0x00045f18                __mdiff
                0x000460a4                __lshift
                0x000461f0                __multiply
                0x00046444                __i2b
                0x00046480                __multadd
                0x000465ac                __pow5mult
                0x000466cc                __s2b
 .text          0x000467ec      0x5f4 c:/altera/12.1/nios2eds/bin/gnu/h-i686-mingw32/bin/../lib/gcc/nios2-elf/4.1.2/../../../../nios2-elf/lib/mno-hw-mul\libc.a(lib_a-reallocr.o)
                0x000467ec                _realloc_r
 .text          0x00046de0       0x40 c:/altera/12.1/nios2eds/bin/gnu/h-i686-mingw32/bin/../lib/gcc/nios2-elf/4.1.2/../../../../nios2-elf/lib/mno-hw-mul\libc.a(lib_a-s_isinfd.o)
                0x00046de0                __isinfd
 .text          0x00046e20       0x30 c:/altera/12.1/nios2eds/bin/gnu/h-i686-mingw32/bin/../lib/gcc/nios2-elf/4.1.2/../../../../nios2-elf/lib/mno-hw-mul\libc.a(lib_a-s_isnand.o)
                0x00046e20                __isnand
 .text          0x00046e50       0x70 c:/altera/12.1/nios2eds/bin/gnu/h-i686-mingw32/bin/../lib/gcc/nios2-elf/4.1.2/../../../../nios2-elf/lib/mno-hw-mul\libc.a(lib_a-sbrkr.o)
                0x00046e50                _sbrk_r
 .text          0x00046ec0      0x14c c:/altera/12.1/nios2eds/bin/gnu/h-i686-mingw32/bin/../lib/gcc/nios2-elf/4.1.2/../../../../nios2-elf/lib/mno-hw-mul\libc.a(lib_a-stdio.o)
                0x00046ec0                __sclose
                0x00046ec8                __sseek
                0x00046f30                __swrite
                0x00046fac                __sread
 .text          0x0004700c       0xbc c:/altera/12.1/nios2eds/bin/gnu/h-i686-mingw32/bin/../lib/gcc/nios2-elf/4.1.2/../../../../nios2-elf/lib/mno-hw-mul\libc.a(lib_a-strcmp.o)
                0x0004700c                strcmp
 .text          0x000470c8       0x74 c:/altera/12.1/nios2eds/bin/gnu/h-i686-mingw32/bin/../lib/gcc/nios2-elf/4.1.2/../../../../nios2-elf/lib/mno-hw-mul\libc.a(lib_a-strlen.o)
                0x000470c8                strlen
 .text          0x0004713c       0x78 c:/altera/12.1/nios2eds/bin/gnu/h-i686-mingw32/bin/../lib/gcc/nios2-elf/4.1.2/../../../../nios2-elf/lib/mno-hw-mul\libc.a(lib_a-writer.o)
                0x0004713c                _write_r
 .text          0x000471b4       0xc8 c:/altera/12.1/nios2eds/bin/gnu/h-i686-mingw32/bin/../lib/gcc/nios2-elf/4.1.2/../../../../nios2-elf/lib/mno-hw-mul\libc.a(lib_a-callocr.o)
                0x000471b4                _calloc_r
 .text          0x0004727c       0x70 c:/altera/12.1/nios2eds/bin/gnu/h-i686-mingw32/bin/../lib/gcc/nios2-elf/4.1.2/../../../../nios2-elf/lib/mno-hw-mul\libc.a(lib_a-closer.o)
                0x0004727c                _close_r
 .text          0x000472ec      0x124 c:/altera/12.1/nios2eds/bin/gnu/h-i686-mingw32/bin/../lib/gcc/nios2-elf/4.1.2/../../../../nios2-elf/lib/mno-hw-mul\libc.a(lib_a-fclose.o)
                0x000472ec                _fclose_r
                0x000473fc                fclose
 .text          0x00047410       0x74 c:/altera/12.1/nios2eds/bin/gnu/h-i686-mingw32/bin/../lib/gcc/nios2-elf/4.1.2/../../../../nios2-elf/lib/mno-hw-mul\libc.a(lib_a-fstatr.o)
                0x00047410                _fstat_r
 .text          0x00047484        0x0 c:/altera/12.1/nios2eds/bin/gnu/h-i686-mingw32/bin/../lib/gcc/nios2-elf/4.1.2/../../../../nios2-elf/lib/mno-hw-mul\libc.a(lib_a-int_errno.o)
 .text          0x00047484       0x70 c:/altera/12.1/nios2eds/bin/gnu/h-i686-mingw32/bin/../lib/gcc/nios2-elf/4.1.2/../../../../nios2-elf/lib/mno-hw-mul\libc.a(lib_a-isattyr.o)
                0x00047484                _isatty_r
 .text          0x000474f4       0x78 c:/altera/12.1/nios2eds/bin/gnu/h-i686-mingw32/bin/../lib/gcc/nios2-elf/4.1.2/../../../../nios2-elf/lib/mno-hw-mul\libc.a(lib_a-lseekr.o)
                0x000474f4                _lseek_r
 .text          0x0004756c       0x78 c:/altera/12.1/nios2eds/bin/gnu/h-i686-mingw32/bin/../lib/gcc/nios2-elf/4.1.2/../../../../nios2-elf/lib/mno-hw-mul\libc.a(lib_a-readr.o)
                0x0004756c                _read_r
 .text          0x000475e4      0x66c c:/altera/12.1/nios2eds/bin/gnu/h-i686-mingw32/bin/../lib/gcc/nios2-elf/4.1.2/mno-hw-mul\libgcc.a(_udivdi3.o)
                0x000475e4                __udivdi3
 .text          0x00047c50      0x660 c:/altera/12.1/nios2eds/bin/gnu/h-i686-mingw32/bin/../lib/gcc/nios2-elf/4.1.2/mno-hw-mul\libgcc.a(_umoddi3.o)
                0x00047c50                __umoddi3
 .text          0x000482b0      0x504 c:/altera/12.1/nios2eds/bin/gnu/h-i686-mingw32/bin/../lib/gcc/nios2-elf/4.1.2/mno-hw-mul\libgcc.a(_addsub_df.o)
                0x000486c0                __subdf3
                0x00048740                __adddf3
 .text          0x000487b4      0x3c4 c:/altera/12.1/nios2eds/bin/gnu/h-i686-mingw32/bin/../lib/gcc/nios2-elf/4.1.2/mno-hw-mul\libgcc.a(_mul_df.o)
                0x000487b4                __muldf3
 .text          0x00048b78      0x258 c:/altera/12.1/nios2eds/bin/gnu/h-i686-mingw32/bin/../lib/gcc/nios2-elf/4.1.2/mno-hw-mul\libgcc.a(_div_df.o)
                0x00048b78                __divdf3
 .text          0x00048dd0       0x88 c:/altera/12.1/nios2eds/bin/gnu/h-i686-mingw32/bin/../lib/gcc/nios2-elf/4.1.2/mno-hw-mul\libgcc.a(_eq_df.o)
                0x00048dd0                __eqdf2
 .text          0x00048e58       0x88 c:/altera/12.1/nios2eds/bin/gnu/h-i686-mingw32/bin/../lib/gcc/nios2-elf/4.1.2/mno-hw-mul\libgcc.a(_ne_df.o)
                0x00048e58                __nedf2
 .text          0x00048ee0       0x88 c:/altera/12.1/nios2eds/bin/gnu/h-i686-mingw32/bin/../lib/gcc/nios2-elf/4.1.2/mno-hw-mul\libgcc.a(_gt_df.o)
                0x00048ee0                __gtdf2
 .text          0x00048f68       0x88 c:/altera/12.1/nios2eds/bin/gnu/h-i686-mingw32/bin/../lib/gcc/nios2-elf/4.1.2/mno-hw-mul\libgcc.a(_ge_df.o)
                0x00048f68                __gedf2
 .text          0x00048ff0       0x88 c:/altera/12.1/nios2eds/bin/gnu/h-i686-mingw32/bin/../lib/gcc/nios2-elf/4.1.2/mno-hw-mul\libgcc.a(_lt_df.o)
                0x00048ff0                __ltdf2
 .text          0x00049078       0xf8 c:/altera/12.1/nios2eds/bin/gnu/h-i686-mingw32/bin/../lib/gcc/nios2-elf/4.1.2/mno-hw-mul\libgcc.a(_si_to_df.o)
                0x00049078                __floatsidf
 .text          0x00049170       0xd8 c:/altera/12.1/nios2eds/bin/gnu/h-i686-mingw32/bin/../lib/gcc/nios2-elf/4.1.2/mno-hw-mul\libgcc.a(_df_to_si.o)
                0x00049170                __fixdfsi
 .text          0x00049248        0x0 c:/altera/12.1/nios2eds/bin/gnu/h-i686-mingw32/bin/../lib/gcc/nios2-elf/4.1.2/mno-hw-mul\libgcc.a(_thenan_df.o)
 .text          0x00049248      0x194 c:/altera/12.1/nios2eds/bin/gnu/h-i686-mingw32/bin/../lib/gcc/nios2-elf/4.1.2/mno-hw-mul\libgcc.a(_usi_to_df.o)
                0x00049248                __floatunsidf
 .text          0x000493dc      0x14c c:/altera/12.1/nios2eds/bin/gnu/h-i686-mingw32/bin/../lib/gcc/nios2-elf/4.1.2/mno-hw-mul\libgcc.a(lib2-divmod.o)
                0x00049458                __divsi3
                0x000494b8                __modsi3
                0x00049518                __udivsi3
                0x00049520                __umodsi3
 .text          0x00049528       0x38 c:/altera/12.1/nios2eds/bin/gnu/h-i686-mingw32/bin/../lib/gcc/nios2-elf/4.1.2/mno-hw-mul\libgcc.a(lib2-mul.o)
                0x00049528                __mulsi3
 .text          0x00049560      0x124 c:/altera/12.1/nios2eds/bin/gnu/h-i686-mingw32/bin/../lib/gcc/nios2-elf/4.1.2/mno-hw-mul\libgcc.a(_muldi3.o)
                0x00049560                __muldi3
 .text          0x00049684        0x0 c:/altera/12.1/nios2eds/bin/gnu/h-i686-mingw32/bin/../lib/gcc/nios2-elf/4.1.2/mno-hw-mul\libgcc.a(_clz.o)
 .text          0x00049684       0x80 c:/altera/12.1/nios2eds/bin/gnu/h-i686-mingw32/bin/../lib/gcc/nios2-elf/4.1.2/mno-hw-mul\libgcc.a(_clzsi2.o)
                0x00049684                __clzsi2
 .text          0x00049704      0x314 c:/altera/12.1/nios2eds/bin/gnu/h-i686-mingw32/bin/../lib/gcc/nios2-elf/4.1.2/mno-hw-mul\libgcc.a(_pack_df.o)
                0x00049704                __pack_d
 .text          0x00049a18      0x138 c:/altera/12.1/nios2eds/bin/gnu/h-i686-mingw32/bin/../lib/gcc/nios2-elf/4.1.2/mno-hw-mul\libgcc.a(_unpack_df.o)
                0x00049a18                __unpack_d
 .text          0x00049b50       0xc8 c:/altera/12.1/nios2eds/bin/gnu/h-i686-mingw32/bin/../lib/gcc/nios2-elf/4.1.2/mno-hw-mul\libgcc.a(_fpcmp_parts_df.o)
                0x00049b50                __fpcmp_parts_d
 .text          0x00049c18      0x160 ../counter_bsp/\libhal_bsp.a(alt_close.o)
                0x00049c18                close
 .text          0x00049d78       0x2c ../counter_bsp/\libhal_bsp.a(alt_dev.o)
 .text          0x00049da4        0x0 ../counter_bsp/\libhal_bsp.a(alt_errno.o)
 .text          0x00049da4      0x138 ../counter_bsp/\libhal_bsp.a(alt_fstat.o)
                0x00049da4                fstat
 .text          0x00049edc      0x124 ../counter_bsp/\libhal_bsp.a(alt_isatty.o)
                0x00049edc                isatty
 .text          0x0004a000       0xec ../counter_bsp/\libhal_bsp.a(alt_load.o)
                0x0004a000                alt_load
 .text          0x0004a0ec      0x154 ../counter_bsp/\libhal_bsp.a(alt_lseek.o)
                0x0004a0ec                lseek
 .text          0x0004a240       0x6c ../counter_bsp/\libhal_bsp.a(alt_main.o)
                0x0004a240                alt_main
 .text          0x0004a2ac       0x40 ../counter_bsp/\libhal_bsp.a(alt_malloc_lock.o)
                0x0004a2ac                __malloc_lock
                0x0004a2cc                __malloc_unlock
 .text          0x0004a2ec      0x184 ../counter_bsp/\libhal_bsp.a(alt_read.o)
                0x0004a2ec                read
 .text          0x0004a470       0x78 ../counter_bsp/\libhal_bsp.a(alt_release_fd.o)
                0x0004a470                alt_release_fd
 .text          0x0004a4e8       0xbc ../counter_bsp/\libhal_bsp.a(alt_sbrk.o)
                0x0004a4e8                sbrk
 .text          0x0004a5a4       0x30 ../counter_bsp/\libhal_bsp.a(alt_usleep.o)
                0x0004a5a4                usleep
 .text          0x0004a5d4      0x184 ../counter_bsp/\libhal_bsp.a(alt_write.o)
                0x0004a5d4                write
 .text          0x0004a758       0xc8 ../counter_bsp/\libhal_bsp.a(alt_sys_init.o)
                0x0004a758                alt_irq_init
                0x0004a78c                alt_sys_init
 .text          0x0004a820      0x148 ../counter_bsp/\libhal_bsp.a(altera_avalon_jtag_uart_fd.o)
                0x0004a820                altera_avalon_jtag_uart_read_fd
                0x0004a878                altera_avalon_jtag_uart_write_fd
                0x0004a8d0                altera_avalon_jtag_uart_close_fd
                0x0004a918                altera_avalon_jtag_uart_ioctl_fd
 .text          0x0004a968      0x40c ../counter_bsp/\libhal_bsp.a(altera_avalon_jtag_uart_init.o)
                0x0004a968                altera_avalon_jtag_uart_init
                0x0004ad00                altera_avalon_jtag_uart_close
 .text          0x0004ad74       0xf4 ../counter_bsp/\libhal_bsp.a(altera_avalon_jtag_uart_ioctl.o)
                0x0004ad74                altera_avalon_jtag_uart_ioctl
 .text          0x0004ae68      0x224 ../counter_bsp/\libhal_bsp.a(altera_avalon_jtag_uart_read.o)
                0x0004ae68                altera_avalon_jtag_uart_read
 .text          0x0004b08c      0x240 ../counter_bsp/\libhal_bsp.a(altera_avalon_jtag_uart_write.o)
                0x0004b08c                altera_avalon_jtag_uart_write
 .text          0x0004b2cc      0x100 ../counter_bsp/\libhal_bsp.a(altera_avalon_timer_sc.o)
                0x0004b33c                alt_avalon_timer_sc_init
 .text          0x0004b3cc      0x154 ../counter_bsp/\libhal_bsp.a(alt_alarm_start.o)
                0x0004b3cc                alt_alarm_start
 .text          0x0004b520      0x15c ../counter_bsp/\libhal_bsp.a(alt_busy_sleep.o)
                0x0004b520                alt_busy_sleep
 .text          0x0004b67c       0x1c ../counter_bsp/\libhal_bsp.a(alt_dcache_flush_all.o)
                0x0004b67c                alt_dcache_flush_all
 .text          0x0004b698      0x114 ../counter_bsp/\libhal_bsp.a(alt_dev_llist_insert.o)
                0x0004b698                alt_dev_llist_insert
 .text          0x0004b7ac       0x64 ../counter_bsp/\libhal_bsp.a(alt_do_ctors.o)
                0x0004b7ac                _do_ctors
 .text          0x0004b810       0x64 ../counter_bsp/\libhal_bsp.a(alt_do_dtors.o)
                0x0004b810                _do_dtors
 .text          0x0004b874       0x30 ../counter_bsp/\libhal_bsp.a(alt_icache_flush_all.o)
                0x0004b874                alt_icache_flush_all
 .text          0x0004b8a4      0x1d4 ../counter_bsp/\libhal_bsp.a(alt_iic.o)
                0x0004b8a4                alt_ic_isr_register
                0x0004b8f4                alt_ic_irq_enable
                0x0004b990                alt_ic_irq_disable
                0x0004ba30                alt_ic_irq_enabled
 .text          0x0004ba78       0xf8 ../counter_bsp/\libhal_bsp.a(alt_iic_isr_register.o)
                0x0004ba78                alt_iic_isr_register
 .text          0x0004bb70      0x150 ../counter_bsp/\libhal_bsp.a(alt_io_redirect.o)
                0x0004bc48                alt_io_redirect
 .text          0x0004bcc0        0x0 ../counter_bsp/\libhal_bsp.a(alt_irq_entry.o)
 .text          0x0004bcc0        0x0 ../counter_bsp/\libhal_bsp.a(alt_irq_handler.o)
 .text          0x0004bcc0        0x0 ../counter_bsp/\libhal_bsp.a(alt_irq_vars.o)
 .text          0x0004bcc0      0x2e4 ../counter_bsp/\libhal_bsp.a(alt_open.o)
                0x0004bdb8                open
 .text          0x0004bfa4      0x1a4 ../counter_bsp/\libhal_bsp.a(alt_tick.o)
                0x0004bfa4                alt_alarm_stop
                0x0004c03c                alt_tick
 .text          0x0004c148       0x20 ../counter_bsp/\libhal_bsp.a(altera_nios2_qsys_irq.o)
                0x0004c148                altera_nios2_qsys_irq_init
 .text          0x0004c168        0x0 ../counter_bsp/\libhal_bsp.a(alt_exception_entry.o)
 .text          0x0004c168       0x94 ../counter_bsp/\libhal_bsp.a(alt_find_dev.o)
                0x0004c168                alt_find_dev
 .text          0x0004c1fc      0x120 ../counter_bsp/\libhal_bsp.a(alt_find_file.o)
                0x0004c1fc                alt_find_file
 .text          0x0004c31c       0xd0 ../counter_bsp/\libhal_bsp.a(alt_get_fd.o)
                0x0004c31c                alt_get_fd
 .text          0x0004c3ec       0x90 ../counter_bsp/\libhal_bsp.a(alt_icache_flush.o)
                0x0004c3ec                alt_icache_flush
 .text          0x0004c47c       0x14 c:/altera/12.1/nios2eds/bin/gnu/h-i686-mingw32/bin/../lib/gcc/nios2-elf/4.1.2/../../../../nios2-elf/lib/mno-hw-mul\libc.a(lib_a-atexit.o)
                0x0004c47c                atexit
 .text          0x0004c490       0x38 c:/altera/12.1/nios2eds/bin/gnu/h-i686-mingw32/bin/../lib/gcc/nios2-elf/4.1.2/../../../../nios2-elf/lib/mno-hw-mul\libc.a(lib_a-exit.o)
                0x0004c490                exit
 .text          0x0004c4c8       0x74 c:/altera/12.1/nios2eds/bin/gnu/h-i686-mingw32/bin/../lib/gcc/nios2-elf/4.1.2/../../../../nios2-elf/lib/mno-hw-mul\libc.a(lib_a-memcmp.o)
                0x0004c4c8                memcmp
 .text          0x0004c53c      0x134 c:/altera/12.1/nios2eds/bin/gnu/h-i686-mingw32/bin/../lib/gcc/nios2-elf/4.1.2/../../../../nios2-elf/lib/mno-hw-mul\libc.a(lib_a-__atexit.o)
                0x0004c53c                __register_exitproc
 .text          0x0004c670      0x1b4 c:/altera/12.1/nios2eds/bin/gnu/h-i686-mingw32/bin/../lib/gcc/nios2-elf/4.1.2/../../../../nios2-elf/lib/mno-hw-mul\libc.a(lib_a-__call_atexit.o)
                0x0004c674                __call_exitprocs
 .text          0x0004c824       0x60 ../counter_bsp/\libhal_bsp.a(alt_exit.o)
                0x0004c864                _exit
 *(.gnu.warning.*)
 *(.fini)
                0x0004c884                PROVIDE (__etext, ABSOLUTE (.))
                0x0004c884                PROVIDE (_etext, ABSOLUTE (.))
                0x0004c884                PROVIDE (etext, ABSOLUTE (.))
 *(.eh_frame_hdr)
                0x0004c884                . = ALIGN (0x4)
                0x0004c884                PROVIDE (__preinit_array_start, ABSOLUTE (.))
 *(.preinit_array)
                0x0004c884                PROVIDE (__preinit_array_end, ABSOLUTE (.))
                0x0004c884                PROVIDE (__init_array_start, ABSOLUTE (.))
 *(.init_array)
                0x0004c884                PROVIDE (__init_array_end, ABSOLUTE (.))
                0x0004c884                PROVIDE (__fini_array_start, ABSOLUTE (.))
 *(.fini_array)
                0x0004c884                PROVIDE (__fini_array_end, ABSOLUTE (.))
 *(.eh_frame)
 *(.gcc_except_table)
 *(.dynamic)
                0x0004c884                PROVIDE (__CTOR_LIST__, ABSOLUTE (.))
 *(.ctors)
 *(SORT(.ctors.*))
 .ctors.65535   0x0004c884        0x4 c:/altera/12.1/nios2eds/bin/gnu/h-i686-mingw32/bin/../lib/gcc/nios2-elf/4.1.2/../../../../nios2-elf/lib/mno-hw-mul\libc.a(lib_a-__call_atexit.o)
                0x0004c888                PROVIDE (__CTOR_END__, ABSOLUTE (.))
                0x0004c888                PROVIDE (__DTOR_LIST__, ABSOLUTE (.))
 *(.dtors)
 *(SORT(.dtors.*))
                0x0004c888                PROVIDE (__DTOR_END__, ABSOLUTE (.))
 *(.jcr)
                0x0004c888                . = ALIGN (0x4)

.rodata         0x0004c888      0x33c
                0x0004c888                PROVIDE (__ram_rodata_start, ABSOLUTE (.))
                0x0004c888                . = ALIGN (0x4)
 *(.rodata .rodata.* .gnu.linkonce.r.*)
 .rodata        0x0004c888        0x4 obj/default/counter.o
 .rodata.str1.4
                0x0004c88c       0x5e c:/altera/12.1/nios2eds/bin/gnu/h-i686-mingw32/bin/../lib/gcc/nios2-elf/4.1.2/../../../../nios2-elf/lib/mno-hw-mul\libc.a(lib_a-vfprintf.o)
                                 0x60 (size before relaxing)
 .rodata        0x0004c8ea       0x20 c:/altera/12.1/nios2eds/bin/gnu/h-i686-mingw32/bin/../lib/gcc/nios2-elf/4.1.2/../../../../nios2-elf/lib/mno-hw-mul\libc.a(lib_a-vfprintf.o)
 *fill*         0x0004c90a        0x2 00
 .rodata.str1.4
                0x0004c90c       0x10 c:/altera/12.1/nios2eds/bin/gnu/h-i686-mingw32/bin/../lib/gcc/nios2-elf/4.1.2/../../../../nios2-elf/lib/mno-hw-mul\libc.a(lib_a-dtoa.o)
                                 0x14 (size before relaxing)
 .rodata.str1.4
                0x0004c91c        0x2 c:/altera/12.1/nios2eds/bin/gnu/h-i686-mingw32/bin/../lib/gcc/nios2-elf/4.1.2/../../../../nios2-elf/lib/mno-hw-mul\libc.a(lib_a-impure.o)
                                  0x4 (size before relaxing)
 *fill*         0x0004c91e        0x2 00
 .rodata.str1.4
                0x0004c920       0x10 c:/altera/12.1/nios2eds/bin/gnu/h-i686-mingw32/bin/../lib/gcc/nios2-elf/4.1.2/../../../../nios2-elf/lib/mno-hw-mul\libc.a(lib_a-locale.o)
                                 0x18 (size before relaxing)
 .rodata        0x0004c930       0x30 c:/altera/12.1/nios2eds/bin/gnu/h-i686-mingw32/bin/../lib/gcc/nios2-elf/4.1.2/../../../../nios2-elf/lib/mno-hw-mul\libc.a(lib_a-locale.o)
 .rodata        0x0004c960      0x124 c:/altera/12.1/nios2eds/bin/gnu/h-i686-mingw32/bin/../lib/gcc/nios2-elf/4.1.2/../../../../nios2-elf/lib/mno-hw-mul\libc.a(lib_a-mprec.o)
                0x0004c960                __mprec_tens
                0x0004ca28                __mprec_bigtens
                0x0004ca50                __mprec_tinytens
 .rodata        0x0004ca84       0x14 c:/altera/12.1/nios2eds/bin/gnu/h-i686-mingw32/bin/../lib/gcc/nios2-elf/4.1.2/mno-hw-mul\libgcc.a(_thenan_df.o)
                0x0004ca84                __thenan_df
 .rodata        0x0004ca98      0x100 c:/altera/12.1/nios2eds/bin/gnu/h-i686-mingw32/bin/../lib/gcc/nios2-elf/4.1.2/mno-hw-mul\libgcc.a(_clz.o)
                0x0004ca98                __clz_tab
 .rodata        0x0004cb98        0xc ../counter_bsp/\libhal_bsp.a(alt_dev.o)
 .rodata        0x0004cba4       0x10 ../counter_bsp/\libhal_bsp.a(alt_main.o)
 .rodata        0x0004cbb4       0x10 ../counter_bsp/\libhal_bsp.a(alt_sys_init.o)
 *(.rodata1)
                0x0004cbc4                . = ALIGN (0x4)
                0x0004cbc4                PROVIDE (__ram_rodata_end, ABSOLUTE (.))
                0x0004c888                PROVIDE (__flash_rodata_start, LOADADDR (.rodata))

.rwdata         0x0004cbc4     0x1a5c load address 0x0004e620
                0x0004cbc4                PROVIDE (__ram_rwdata_start, ABSOLUTE (.))
                0x0004cbc4                . = ALIGN (0x4)
 *(.got.plt)
 *(.got)
 *(.data1)
 *(.data .data.* .gnu.linkonce.d.*)
 .data          0x0004cbc4        0x0 ../counter_bsp//obj/HAL/src/crt0.o
 .data          0x0004cbc4        0x0 obj/default/counter.o
 .data          0x0004cbc4        0x0 c:/altera/12.1/nios2eds/bin/gnu/h-i686-mingw32/bin/../lib/gcc/nios2-elf/4.1.2/../../../../nios2-elf/lib/mno-hw-mul\libc.a(lib_a-printf.o)
 .data          0x0004cbc4        0x0 c:/altera/12.1/nios2eds/bin/gnu/h-i686-mingw32/bin/../lib/gcc/nios2-elf/4.1.2/../../../../nios2-elf/lib/mno-hw-mul\libc.a(lib_a-vfprintf.o)
 .data          0x0004cbc4        0x0 c:/altera/12.1/nios2eds/bin/gnu/h-i686-mingw32/bin/../lib/gcc/nios2-elf/4.1.2/../../../../nios2-elf/lib/mno-hw-mul\libc.a(lib_a-wsetup.o)
 .data          0x0004cbc4        0x0 c:/altera/12.1/nios2eds/bin/gnu/h-i686-mingw32/bin/../lib/gcc/nios2-elf/4.1.2/../../../../nios2-elf/lib/mno-hw-mul\libc.a(lib_a-dtoa.o)
 .data          0x0004cbc4        0x0 c:/altera/12.1/nios2eds/bin/gnu/h-i686-mingw32/bin/../lib/gcc/nios2-elf/4.1.2/../../../../nios2-elf/lib/mno-hw-mul\libc.a(lib_a-fflush.o)
 .data          0x0004cbc4        0x0 c:/altera/12.1/nios2eds/bin/gnu/h-i686-mingw32/bin/../lib/gcc/nios2-elf/4.1.2/../../../../nios2-elf/lib/mno-hw-mul\libc.a(lib_a-findfp.o)
 .data          0x0004cbc4        0x0 c:/altera/12.1/nios2eds/bin/gnu/h-i686-mingw32/bin/../lib/gcc/nios2-elf/4.1.2/../../../../nios2-elf/lib/mno-hw-mul\libc.a(lib_a-freer.o)
 .data          0x0004cbc4        0x0 c:/altera/12.1/nios2eds/bin/gnu/h-i686-mingw32/bin/../lib/gcc/nios2-elf/4.1.2/../../../../nios2-elf/lib/mno-hw-mul\libc.a(lib_a-fvwrite.o)
 .data          0x0004cbc4        0x0 c:/altera/12.1/nios2eds/bin/gnu/h-i686-mingw32/bin/../lib/gcc/nios2-elf/4.1.2/../../../../nios2-elf/lib/mno-hw-mul\libc.a(lib_a-fwalk.o)
 .data          0x0004cbc4      0x400 c:/altera/12.1/nios2eds/bin/gnu/h-i686-mingw32/bin/../lib/gcc/nios2-elf/4.1.2/../../../../nios2-elf/lib/mno-hw-mul\libc.a(lib_a-impure.o)
 .data          0x0004cfc4        0xc c:/altera/12.1/nios2eds/bin/gnu/h-i686-mingw32/bin/../lib/gcc/nios2-elf/4.1.2/../../../../nios2-elf/lib/mno-hw-mul\libc.a(lib_a-locale.o)
                0x0004cfc4                __lc_ctype
 .data          0x0004cfd0        0x0 c:/altera/12.1/nios2eds/bin/gnu/h-i686-mingw32/bin/../lib/gcc/nios2-elf/4.1.2/../../../../nios2-elf/lib/mno-hw-mul\libc.a(lib_a-makebuf.o)
 .data          0x0004cfd0      0x408 c:/altera/12.1/nios2eds/bin/gnu/h-i686-mingw32/bin/../lib/gcc/nios2-elf/4.1.2/../../../../nios2-elf/lib/mno-hw-mul\libc.a(lib_a-mallocr.o)
                0x0004cfd0                __malloc_av_
 .data          0x0004d3d8        0x0 c:/altera/12.1/nios2eds/bin/gnu/h-i686-mingw32/bin/../lib/gcc/nios2-elf/4.1.2/../../../../nios2-elf/lib/mno-hw-mul\libc.a(lib_a-memchr.o)
 .data          0x0004d3d8        0x0 c:/altera/12.1/nios2eds/bin/gnu/h-i686-mingw32/bin/../lib/gcc/nios2-elf/4.1.2/../../../../nios2-elf/lib/mno-hw-mul\libc.a(lib_a-memcpy.o)
 .data          0x0004d3d8        0x0 c:/altera/12.1/nios2eds/bin/gnu/h-i686-mingw32/bin/../lib/gcc/nios2-elf/4.1.2/../../../../nios2-elf/lib/mno-hw-mul\libc.a(lib_a-memmove.o)
 .data          0x0004d3d8        0x0 c:/altera/12.1/nios2eds/bin/gnu/h-i686-mingw32/bin/../lib/gcc/nios2-elf/4.1.2/../../../../nios2-elf/lib/mno-hw-mul\libc.a(lib_a-memset.o)
 .data          0x0004d3d8        0x0 c:/altera/12.1/nios2eds/bin/gnu/h-i686-mingw32/bin/../lib/gcc/nios2-elf/4.1.2/../../../../nios2-elf/lib/mno-hw-mul\libc.a(lib_a-mprec.o)
 .data          0x0004d3d8        0x0 c:/altera/12.1/nios2eds/bin/gnu/h-i686-mingw32/bin/../lib/gcc/nios2-elf/4.1.2/../../../../nios2-elf/lib/mno-hw-mul\libc.a(lib_a-reallocr.o)
 .data          0x0004d3d8        0x0 c:/altera/12.1/nios2eds/bin/gnu/h-i686-mingw32/bin/../lib/gcc/nios2-elf/4.1.2/../../../../nios2-elf/lib/mno-hw-mul\libc.a(lib_a-s_isinfd.o)
 .data          0x0004d3d8        0x0 c:/altera/12.1/nios2eds/bin/gnu/h-i686-mingw32/bin/../lib/gcc/nios2-elf/4.1.2/../../../../nios2-elf/lib/mno-hw-mul\libc.a(lib_a-s_isnand.o)
 .data          0x0004d3d8        0x0 c:/altera/12.1/nios2eds/bin/gnu/h-i686-mingw32/bin/../lib/gcc/nios2-elf/4.1.2/../../../../nios2-elf/lib/mno-hw-mul\libc.a(lib_a-sbrkr.o)
 .data          0x0004d3d8        0x0 c:/altera/12.1/nios2eds/bin/gnu/h-i686-mingw32/bin/../lib/gcc/nios2-elf/4.1.2/../../../../nios2-elf/lib/mno-hw-mul\libc.a(lib_a-stdio.o)
 .data          0x0004d3d8        0x0 c:/altera/12.1/nios2eds/bin/gnu/h-i686-mingw32/bin/../lib/gcc/nios2-elf/4.1.2/../../../../nios2-elf/lib/mno-hw-mul\libc.a(lib_a-strcmp.o)
 .data          0x0004d3d8        0x0 c:/altera/12.1/nios2eds/bin/gnu/h-i686-mingw32/bin/../lib/gcc/nios2-elf/4.1.2/../../../../nios2-elf/lib/mno-hw-mul\libc.a(lib_a-strlen.o)
 .data          0x0004d3d8        0x0 c:/altera/12.1/nios2eds/bin/gnu/h-i686-mingw32/bin/../lib/gcc/nios2-elf/4.1.2/../../../../nios2-elf/lib/mno-hw-mul\libc.a(lib_a-writer.o)
 .data          0x0004d3d8        0x0 c:/altera/12.1/nios2eds/bin/gnu/h-i686-mingw32/bin/../lib/gcc/nios2-elf/4.1.2/../../../../nios2-elf/lib/mno-hw-mul\libc.a(lib_a-callocr.o)
 .data          0x0004d3d8        0x0 c:/altera/12.1/nios2eds/bin/gnu/h-i686-mingw32/bin/../lib/gcc/nios2-elf/4.1.2/../../../../nios2-elf/lib/mno-hw-mul\libc.a(lib_a-closer.o)
 .data          0x0004d3d8        0x0 c:/altera/12.1/nios2eds/bin/gnu/h-i686-mingw32/bin/../lib/gcc/nios2-elf/4.1.2/../../../../nios2-elf/lib/mno-hw-mul\libc.a(lib_a-fclose.o)
 .data          0x0004d3d8        0x0 c:/altera/12.1/nios2eds/bin/gnu/h-i686-mingw32/bin/../lib/gcc/nios2-elf/4.1.2/../../../../nios2-elf/lib/mno-hw-mul\libc.a(lib_a-fstatr.o)
 .data          0x0004d3d8        0x0 c:/altera/12.1/nios2eds/bin/gnu/h-i686-mingw32/bin/../lib/gcc/nios2-elf/4.1.2/../../../../nios2-elf/lib/mno-hw-mul\libc.a(lib_a-int_errno.o)
 .data          0x0004d3d8        0x0 c:/altera/12.1/nios2eds/bin/gnu/h-i686-mingw32/bin/../lib/gcc/nios2-elf/4.1.2/../../../../nios2-elf/lib/mno-hw-mul\libc.a(lib_a-isattyr.o)
 .data          0x0004d3d8        0x0 c:/altera/12.1/nios2eds/bin/gnu/h-i686-mingw32/bin/../lib/gcc/nios2-elf/4.1.2/../../../../nios2-elf/lib/mno-hw-mul\libc.a(lib_a-lseekr.o)
 .data          0x0004d3d8        0x0 c:/altera/12.1/nios2eds/bin/gnu/h-i686-mingw32/bin/../lib/gcc/nios2-elf/4.1.2/../../../../nios2-elf/lib/mno-hw-mul\libc.a(lib_a-readr.o)
 .data          0x0004d3d8        0x0 c:/altera/12.1/nios2eds/bin/gnu/h-i686-mingw32/bin/../lib/gcc/nios2-elf/4.1.2/mno-hw-mul\libgcc.a(_udivdi3.o)
 .data          0x0004d3d8        0x0 c:/altera/12.1/nios2eds/bin/gnu/h-i686-mingw32/bin/../lib/gcc/nios2-elf/4.1.2/mno-hw-mul\libgcc.a(_umoddi3.o)
 .data          0x0004d3d8        0x0 c:/altera/12.1/nios2eds/bin/gnu/h-i686-mingw32/bin/../lib/gcc/nios2-elf/4.1.2/mno-hw-mul\libgcc.a(_addsub_df.o)
 .data          0x0004d3d8        0x0 c:/altera/12.1/nios2eds/bin/gnu/h-i686-mingw32/bin/../lib/gcc/nios2-elf/4.1.2/mno-hw-mul\libgcc.a(_mul_df.o)
 .data          0x0004d3d8        0x0 c:/altera/12.1/nios2eds/bin/gnu/h-i686-mingw32/bin/../lib/gcc/nios2-elf/4.1.2/mno-hw-mul\libgcc.a(_div_df.o)
 .data          0x0004d3d8        0x0 c:/altera/12.1/nios2eds/bin/gnu/h-i686-mingw32/bin/../lib/gcc/nios2-elf/4.1.2/mno-hw-mul\libgcc.a(_eq_df.o)
 .data          0x0004d3d8        0x0 c:/altera/12.1/nios2eds/bin/gnu/h-i686-mingw32/bin/../lib/gcc/nios2-elf/4.1.2/mno-hw-mul\libgcc.a(_ne_df.o)
 .data          0x0004d3d8        0x0 c:/altera/12.1/nios2eds/bin/gnu/h-i686-mingw32/bin/../lib/gcc/nios2-elf/4.1.2/mno-hw-mul\libgcc.a(_gt_df.o)
 .data          0x0004d3d8        0x0 c:/altera/12.1/nios2eds/bin/gnu/h-i686-mingw32/bin/../lib/gcc/nios2-elf/4.1.2/mno-hw-mul\libgcc.a(_ge_df.o)
 .data          0x0004d3d8        0x0 c:/altera/12.1/nios2eds/bin/gnu/h-i686-mingw32/bin/../lib/gcc/nios2-elf/4.1.2/mno-hw-mul\libgcc.a(_lt_df.o)
 .data          0x0004d3d8        0x0 c:/altera/12.1/nios2eds/bin/gnu/h-i686-mingw32/bin/../lib/gcc/nios2-elf/4.1.2/mno-hw-mul\libgcc.a(_si_to_df.o)
 .data          0x0004d3d8        0x0 c:/altera/12.1/nios2eds/bin/gnu/h-i686-mingw32/bin/../lib/gcc/nios2-elf/4.1.2/mno-hw-mul\libgcc.a(_df_to_si.o)
 .data          0x0004d3d8        0x0 c:/altera/12.1/nios2eds/bin/gnu/h-i686-mingw32/bin/../lib/gcc/nios2-elf/4.1.2/mno-hw-mul\libgcc.a(_thenan_df.o)
 .data          0x0004d3d8        0x0 c:/altera/12.1/nios2eds/bin/gnu/h-i686-mingw32/bin/../lib/gcc/nios2-elf/4.1.2/mno-hw-mul\libgcc.a(_usi_to_df.o)
 .data          0x0004d3d8        0x0 c:/altera/12.1/nios2eds/bin/gnu/h-i686-mingw32/bin/../lib/gcc/nios2-elf/4.1.2/mno-hw-mul\libgcc.a(lib2-divmod.o)
 .data          0x0004d3d8        0x0 c:/altera/12.1/nios2eds/bin/gnu/h-i686-mingw32/bin/../lib/gcc/nios2-elf/4.1.2/mno-hw-mul\libgcc.a(lib2-mul.o)
 .data          0x0004d3d8        0x0 c:/altera/12.1/nios2eds/bin/gnu/h-i686-mingw32/bin/../lib/gcc/nios2-elf/4.1.2/mno-hw-mul\libgcc.a(_muldi3.o)
 .data          0x0004d3d8        0x0 c:/altera/12.1/nios2eds/bin/gnu/h-i686-mingw32/bin/../lib/gcc/nios2-elf/4.1.2/mno-hw-mul\libgcc.a(_clz.o)
 .data          0x0004d3d8        0x0 c:/altera/12.1/nios2eds/bin/gnu/h-i686-mingw32/bin/../lib/gcc/nios2-elf/4.1.2/mno-hw-mul\libgcc.a(_clzsi2.o)
 .data          0x0004d3d8        0x0 c:/altera/12.1/nios2eds/bin/gnu/h-i686-mingw32/bin/../lib/gcc/nios2-elf/4.1.2/mno-hw-mul\libgcc.a(_pack_df.o)
 .data          0x0004d3d8        0x0 c:/altera/12.1/nios2eds/bin/gnu/h-i686-mingw32/bin/../lib/gcc/nios2-elf/4.1.2/mno-hw-mul\libgcc.a(_unpack_df.o)
 .data          0x0004d3d8        0x0 c:/altera/12.1/nios2eds/bin/gnu/h-i686-mingw32/bin/../lib/gcc/nios2-elf/4.1.2/mno-hw-mul\libgcc.a(_fpcmp_parts_df.o)
 .data          0x0004d3d8        0x0 ../counter_bsp/\libhal_bsp.a(alt_close.o)
 .data          0x0004d3d8      0x1a8 ../counter_bsp/\libhal_bsp.a(alt_dev.o)
                0x0004d3d8                alt_dev_null
                0x0004d400                alt_fd_list
 .data          0x0004d580        0x0 ../counter_bsp/\libhal_bsp.a(alt_errno.o)
 .data          0x0004d580        0x0 ../counter_bsp/\libhal_bsp.a(alt_fstat.o)
 .data          0x0004d580        0x0 ../counter_bsp/\libhal_bsp.a(alt_isatty.o)
 .data          0x0004d580        0x0 ../counter_bsp/\libhal_bsp.a(alt_load.o)
 .data          0x0004d580        0x0 ../counter_bsp/\libhal_bsp.a(alt_lseek.o)
 .data          0x0004d580        0x0 ../counter_bsp/\libhal_bsp.a(alt_main.o)
 .data          0x0004d580        0x0 ../counter_bsp/\libhal_bsp.a(alt_malloc_lock.o)
 .data          0x0004d580        0x0 ../counter_bsp/\libhal_bsp.a(alt_read.o)
 .data          0x0004d580        0x0 ../counter_bsp/\libhal_bsp.a(alt_release_fd.o)
 .data          0x0004d580        0x0 ../counter_bsp/\libhal_bsp.a(alt_sbrk.o)
 .data          0x0004d580        0x0 ../counter_bsp/\libhal_bsp.a(alt_usleep.o)
 .data          0x0004d580        0x0 ../counter_bsp/\libhal_bsp.a(alt_write.o)
 .data          0x0004d580     0x1060 ../counter_bsp/\libhal_bsp.a(alt_sys_init.o)
 .data          0x0004e5e0        0x0 ../counter_bsp/\libhal_bsp.a(altera_avalon_jtag_uart_fd.o)
 .data          0x0004e5e0        0x0 ../counter_bsp/\libhal_bsp.a(altera_avalon_jtag_uart_init.o)
 .data          0x0004e5e0        0x0 ../counter_bsp/\libhal_bsp.a(altera_avalon_jtag_uart_ioctl.o)
 .data          0x0004e5e0        0x0 ../counter_bsp/\libhal_bsp.a(altera_avalon_jtag_uart_read.o)
 .data          0x0004e5e0        0x0 ../counter_bsp/\libhal_bsp.a(altera_avalon_jtag_uart_write.o)
 .data          0x0004e5e0        0x0 ../counter_bsp/\libhal_bsp.a(altera_avalon_timer_sc.o)
 .data          0x0004e5e0        0x0 ../counter_bsp/\libhal_bsp.a(alt_alarm_start.o)
 .data          0x0004e5e0        0x0 ../counter_bsp/\libhal_bsp.a(alt_busy_sleep.o)
 .data          0x0004e5e0        0x0 ../counter_bsp/\libhal_bsp.a(alt_dcache_flush_all.o)
 .data          0x0004e5e0        0x0 ../counter_bsp/\libhal_bsp.a(alt_dev_llist_insert.o)
 .data          0x0004e5e0        0x0 ../counter_bsp/\libhal_bsp.a(alt_do_ctors.o)
 .data          0x0004e5e0        0x0 ../counter_bsp/\libhal_bsp.a(alt_do_dtors.o)
 .data          0x0004e5e0        0x0 ../counter_bsp/\libhal_bsp.a(alt_icache_flush_all.o)
 .data          0x0004e5e0        0x0 ../counter_bsp/\libhal_bsp.a(alt_iic.o)
 .data          0x0004e5e0        0x0 ../counter_bsp/\libhal_bsp.a(alt_iic_isr_register.o)
 .data          0x0004e5e0        0x0 ../counter_bsp/\libhal_bsp.a(alt_io_redirect.o)
 .data          0x0004e5e0        0x0 ../counter_bsp/\libhal_bsp.a(alt_irq_entry.o)
 .data          0x0004e5e0        0x0 ../counter_bsp/\libhal_bsp.a(alt_irq_handler.o)
 .data          0x0004e5e0        0x0 ../counter_bsp/\libhal_bsp.a(alt_irq_vars.o)
 .data          0x0004e5e0        0x0 ../counter_bsp/\libhal_bsp.a(alt_open.o)
 .data          0x0004e5e0        0x0 ../counter_bsp/\libhal_bsp.a(alt_tick.o)
 .data          0x0004e5e0        0x0 ../counter_bsp/\libhal_bsp.a(altera_nios2_qsys_irq.o)
 .data          0x0004e5e0        0x0 ../counter_bsp/\libhal_bsp.a(alt_exception_entry.o)
 .data          0x0004e5e0        0x0 ../counter_bsp/\libhal_bsp.a(alt_find_dev.o)
 .data          0x0004e5e0        0x0 ../counter_bsp/\libhal_bsp.a(alt_find_file.o)
 .data          0x0004e5e0        0x0 ../counter_bsp/\libhal_bsp.a(alt_get_fd.o)
 .data          0x0004e5e0        0x0 ../counter_bsp/\libhal_bsp.a(alt_icache_flush.o)
 .data          0x0004e5e0        0x0 c:/altera/12.1/nios2eds/bin/gnu/h-i686-mingw32/bin/../lib/gcc/nios2-elf/4.1.2/../../../../nios2-elf/lib/mno-hw-mul\libc.a(lib_a-atexit.o)
 .data          0x0004e5e0        0x0 c:/altera/12.1/nios2eds/bin/gnu/h-i686-mingw32/bin/../lib/gcc/nios2-elf/4.1.2/../../../../nios2-elf/lib/mno-hw-mul\libc.a(lib_a-exit.o)
 .data          0x0004e5e0        0x0 c:/altera/12.1/nios2eds/bin/gnu/h-i686-mingw32/bin/../lib/gcc/nios2-elf/4.1.2/../../../../nios2-elf/lib/mno-hw-mul\libc.a(lib_a-memcmp.o)
 .data          0x0004e5e0        0x0 c:/altera/12.1/nios2eds/bin/gnu/h-i686-mingw32/bin/../lib/gcc/nios2-elf/4.1.2/../../../../nios2-elf/lib/mno-hw-mul\libc.a(lib_a-__atexit.o)
 .data          0x0004e5e0        0x0 c:/altera/12.1/nios2eds/bin/gnu/h-i686-mingw32/bin/../lib/gcc/nios2-elf/4.1.2/../../../../nios2-elf/lib/mno-hw-mul\libc.a(lib_a-__call_atexit.o)
 .data          0x0004e5e0        0x0 ../counter_bsp/\libhal_bsp.a(alt_exit.o)
                0x000565e0                _gp = ABSOLUTE ((. + 0x8000))
                0x000565e0                PROVIDE (gp, _gp)
 *(.rwdata .rwdata.*)
 *(.sdata .sdata.* .gnu.linkonce.s.*)
 .sdata         0x0004e5e0        0x8 c:/altera/12.1/nios2eds/bin/gnu/h-i686-mingw32/bin/../lib/gcc/nios2-elf/4.1.2/../../../../nios2-elf/lib/mno-hw-mul\libc.a(lib_a-impure.o)
                0x0004e5e0                _impure_ptr
                0x0004e5e4                _global_impure_ptr
 .sdata         0x0004e5e8        0x8 c:/altera/12.1/nios2eds/bin/gnu/h-i686-mingw32/bin/../lib/gcc/nios2-elf/4.1.2/../../../../nios2-elf/lib/mno-hw-mul\libc.a(lib_a-locale.o)
                0x0004e5e8                __mb_cur_max
 .sdata         0x0004e5f0        0x8 c:/altera/12.1/nios2eds/bin/gnu/h-i686-mingw32/bin/../lib/gcc/nios2-elf/4.1.2/../../../../nios2-elf/lib/mno-hw-mul\libc.a(lib_a-mallocr.o)
                0x0004e5f0                __malloc_trim_threshold
                0x0004e5f4                __malloc_sbrk_base
 .sdata         0x0004e5f8       0x14 ../counter_bsp/\libhal_bsp.a(alt_dev.o)
                0x0004e5f8                alt_fs_list
                0x0004e600                alt_dev_list
                0x0004e608                alt_max_fd
 .sdata         0x0004e60c        0x4 ../counter_bsp/\libhal_bsp.a(alt_errno.o)
                0x0004e60c                alt_errno
 .sdata         0x0004e610        0x4 ../counter_bsp/\libhal_bsp.a(alt_sbrk.o)
 .sdata         0x0004e614        0x4 ../counter_bsp/\libhal_bsp.a(alt_irq_vars.o)
                0x0004e614                alt_priority_mask
 .sdata         0x0004e618        0x8 ../counter_bsp/\libhal_bsp.a(alt_tick.o)
                0x0004e618                alt_alarm_list
 *(.sdata2 .sdata2.* .gnu.linkonce.s2.*)
                0x0004e620                . = ALIGN (0x4)
                0x0004e620                _edata = ABSOLUTE (.)
                0x0004e620                PROVIDE (edata, ABSOLUTE (.))
                0x0004e620                PROVIDE (__ram_rwdata_end, ABSOLUTE (.))
                0x0004e620                PROVIDE (__flash_rwdata_start, LOADADDR (.rwdata))

.bss            0x0005007c      0x2f0
                0x0005007c                __bss_start = ABSOLUTE (.)
                0x0005007c                PROVIDE (__sbss_start, ABSOLUTE (.))
                0x0005007c                PROVIDE (___sbss_start, ABSOLUTE (.))
 *(.dynsbss)
 *(.sbss .sbss.* .gnu.linkonce.sb.*)
 .sbss          0x0005007c        0x1 obj/default/counter.o
 *fill*         0x0005007d        0x3 00
 .sbss          0x00050080        0xc c:/altera/12.1/nios2eds/bin/gnu/h-i686-mingw32/bin/../lib/gcc/nios2-elf/4.1.2/../../../../nios2-elf/lib/mno-hw-mul\libc.a(lib_a-locale.o)
                0x00050080                __nlocale_changed
                0x00050084                __mlocale_changed
                0x00050088                _PathLocale
 .sbss          0x0005008c        0xc c:/altera/12.1/nios2eds/bin/gnu/h-i686-mingw32/bin/../lib/gcc/nios2-elf/4.1.2/../../../../nios2-elf/lib/mno-hw-mul\libc.a(lib_a-mallocr.o)
                0x0005008c                __malloc_top_pad
                0x00050090                __malloc_max_sbrked_mem
                0x00050094                __malloc_max_total_mem
 .sbss          0x00050098        0x4 c:/altera/12.1/nios2eds/bin/gnu/h-i686-mingw32/bin/../lib/gcc/nios2-elf/4.1.2/../../../../nios2-elf/lib/mno-hw-mul\libc.a(lib_a-int_errno.o)
                0x00050098                errno
 .sbss          0x0005009c        0xc ../counter_bsp/\libhal_bsp.a(alt_main.o)
                0x0005009c                alt_argc
                0x000500a0                alt_argv
                0x000500a4                alt_envp
 .sbss          0x000500a8        0x4 ../counter_bsp/\libhal_bsp.a(alt_irq_vars.o)
                0x000500a8                alt_irq_active
 .sbss          0x000500ac        0x8 ../counter_bsp/\libhal_bsp.a(alt_tick.o)
                0x000500ac                _alt_tick_rate
                0x000500b0                _alt_nticks
 *(.sbss2 .sbss2.* .gnu.linkonce.sb2.*)
 *(.scommon)
                0x000500b4                PROVIDE (__sbss_end, ABSOLUTE (.))
                0x000500b4                PROVIDE (___sbss_end, ABSOLUTE (.))
 *(.dynbss)
 *(.bss .bss.* .gnu.linkonce.b.*)
 .bss           0x000500b4        0x0 ../counter_bsp//obj/HAL/src/crt0.o
 .bss           0x000500b4        0x0 obj/default/counter.o
 .bss           0x000500b4        0x0 c:/altera/12.1/nios2eds/bin/gnu/h-i686-mingw32/bin/../lib/gcc/nios2-elf/4.1.2/../../../../nios2-elf/lib/mno-hw-mul\libc.a(lib_a-printf.o)
 .bss           0x000500b4        0x0 c:/altera/12.1/nios2eds/bin/gnu/h-i686-mingw32/bin/../lib/gcc/nios2-elf/4.1.2/../../../../nios2-elf/lib/mno-hw-mul\libc.a(lib_a-vfprintf.o)
 .bss           0x000500b4        0x0 c:/altera/12.1/nios2eds/bin/gnu/h-i686-mingw32/bin/../lib/gcc/nios2-elf/4.1.2/../../../../nios2-elf/lib/mno-hw-mul\libc.a(lib_a-wsetup.o)
 .bss           0x000500b4        0x0 c:/altera/12.1/nios2eds/bin/gnu/h-i686-mingw32/bin/../lib/gcc/nios2-elf/4.1.2/../../../../nios2-elf/lib/mno-hw-mul\libc.a(lib_a-dtoa.o)
 .bss           0x000500b4        0x0 c:/altera/12.1/nios2eds/bin/gnu/h-i686-mingw32/bin/../lib/gcc/nios2-elf/4.1.2/../../../../nios2-elf/lib/mno-hw-mul\libc.a(lib_a-fflush.o)
 .bss           0x000500b4        0x0 c:/altera/12.1/nios2eds/bin/gnu/h-i686-mingw32/bin/../lib/gcc/nios2-elf/4.1.2/../../../../nios2-elf/lib/mno-hw-mul\libc.a(lib_a-findfp.o)
 .bss           0x000500b4        0x0 c:/altera/12.1/nios2eds/bin/gnu/h-i686-mingw32/bin/../lib/gcc/nios2-elf/4.1.2/../../../../nios2-elf/lib/mno-hw-mul\libc.a(lib_a-freer.o)
 .bss           0x000500b4        0x0 c:/altera/12.1/nios2eds/bin/gnu/h-i686-mingw32/bin/../lib/gcc/nios2-elf/4.1.2/../../../../nios2-elf/lib/mno-hw-mul\libc.a(lib_a-fvwrite.o)
 .bss           0x000500b4        0x0 c:/altera/12.1/nios2eds/bin/gnu/h-i686-mingw32/bin/../lib/gcc/nios2-elf/4.1.2/../../../../nios2-elf/lib/mno-hw-mul\libc.a(lib_a-fwalk.o)
 .bss           0x000500b4        0x0 c:/altera/12.1/nios2eds/bin/gnu/h-i686-mingw32/bin/../lib/gcc/nios2-elf/4.1.2/../../../../nios2-elf/lib/mno-hw-mul\libc.a(lib_a-impure.o)
 .bss           0x000500b4        0x0 c:/altera/12.1/nios2eds/bin/gnu/h-i686-mingw32/bin/../lib/gcc/nios2-elf/4.1.2/../../../../nios2-elf/lib/mno-hw-mul\libc.a(lib_a-locale.o)
 .bss           0x000500b4        0x0 c:/altera/12.1/nios2eds/bin/gnu/h-i686-mingw32/bin/../lib/gcc/nios2-elf/4.1.2/../../../../nios2-elf/lib/mno-hw-mul\libc.a(lib_a-makebuf.o)
 .bss           0x000500b4       0x28 c:/altera/12.1/nios2eds/bin/gnu/h-i686-mingw32/bin/../lib/gcc/nios2-elf/4.1.2/../../../../nios2-elf/lib/mno-hw-mul\libc.a(lib_a-mallocr.o)
                0x000500b4                __malloc_current_mallinfo
 .bss           0x000500dc        0x0 c:/altera/12.1/nios2eds/bin/gnu/h-i686-mingw32/bin/../lib/gcc/nios2-elf/4.1.2/../../../../nios2-elf/lib/mno-hw-mul\libc.a(lib_a-memchr.o)
 .bss           0x000500dc        0x0 c:/altera/12.1/nios2eds/bin/gnu/h-i686-mingw32/bin/../lib/gcc/nios2-elf/4.1.2/../../../../nios2-elf/lib/mno-hw-mul\libc.a(lib_a-memcpy.o)
 .bss           0x000500dc        0x0 c:/altera/12.1/nios2eds/bin/gnu/h-i686-mingw32/bin/../lib/gcc/nios2-elf/4.1.2/../../../../nios2-elf/lib/mno-hw-mul\libc.a(lib_a-memmove.o)
 .bss           0x000500dc        0x0 c:/altera/12.1/nios2eds/bin/gnu/h-i686-mingw32/bin/../lib/gcc/nios2-elf/4.1.2/../../../../nios2-elf/lib/mno-hw-mul\libc.a(lib_a-memset.o)
 .bss           0x000500dc        0x0 c:/altera/12.1/nios2eds/bin/gnu/h-i686-mingw32/bin/../lib/gcc/nios2-elf/4.1.2/../../../../nios2-elf/lib/mno-hw-mul\libc.a(lib_a-mprec.o)
 .bss           0x000500dc        0x0 c:/altera/12.1/nios2eds/bin/gnu/h-i686-mingw32/bin/../lib/gcc/nios2-elf/4.1.2/../../../../nios2-elf/lib/mno-hw-mul\libc.a(lib_a-reallocr.o)
 .bss           0x000500dc        0x0 c:/altera/12.1/nios2eds/bin/gnu/h-i686-mingw32/bin/../lib/gcc/nios2-elf/4.1.2/../../../../nios2-elf/lib/mno-hw-mul\libc.a(lib_a-s_isinfd.o)
 .bss           0x000500dc        0x0 c:/altera/12.1/nios2eds/bin/gnu/h-i686-mingw32/bin/../lib/gcc/nios2-elf/4.1.2/../../../../nios2-elf/lib/mno-hw-mul\libc.a(lib_a-s_isnand.o)
 .bss           0x000500dc        0x0 c:/altera/12.1/nios2eds/bin/gnu/h-i686-mingw32/bin/../lib/gcc/nios2-elf/4.1.2/../../../../nios2-elf/lib/mno-hw-mul\libc.a(lib_a-sbrkr.o)
 .bss           0x000500dc        0x0 c:/altera/12.1/nios2eds/bin/gnu/h-i686-mingw32/bin/../lib/gcc/nios2-elf/4.1.2/../../../../nios2-elf/lib/mno-hw-mul\libc.a(lib_a-stdio.o)
 .bss           0x000500dc        0x0 c:/altera/12.1/nios2eds/bin/gnu/h-i686-mingw32/bin/../lib/gcc/nios2-elf/4.1.2/../../../../nios2-elf/lib/mno-hw-mul\libc.a(lib_a-strcmp.o)
 .bss           0x000500dc        0x0 c:/altera/12.1/nios2eds/bin/gnu/h-i686-mingw32/bin/../lib/gcc/nios2-elf/4.1.2/../../../../nios2-elf/lib/mno-hw-mul\libc.a(lib_a-strlen.o)
 .bss           0x000500dc        0x0 c:/altera/12.1/nios2eds/bin/gnu/h-i686-mingw32/bin/../lib/gcc/nios2-elf/4.1.2/../../../../nios2-elf/lib/mno-hw-mul\libc.a(lib_a-writer.o)
 .bss           0x000500dc        0x0 c:/altera/12.1/nios2eds/bin/gnu/h-i686-mingw32/bin/../lib/gcc/nios2-elf/4.1.2/../../../../nios2-elf/lib/mno-hw-mul\libc.a(lib_a-callocr.o)
 .bss           0x000500dc        0x0 c:/altera/12.1/nios2eds/bin/gnu/h-i686-mingw32/bin/../lib/gcc/nios2-elf/4.1.2/../../../../nios2-elf/lib/mno-hw-mul\libc.a(lib_a-closer.o)
 .bss           0x000500dc        0x0 c:/altera/12.1/nios2eds/bin/gnu/h-i686-mingw32/bin/../lib/gcc/nios2-elf/4.1.2/../../../../nios2-elf/lib/mno-hw-mul\libc.a(lib_a-fclose.o)
 .bss           0x000500dc        0x0 c:/altera/12.1/nios2eds/bin/gnu/h-i686-mingw32/bin/../lib/gcc/nios2-elf/4.1.2/../../../../nios2-elf/lib/mno-hw-mul\libc.a(lib_a-fstatr.o)
 .bss           0x000500dc        0x0 c:/altera/12.1/nios2eds/bin/gnu/h-i686-mingw32/bin/../lib/gcc/nios2-elf/4.1.2/../../../../nios2-elf/lib/mno-hw-mul\libc.a(lib_a-int_errno.o)
 .bss           0x000500dc        0x0 c:/altera/12.1/nios2eds/bin/gnu/h-i686-mingw32/bin/../lib/gcc/nios2-elf/4.1.2/../../../../nios2-elf/lib/mno-hw-mul\libc.a(lib_a-isattyr.o)
 .bss           0x000500dc        0x0 c:/altera/12.1/nios2eds/bin/gnu/h-i686-mingw32/bin/../lib/gcc/nios2-elf/4.1.2/../../../../nios2-elf/lib/mno-hw-mul\libc.a(lib_a-lseekr.o)
 .bss           0x000500dc        0x0 c:/altera/12.1/nios2eds/bin/gnu/h-i686-mingw32/bin/../lib/gcc/nios2-elf/4.1.2/../../../../nios2-elf/lib/mno-hw-mul\libc.a(lib_a-readr.o)
 .bss           0x000500dc        0x0 c:/altera/12.1/nios2eds/bin/gnu/h-i686-mingw32/bin/../lib/gcc/nios2-elf/4.1.2/mno-hw-mul\libgcc.a(_udivdi3.o)
 .bss           0x000500dc        0x0 c:/altera/12.1/nios2eds/bin/gnu/h-i686-mingw32/bin/../lib/gcc/nios2-elf/4.1.2/mno-hw-mul\libgcc.a(_umoddi3.o)
 .bss           0x000500dc        0x0 c:/altera/12.1/nios2eds/bin/gnu/h-i686-mingw32/bin/../lib/gcc/nios2-elf/4.1.2/mno-hw-mul\libgcc.a(_addsub_df.o)
 .bss           0x000500dc        0x0 c:/altera/12.1/nios2eds/bin/gnu/h-i686-mingw32/bin/../lib/gcc/nios2-elf/4.1.2/mno-hw-mul\libgcc.a(_mul_df.o)
 .bss           0x000500dc        0x0 c:/altera/12.1/nios2eds/bin/gnu/h-i686-mingw32/bin/../lib/gcc/nios2-elf/4.1.2/mno-hw-mul\libgcc.a(_div_df.o)
 .bss           0x000500dc        0x0 c:/altera/12.1/nios2eds/bin/gnu/h-i686-mingw32/bin/../lib/gcc/nios2-elf/4.1.2/mno-hw-mul\libgcc.a(_eq_df.o)
 .bss           0x000500dc        0x0 c:/altera/12.1/nios2eds/bin/gnu/h-i686-mingw32/bin/../lib/gcc/nios2-elf/4.1.2/mno-hw-mul\libgcc.a(_ne_df.o)
 .bss           0x000500dc        0x0 c:/altera/12.1/nios2eds/bin/gnu/h-i686-mingw32/bin/../lib/gcc/nios2-elf/4.1.2/mno-hw-mul\libgcc.a(_gt_df.o)
 .bss           0x000500dc        0x0 c:/altera/12.1/nios2eds/bin/gnu/h-i686-mingw32/bin/../lib/gcc/nios2-elf/4.1.2/mno-hw-mul\libgcc.a(_ge_df.o)
 .bss           0x000500dc        0x0 c:/altera/12.1/nios2eds/bin/gnu/h-i686-mingw32/bin/../lib/gcc/nios2-elf/4.1.2/mno-hw-mul\libgcc.a(_lt_df.o)
 .bss           0x000500dc        0x0 c:/altera/12.1/nios2eds/bin/gnu/h-i686-mingw32/bin/../lib/gcc/nios2-elf/4.1.2/mno-hw-mul\libgcc.a(_si_to_df.o)
 .bss           0x000500dc        0x0 c:/altera/12.1/nios2eds/bin/gnu/h-i686-mingw32/bin/../lib/gcc/nios2-elf/4.1.2/mno-hw-mul\libgcc.a(_df_to_si.o)
 .bss           0x000500dc        0x0 c:/altera/12.1/nios2eds/bin/gnu/h-i686-mingw32/bin/../lib/gcc/nios2-elf/4.1.2/mno-hw-mul\libgcc.a(_thenan_df.o)
 .bss           0x000500dc        0x0 c:/altera/12.1/nios2eds/bin/gnu/h-i686-mingw32/bin/../lib/gcc/nios2-elf/4.1.2/mno-hw-mul\libgcc.a(_usi_to_df.o)
 .bss           0x000500dc        0x0 c:/altera/12.1/nios2eds/bin/gnu/h-i686-mingw32/bin/../lib/gcc/nios2-elf/4.1.2/mno-hw-mul\libgcc.a(lib2-divmod.o)
 .bss           0x000500dc        0x0 c:/altera/12.1/nios2eds/bin/gnu/h-i686-mingw32/bin/../lib/gcc/nios2-elf/4.1.2/mno-hw-mul\libgcc.a(lib2-mul.o)
 .bss           0x000500dc        0x0 c:/altera/12.1/nios2eds/bin/gnu/h-i686-mingw32/bin/../lib/gcc/nios2-elf/4.1.2/mno-hw-mul\libgcc.a(_muldi3.o)
 .bss           0x000500dc        0x0 c:/altera/12.1/nios2eds/bin/gnu/h-i686-mingw32/bin/../lib/gcc/nios2-elf/4.1.2/mno-hw-mul\libgcc.a(_clz.o)
 .bss           0x000500dc        0x0 c:/altera/12.1/nios2eds/bin/gnu/h-i686-mingw32/bin/../lib/gcc/nios2-elf/4.1.2/mno-hw-mul\libgcc.a(_clzsi2.o)
 .bss           0x000500dc        0x0 c:/altera/12.1/nios2eds/bin/gnu/h-i686-mingw32/bin/../lib/gcc/nios2-elf/4.1.2/mno-hw-mul\libgcc.a(_pack_df.o)
 .bss           0x000500dc        0x0 c:/altera/12.1/nios2eds/bin/gnu/h-i686-mingw32/bin/../lib/gcc/nios2-elf/4.1.2/mno-hw-mul\libgcc.a(_unpack_df.o)
 .bss           0x000500dc        0x0 c:/altera/12.1/nios2eds/bin/gnu/h-i686-mingw32/bin/../lib/gcc/nios2-elf/4.1.2/mno-hw-mul\libgcc.a(_fpcmp_parts_df.o)
 .bss           0x000500dc        0x0 ../counter_bsp/\libhal_bsp.a(alt_close.o)
 .bss           0x000500dc        0x0 ../counter_bsp/\libhal_bsp.a(alt_dev.o)
 .bss           0x000500dc        0x0 ../counter_bsp/\libhal_bsp.a(alt_errno.o)
 .bss           0x000500dc        0x0 ../counter_bsp/\libhal_bsp.a(alt_fstat.o)
 .bss           0x000500dc        0x0 ../counter_bsp/\libhal_bsp.a(alt_isatty.o)
 .bss           0x000500dc        0x0 ../counter_bsp/\libhal_bsp.a(alt_load.o)
 .bss           0x000500dc        0x0 ../counter_bsp/\libhal_bsp.a(alt_lseek.o)
 .bss           0x000500dc        0x0 ../counter_bsp/\libhal_bsp.a(alt_main.o)
 .bss           0x000500dc        0x0 ../counter_bsp/\libhal_bsp.a(alt_malloc_lock.o)
 .bss           0x000500dc        0x0 ../counter_bsp/\libhal_bsp.a(alt_read.o)
 .bss           0x000500dc        0x0 ../counter_bsp/\libhal_bsp.a(alt_release_fd.o)
 .bss           0x000500dc        0x0 ../counter_bsp/\libhal_bsp.a(alt_sbrk.o)
 .bss           0x000500dc        0x0 ../counter_bsp/\libhal_bsp.a(alt_usleep.o)
 .bss           0x000500dc        0x0 ../counter_bsp/\libhal_bsp.a(alt_write.o)
 .bss           0x000500dc        0x0 ../counter_bsp/\libhal_bsp.a(alt_sys_init.o)
 .bss           0x000500dc        0x0 ../counter_bsp/\libhal_bsp.a(altera_avalon_jtag_uart_fd.o)
 .bss           0x000500dc        0x0 ../counter_bsp/\libhal_bsp.a(altera_avalon_jtag_uart_init.o)
 .bss           0x000500dc        0x0 ../counter_bsp/\libhal_bsp.a(altera_avalon_jtag_uart_ioctl.o)
 .bss           0x000500dc        0x0 ../counter_bsp/\libhal_bsp.a(altera_avalon_jtag_uart_read.o)
 .bss           0x000500dc        0x0 ../counter_bsp/\libhal_bsp.a(altera_avalon_jtag_uart_write.o)
 .bss           0x000500dc        0x0 ../counter_bsp/\libhal_bsp.a(altera_avalon_timer_sc.o)
 .bss           0x000500dc        0x0 ../counter_bsp/\libhal_bsp.a(alt_alarm_start.o)
 .bss           0x000500dc        0x0 ../counter_bsp/\libhal_bsp.a(alt_busy_sleep.o)
 .bss           0x000500dc        0x0 ../counter_bsp/\libhal_bsp.a(alt_dcache_flush_all.o)
 .bss           0x000500dc        0x0 ../counter_bsp/\libhal_bsp.a(alt_dev_llist_insert.o)
 .bss           0x000500dc        0x0 ../counter_bsp/\libhal_bsp.a(alt_do_ctors.o)
 .bss           0x000500dc        0x0 ../counter_bsp/\libhal_bsp.a(alt_do_dtors.o)
 .bss           0x000500dc        0x0 ../counter_bsp/\libhal_bsp.a(alt_icache_flush_all.o)
 .bss           0x000500dc        0x0 ../counter_bsp/\libhal_bsp.a(alt_iic.o)
 .bss           0x000500dc        0x0 ../counter_bsp/\libhal_bsp.a(alt_iic_isr_register.o)
 .bss           0x000500dc        0x0 ../counter_bsp/\libhal_bsp.a(alt_io_redirect.o)
 .bss           0x000500dc        0x0 ../counter_bsp/\libhal_bsp.a(alt_irq_entry.o)
 .bss           0x000500dc        0x0 ../counter_bsp/\libhal_bsp.a(alt_irq_handler.o)
 .bss           0x000500dc        0x0 ../counter_bsp/\libhal_bsp.a(alt_irq_vars.o)
 .bss           0x000500dc        0x0 ../counter_bsp/\libhal_bsp.a(alt_open.o)
 .bss           0x000500dc        0x0 ../counter_bsp/\libhal_bsp.a(alt_tick.o)
 .bss           0x000500dc        0x0 ../counter_bsp/\libhal_bsp.a(altera_nios2_qsys_irq.o)
 .bss           0x000500dc        0x0 ../counter_bsp/\libhal_bsp.a(alt_exception_entry.o)
 .bss           0x000500dc        0x0 ../counter_bsp/\libhal_bsp.a(alt_find_dev.o)
 .bss           0x000500dc        0x0 ../counter_bsp/\libhal_bsp.a(alt_find_file.o)
 .bss           0x000500dc        0x0 ../counter_bsp/\libhal_bsp.a(alt_get_fd.o)
 .bss           0x000500dc        0x0 ../counter_bsp/\libhal_bsp.a(alt_icache_flush.o)
 .bss           0x000500dc        0x0 c:/altera/12.1/nios2eds/bin/gnu/h-i686-mingw32/bin/../lib/gcc/nios2-elf/4.1.2/../../../../nios2-elf/lib/mno-hw-mul\libc.a(lib_a-atexit.o)
 .bss           0x000500dc        0x0 c:/altera/12.1/nios2eds/bin/gnu/h-i686-mingw32/bin/../lib/gcc/nios2-elf/4.1.2/../../../../nios2-elf/lib/mno-hw-mul\libc.a(lib_a-exit.o)
 .bss           0x000500dc        0x0 c:/altera/12.1/nios2eds/bin/gnu/h-i686-mingw32/bin/../lib/gcc/nios2-elf/4.1.2/../../../../nios2-elf/lib/mno-hw-mul\libc.a(lib_a-memcmp.o)
 .bss           0x000500dc        0x0 c:/altera/12.1/nios2eds/bin/gnu/h-i686-mingw32/bin/../lib/gcc/nios2-elf/4.1.2/../../../../nios2-elf/lib/mno-hw-mul\libc.a(lib_a-__atexit.o)
 .bss           0x000500dc        0x0 c:/altera/12.1/nios2eds/bin/gnu/h-i686-mingw32/bin/../lib/gcc/nios2-elf/4.1.2/../../../../nios2-elf/lib/mno-hw-mul\libc.a(lib_a-__call_atexit.o)
 .bss           0x000500dc        0x0 ../counter_bsp/\libhal_bsp.a(alt_exit.o)
 *(COMMON)
 COMMON         0x000500dc      0x100 ../counter_bsp/\libhal_bsp.a(alt_irq_handler.o)
                0x000500dc                alt_irq
 COMMON         0x000501dc      0x190 c:/altera/12.1/nios2eds/bin/gnu/h-i686-mingw32/bin/../lib/gcc/nios2-elf/4.1.2/../../../../nios2-elf/lib/mno-hw-mul\libc.a(lib_a-atexit.o)
                0x000501dc                _atexit0
                0x0005036c                . = ALIGN (0x4)
                0x0005036c                __bss_end = ABSOLUTE (.)

.onchip_mem     0x0005036c        0x0
                0x0005036c                PROVIDE (_alt_partition_onchip_mem_start, ABSOLUTE (.))
 *(.onchip_mem. onchip_mem.*)
                0x0005036c                . = ALIGN (0x4)
                0x0005036c                PROVIDE (_alt_partition_onchip_mem_end, ABSOLUTE (.))
                0x0005036c                _end = ABSOLUTE (.)
                0x0005036c                end = ABSOLUTE (.)
                0x0005036c                __alt_stack_base = ABSOLUTE (.)
                0x0005036c                PROVIDE (_alt_partition_onchip_mem_load_addr, LOADADDR (.onchip_mem))

.stab
 *(.stab)

.stabstr
 *(.stabstr)

.stab.excl
 *(.stab.excl)

.stab.exclstr
 *(.stab.exclstr)

.stab.index
 *(.stab.index)

.stab.indexstr
 *(.stab.indexstr)

.comment        0x00000000       0x23
 *(.comment)
 .comment       0x00000000       0x23 obj/default/counter.o
                                 0x24 (size before relaxing)
 .comment       0x00000000       0x24 c:/altera/12.1/nios2eds/bin/gnu/h-i686-mingw32/bin/../lib/gcc/nios2-elf/4.1.2/../../../../nios2-elf/lib/mno-hw-mul\libc.a(lib_a-printf.o)
 .comment       0x00000000       0x24 c:/altera/12.1/nios2eds/bin/gnu/h-i686-mingw32/bin/../lib/gcc/nios2-elf/4.1.2/../../../../nios2-elf/lib/mno-hw-mul\libc.a(lib_a-vfprintf.o)
 .comment       0x00000000       0x24 c:/altera/12.1/nios2eds/bin/gnu/h-i686-mingw32/bin/../lib/gcc/nios2-elf/4.1.2/../../../../nios2-elf/lib/mno-hw-mul\libc.a(lib_a-wsetup.o)
 .comment       0x00000000       0x24 c:/altera/12.1/nios2eds/bin/gnu/h-i686-mingw32/bin/../lib/gcc/nios2-elf/4.1.2/../../../../nios2-elf/lib/mno-hw-mul\libc.a(lib_a-dtoa.o)
 .comment       0x00000000       0x24 c:/altera/12.1/nios2eds/bin/gnu/h-i686-mingw32/bin/../lib/gcc/nios2-elf/4.1.2/../../../../nios2-elf/lib/mno-hw-mul\libc.a(lib_a-fflush.o)
 .comment       0x00000000       0x24 c:/altera/12.1/nios2eds/bin/gnu/h-i686-mingw32/bin/../lib/gcc/nios2-elf/4.1.2/../../../../nios2-elf/lib/mno-hw-mul\libc.a(lib_a-findfp.o)
 .comment       0x00000000       0x24 c:/altera/12.1/nios2eds/bin/gnu/h-i686-mingw32/bin/../lib/gcc/nios2-elf/4.1.2/../../../../nios2-elf/lib/mno-hw-mul\libc.a(lib_a-freer.o)
 .comment       0x00000000       0x24 c:/altera/12.1/nios2eds/bin/gnu/h-i686-mingw32/bin/../lib/gcc/nios2-elf/4.1.2/../../../../nios2-elf/lib/mno-hw-mul\libc.a(lib_a-fvwrite.o)
 .comment       0x00000000       0x24 c:/altera/12.1/nios2eds/bin/gnu/h-i686-mingw32/bin/../lib/gcc/nios2-elf/4.1.2/../../../../nios2-elf/lib/mno-hw-mul\libc.a(lib_a-fwalk.o)
 .comment       0x00000000       0x24 c:/altera/12.1/nios2eds/bin/gnu/h-i686-mingw32/bin/../lib/gcc/nios2-elf/4.1.2/../../../../nios2-elf/lib/mno-hw-mul\libc.a(lib_a-impure.o)
 .comment       0x00000000       0x24 c:/altera/12.1/nios2eds/bin/gnu/h-i686-mingw32/bin/../lib/gcc/nios2-elf/4.1.2/../../../../nios2-elf/lib/mno-hw-mul\libc.a(lib_a-locale.o)
 .comment       0x00000000       0x24 c:/altera/12.1/nios2eds/bin/gnu/h-i686-mingw32/bin/../lib/gcc/nios2-elf/4.1.2/../../../../nios2-elf/lib/mno-hw-mul\libc.a(lib_a-makebuf.o)
 .comment       0x00000000       0x24 c:/altera/12.1/nios2eds/bin/gnu/h-i686-mingw32/bin/../lib/gcc/nios2-elf/4.1.2/../../../../nios2-elf/lib/mno-hw-mul\libc.a(lib_a-mallocr.o)
 .comment       0x00000000       0x24 c:/altera/12.1/nios2eds/bin/gnu/h-i686-mingw32/bin/../lib/gcc/nios2-elf/4.1.2/../../../../nios2-elf/lib/mno-hw-mul\libc.a(lib_a-memchr.o)
 .comment       0x00000000       0x24 c:/altera/12.1/nios2eds/bin/gnu/h-i686-mingw32/bin/../lib/gcc/nios2-elf/4.1.2/../../../../nios2-elf/lib/mno-hw-mul\libc.a(lib_a-memcpy.o)
 .comment       0x00000000       0x24 c:/altera/12.1/nios2eds/bin/gnu/h-i686-mingw32/bin/../lib/gcc/nios2-elf/4.1.2/../../../../nios2-elf/lib/mno-hw-mul\libc.a(lib_a-memmove.o)
 .comment       0x00000000       0x24 c:/altera/12.1/nios2eds/bin/gnu/h-i686-mingw32/bin/../lib/gcc/nios2-elf/4.1.2/../../../../nios2-elf/lib/mno-hw-mul\libc.a(lib_a-memset.o)
 .comment       0x00000000       0x24 c:/altera/12.1/nios2eds/bin/gnu/h-i686-mingw32/bin/../lib/gcc/nios2-elf/4.1.2/../../../../nios2-elf/lib/mno-hw-mul\libc.a(lib_a-mprec.o)
 .comment       0x00000000       0x24 c:/altera/12.1/nios2eds/bin/gnu/h-i686-mingw32/bin/../lib/gcc/nios2-elf/4.1.2/../../../../nios2-elf/lib/mno-hw-mul\libc.a(lib_a-reallocr.o)
 .comment       0x00000000       0x24 c:/altera/12.1/nios2eds/bin/gnu/h-i686-mingw32/bin/../lib/gcc/nios2-elf/4.1.2/../../../../nios2-elf/lib/mno-hw-mul\libc.a(lib_a-s_isinfd.o)
 .comment       0x00000000       0x24 c:/altera/12.1/nios2eds/bin/gnu/h-i686-mingw32/bin/../lib/gcc/nios2-elf/4.1.2/../../../../nios2-elf/lib/mno-hw-mul\libc.a(lib_a-s_isnand.o)
 .comment       0x00000000       0x24 c:/altera/12.1/nios2eds/bin/gnu/h-i686-mingw32/bin/../lib/gcc/nios2-elf/4.1.2/../../../../nios2-elf/lib/mno-hw-mul\libc.a(lib_a-sbrkr.o)
 .comment       0x00000000       0x24 c:/altera/12.1/nios2eds/bin/gnu/h-i686-mingw32/bin/../lib/gcc/nios2-elf/4.1.2/../../../../nios2-elf/lib/mno-hw-mul\libc.a(lib_a-stdio.o)
 .comment       0x00000000       0x24 c:/altera/12.1/nios2eds/bin/gnu/h-i686-mingw32/bin/../lib/gcc/nios2-elf/4.1.2/../../../../nios2-elf/lib/mno-hw-mul\libc.a(lib_a-strcmp.o)
 .comment       0x00000000       0x24 c:/altera/12.1/nios2eds/bin/gnu/h-i686-mingw32/bin/../lib/gcc/nios2-elf/4.1.2/../../../../nios2-elf/lib/mno-hw-mul\libc.a(lib_a-strlen.o)
 .comment       0x00000000       0x24 c:/altera/12.1/nios2eds/bin/gnu/h-i686-mingw32/bin/../lib/gcc/nios2-elf/4.1.2/../../../../nios2-elf/lib/mno-hw-mul\libc.a(lib_a-writer.o)
 .comment       0x00000000       0x24 c:/altera/12.1/nios2eds/bin/gnu/h-i686-mingw32/bin/../lib/gcc/nios2-elf/4.1.2/../../../../nios2-elf/lib/mno-hw-mul\libc.a(lib_a-callocr.o)
 .comment       0x00000000       0x24 c:/altera/12.1/nios2eds/bin/gnu/h-i686-mingw32/bin/../lib/gcc/nios2-elf/4.1.2/../../../../nios2-elf/lib/mno-hw-mul\libc.a(lib_a-closer.o)
 .comment       0x00000000       0x24 c:/altera/12.1/nios2eds/bin/gnu/h-i686-mingw32/bin/../lib/gcc/nios2-elf/4.1.2/../../../../nios2-elf/lib/mno-hw-mul\libc.a(lib_a-fclose.o)
 .comment       0x00000000       0x24 c:/altera/12.1/nios2eds/bin/gnu/h-i686-mingw32/bin/../lib/gcc/nios2-elf/4.1.2/../../../../nios2-elf/lib/mno-hw-mul\libc.a(lib_a-fstatr.o)
 .comment       0x00000000       0x24 c:/altera/12.1/nios2eds/bin/gnu/h-i686-mingw32/bin/../lib/gcc/nios2-elf/4.1.2/../../../../nios2-elf/lib/mno-hw-mul\libc.a(lib_a-int_errno.o)
 .comment       0x00000000       0x24 c:/altera/12.1/nios2eds/bin/gnu/h-i686-mingw32/bin/../lib/gcc/nios2-elf/4.1.2/../../../../nios2-elf/lib/mno-hw-mul\libc.a(lib_a-isattyr.o)
 .comment       0x00000000       0x24 c:/altera/12.1/nios2eds/bin/gnu/h-i686-mingw32/bin/../lib/gcc/nios2-elf/4.1.2/../../../../nios2-elf/lib/mno-hw-mul\libc.a(lib_a-lseekr.o)
 .comment       0x00000000       0x24 c:/altera/12.1/nios2eds/bin/gnu/h-i686-mingw32/bin/../lib/gcc/nios2-elf/4.1.2/../../../../nios2-elf/lib/mno-hw-mul\libc.a(lib_a-readr.o)
 .comment       0x00000000       0x24 c:/altera/12.1/nios2eds/bin/gnu/h-i686-mingw32/bin/../lib/gcc/nios2-elf/4.1.2/mno-hw-mul\libgcc.a(_udivdi3.o)
 .comment       0x00000000       0x24 c:/altera/12.1/nios2eds/bin/gnu/h-i686-mingw32/bin/../lib/gcc/nios2-elf/4.1.2/mno-hw-mul\libgcc.a(_umoddi3.o)
 .comment       0x00000000       0x24 c:/altera/12.1/nios2eds/bin/gnu/h-i686-mingw32/bin/../lib/gcc/nios2-elf/4.1.2/mno-hw-mul\libgcc.a(_addsub_df.o)
 .comment       0x00000000       0x24 c:/altera/12.1/nios2eds/bin/gnu/h-i686-mingw32/bin/../lib/gcc/nios2-elf/4.1.2/mno-hw-mul\libgcc.a(_mul_df.o)
 .comment       0x00000000       0x24 c:/altera/12.1/nios2eds/bin/gnu/h-i686-mingw32/bin/../lib/gcc/nios2-elf/4.1.2/mno-hw-mul\libgcc.a(_div_df.o)
 .comment       0x00000000       0x24 c:/altera/12.1/nios2eds/bin/gnu/h-i686-mingw32/bin/../lib/gcc/nios2-elf/4.1.2/mno-hw-mul\libgcc.a(_eq_df.o)
 .comment       0x00000000       0x24 c:/altera/12.1/nios2eds/bin/gnu/h-i686-mingw32/bin/../lib/gcc/nios2-elf/4.1.2/mno-hw-mul\libgcc.a(_ne_df.o)
 .comment       0x00000000       0x24 c:/altera/12.1/nios2eds/bin/gnu/h-i686-mingw32/bin/../lib/gcc/nios2-elf/4.1.2/mno-hw-mul\libgcc.a(_gt_df.o)
 .comment       0x00000000       0x24 c:/altera/12.1/nios2eds/bin/gnu/h-i686-mingw32/bin/../lib/gcc/nios2-elf/4.1.2/mno-hw-mul\libgcc.a(_ge_df.o)
 .comment       0x00000000       0x24 c:/altera/12.1/nios2eds/bin/gnu/h-i686-mingw32/bin/../lib/gcc/nios2-elf/4.1.2/mno-hw-mul\libgcc.a(_lt_df.o)
 .comment       0x00000000       0x24 c:/altera/12.1/nios2eds/bin/gnu/h-i686-mingw32/bin/../lib/gcc/nios2-elf/4.1.2/mno-hw-mul\libgcc.a(_si_to_df.o)
 .comment       0x00000000       0x24 c:/altera/12.1/nios2eds/bin/gnu/h-i686-mingw32/bin/../lib/gcc/nios2-elf/4.1.2/mno-hw-mul\libgcc.a(_df_to_si.o)
 .comment       0x00000000       0x24 c:/altera/12.1/nios2eds/bin/gnu/h-i686-mingw32/bin/../lib/gcc/nios2-elf/4.1.2/mno-hw-mul\libgcc.a(_thenan_df.o)
 .comment       0x00000000       0x24 c:/altera/12.1/nios2eds/bin/gnu/h-i686-mingw32/bin/../lib/gcc/nios2-elf/4.1.2/mno-hw-mul\libgcc.a(_usi_to_df.o)
 .comment       0x00000000       0x24 c:/altera/12.1/nios2eds/bin/gnu/h-i686-mingw32/bin/../lib/gcc/nios2-elf/4.1.2/mno-hw-mul\libgcc.a(lib2-divmod.o)
 .comment       0x00000000       0x24 c:/altera/12.1/nios2eds/bin/gnu/h-i686-mingw32/bin/../lib/gcc/nios2-elf/4.1.2/mno-hw-mul\libgcc.a(lib2-mul.o)
 .comment       0x00000000       0x24 c:/altera/12.1/nios2eds/bin/gnu/h-i686-mingw32/bin/../lib/gcc/nios2-elf/4.1.2/mno-hw-mul\libgcc.a(_muldi3.o)
 .comment       0x00000000       0x24 c:/altera/12.1/nios2eds/bin/gnu/h-i686-mingw32/bin/../lib/gcc/nios2-elf/4.1.2/mno-hw-mul\libgcc.a(_clz.o)
 .comment       0x00000000       0x24 c:/altera/12.1/nios2eds/bin/gnu/h-i686-mingw32/bin/../lib/gcc/nios2-elf/4.1.2/mno-hw-mul\libgcc.a(_clzsi2.o)
 .comment       0x00000000       0x24 c:/altera/12.1/nios2eds/bin/gnu/h-i686-mingw32/bin/../lib/gcc/nios2-elf/4.1.2/mno-hw-mul\libgcc.a(_pack_df.o)
 .comment       0x00000000       0x24 c:/altera/12.1/nios2eds/bin/gnu/h-i686-mingw32/bin/../lib/gcc/nios2-elf/4.1.2/mno-hw-mul\libgcc.a(_unpack_df.o)
 .comment       0x00000000       0x24 c:/altera/12.1/nios2eds/bin/gnu/h-i686-mingw32/bin/../lib/gcc/nios2-elf/4.1.2/mno-hw-mul\libgcc.a(_fpcmp_parts_df.o)
 .comment       0x00000000       0x24 ../counter_bsp/\libhal_bsp.a(alt_close.o)
 .comment       0x00000000       0x24 ../counter_bsp/\libhal_bsp.a(alt_dev.o)
 .comment       0x00000000       0x24 ../counter_bsp/\libhal_bsp.a(alt_errno.o)
 .comment       0x00000000       0x24 ../counter_bsp/\libhal_bsp.a(alt_fstat.o)
 .comment       0x00000000       0x24 ../counter_bsp/\libhal_bsp.a(alt_isatty.o)
 .comment       0x00000000       0x24 ../counter_bsp/\libhal_bsp.a(alt_load.o)
 .comment       0x00000000       0x24 ../counter_bsp/\libhal_bsp.a(alt_lseek.o)
 .comment       0x00000000       0x24 ../counter_bsp/\libhal_bsp.a(alt_main.o)
 .comment       0x00000000       0x24 ../counter_bsp/\libhal_bsp.a(alt_malloc_lock.o)
 .comment       0x00000000       0x24 ../counter_bsp/\libhal_bsp.a(alt_read.o)
 .comment       0x00000000       0x24 ../counter_bsp/\libhal_bsp.a(alt_release_fd.o)
 .comment       0x00000000       0x24 ../counter_bsp/\libhal_bsp.a(alt_sbrk.o)
 .comment       0x00000000       0x24 ../counter_bsp/\libhal_bsp.a(alt_usleep.o)
 .comment       0x00000000       0x24 ../counter_bsp/\libhal_bsp.a(alt_write.o)
 .comment       0x00000000       0x24 ../counter_bsp/\libhal_bsp.a(alt_sys_init.o)
 .comment       0x00000000       0x24 ../counter_bsp/\libhal_bsp.a(altera_avalon_jtag_uart_fd.o)
 .comment       0x00000000       0x24 ../counter_bsp/\libhal_bsp.a(altera_avalon_jtag_uart_init.o)
 .comment       0x00000000       0x24 ../counter_bsp/\libhal_bsp.a(altera_avalon_jtag_uart_ioctl.o)
 .comment       0x00000000       0x24 ../counter_bsp/\libhal_bsp.a(altera_avalon_jtag_uart_read.o)
 .comment       0x00000000       0x24 ../counter_bsp/\libhal_bsp.a(altera_avalon_jtag_uart_write.o)
 .comment       0x00000000       0x24 ../counter_bsp/\libhal_bsp.a(altera_avalon_timer_sc.o)
 .comment       0x00000000       0x24 ../counter_bsp/\libhal_bsp.a(alt_alarm_start.o)
 .comment       0x00000000       0x24 ../counter_bsp/\libhal_bsp.a(alt_busy_sleep.o)
 .comment       0x00000000       0x24 ../counter_bsp/\libhal_bsp.a(alt_dcache_flush_all.o)
 .comment       0x00000000       0x24 ../counter_bsp/\libhal_bsp.a(alt_dev_llist_insert.o)
 .comment       0x00000000       0x24 ../counter_bsp/\libhal_bsp.a(alt_do_ctors.o)
 .comment       0x00000000       0x24 ../counter_bsp/\libhal_bsp.a(alt_do_dtors.o)
 .comment       0x00000000       0x24 ../counter_bsp/\libhal_bsp.a(alt_icache_flush_all.o)
 .comment       0x00000000       0x24 ../counter_bsp/\libhal_bsp.a(alt_iic.o)
 .comment       0x00000000       0x24 ../counter_bsp/\libhal_bsp.a(alt_iic_isr_register.o)
 .comment       0x00000000       0x24 ../counter_bsp/\libhal_bsp.a(alt_io_redirect.o)
 .comment       0x00000000       0x24 ../counter_bsp/\libhal_bsp.a(alt_irq_handler.o)
 .comment       0x00000000       0x24 ../counter_bsp/\libhal_bsp.a(alt_irq_vars.o)
 .comment       0x00000000       0x24 ../counter_bsp/\libhal_bsp.a(alt_open.o)
 .comment       0x00000000       0x24 ../counter_bsp/\libhal_bsp.a(alt_tick.o)
 .comment       0x00000000       0x24 ../counter_bsp/\libhal_bsp.a(altera_nios2_qsys_irq.o)
 .comment       0x00000000       0x24 ../counter_bsp/\libhal_bsp.a(alt_find_dev.o)
 .comment       0x00000000       0x24 ../counter_bsp/\libhal_bsp.a(alt_find_file.o)
 .comment       0x00000000       0x24 ../counter_bsp/\libhal_bsp.a(alt_get_fd.o)
 .comment       0x00000000       0x24 ../counter_bsp/\libhal_bsp.a(alt_icache_flush.o)
 .comment       0x00000000       0x24 c:/altera/12.1/nios2eds/bin/gnu/h-i686-mingw32/bin/../lib/gcc/nios2-elf/4.1.2/../../../../nios2-elf/lib/mno-hw-mul\libc.a(lib_a-atexit.o)
 .comment       0x00000000       0x24 c:/altera/12.1/nios2eds/bin/gnu/h-i686-mingw32/bin/../lib/gcc/nios2-elf/4.1.2/../../../../nios2-elf/lib/mno-hw-mul\libc.a(lib_a-exit.o)
 .comment       0x00000000       0x24 c:/altera/12.1/nios2eds/bin/gnu/h-i686-mingw32/bin/../lib/gcc/nios2-elf/4.1.2/../../../../nios2-elf/lib/mno-hw-mul\libc.a(lib_a-memcmp.o)
 .comment       0x00000000       0x24 c:/altera/12.1/nios2eds/bin/gnu/h-i686-mingw32/bin/../lib/gcc/nios2-elf/4.1.2/../../../../nios2-elf/lib/mno-hw-mul\libc.a(lib_a-__atexit.o)
 .comment       0x00000000       0x24 c:/altera/12.1/nios2eds/bin/gnu/h-i686-mingw32/bin/../lib/gcc/nios2-elf/4.1.2/../../../../nios2-elf/lib/mno-hw-mul\libc.a(lib_a-__call_atexit.o)
 .comment       0x00000000       0x24 ../counter_bsp/\libhal_bsp.a(alt_exit.o)

.debug
 *(.debug)

.line
 *(.line)

.debug_srcinfo
 *(.debug_srcinfo)

.debug_sfnames
 *(.debug_sfnames)

.debug_aranges  0x00000000      0xcb8
 *(.debug_aranges)
 .debug_aranges
                0x00000000       0x28 ../counter_bsp//obj/HAL/src/crt0.o
 .debug_aranges
                0x00000028       0x20 obj/default/counter.o
 .debug_aranges
                0x00000048       0x20 c:/altera/12.1/nios2eds/bin/gnu/h-i686-mingw32/bin/../lib/gcc/nios2-elf/4.1.2/../../../../nios2-elf/lib/mno-hw-mul\libc.a(lib_a-printf.o)
 .debug_aranges
                0x00000068       0x20 c:/altera/12.1/nios2eds/bin/gnu/h-i686-mingw32/bin/../lib/gcc/nios2-elf/4.1.2/../../../../nios2-elf/lib/mno-hw-mul\libc.a(lib_a-vfprintf.o)
 .debug_aranges
                0x00000088       0x20 c:/altera/12.1/nios2eds/bin/gnu/h-i686-mingw32/bin/../lib/gcc/nios2-elf/4.1.2/../../../../nios2-elf/lib/mno-hw-mul\libc.a(lib_a-wsetup.o)
 .debug_aranges
                0x000000a8       0x20 c:/altera/12.1/nios2eds/bin/gnu/h-i686-mingw32/bin/../lib/gcc/nios2-elf/4.1.2/../../../../nios2-elf/lib/mno-hw-mul\libc.a(lib_a-dtoa.o)
 .debug_aranges
                0x000000c8       0x20 c:/altera/12.1/nios2eds/bin/gnu/h-i686-mingw32/bin/../lib/gcc/nios2-elf/4.1.2/../../../../nios2-elf/lib/mno-hw-mul\libc.a(lib_a-fflush.o)
 .debug_aranges
                0x000000e8       0x20 c:/altera/12.1/nios2eds/bin/gnu/h-i686-mingw32/bin/../lib/gcc/nios2-elf/4.1.2/../../../../nios2-elf/lib/mno-hw-mul\libc.a(lib_a-findfp.o)
 .debug_aranges
                0x00000108       0x20 c:/altera/12.1/nios2eds/bin/gnu/h-i686-mingw32/bin/../lib/gcc/nios2-elf/4.1.2/../../../../nios2-elf/lib/mno-hw-mul\libc.a(lib_a-freer.o)
 .debug_aranges
                0x00000128       0x20 c:/altera/12.1/nios2eds/bin/gnu/h-i686-mingw32/bin/../lib/gcc/nios2-elf/4.1.2/../../../../nios2-elf/lib/mno-hw-mul\libc.a(lib_a-fvwrite.o)
 .debug_aranges
                0x00000148       0x20 c:/altera/12.1/nios2eds/bin/gnu/h-i686-mingw32/bin/../lib/gcc/nios2-elf/4.1.2/../../../../nios2-elf/lib/mno-hw-mul\libc.a(lib_a-fwalk.o)
 .debug_aranges
                0x00000168       0x20 c:/altera/12.1/nios2eds/bin/gnu/h-i686-mingw32/bin/../lib/gcc/nios2-elf/4.1.2/../../../../nios2-elf/lib/mno-hw-mul\libc.a(lib_a-locale.o)
 .debug_aranges
                0x00000188       0x20 c:/altera/12.1/nios2eds/bin/gnu/h-i686-mingw32/bin/../lib/gcc/nios2-elf/4.1.2/../../../../nios2-elf/lib/mno-hw-mul\libc.a(lib_a-makebuf.o)
 .debug_aranges
                0x000001a8       0x20 c:/altera/12.1/nios2eds/bin/gnu/h-i686-mingw32/bin/../lib/gcc/nios2-elf/4.1.2/../../../../nios2-elf/lib/mno-hw-mul\libc.a(lib_a-mallocr.o)
 .debug_aranges
                0x000001c8       0x20 c:/altera/12.1/nios2eds/bin/gnu/h-i686-mingw32/bin/../lib/gcc/nios2-elf/4.1.2/../../../../nios2-elf/lib/mno-hw-mul\libc.a(lib_a-memchr.o)
 .debug_aranges
                0x000001e8       0x20 c:/altera/12.1/nios2eds/bin/gnu/h-i686-mingw32/bin/../lib/gcc/nios2-elf/4.1.2/../../../../nios2-elf/lib/mno-hw-mul\libc.a(lib_a-memcpy.o)
 .debug_aranges
                0x00000208       0x20 c:/altera/12.1/nios2eds/bin/gnu/h-i686-mingw32/bin/../lib/gcc/nios2-elf/4.1.2/../../../../nios2-elf/lib/mno-hw-mul\libc.a(lib_a-memmove.o)
 .debug_aranges
                0x00000228       0x20 c:/altera/12.1/nios2eds/bin/gnu/h-i686-mingw32/bin/../lib/gcc/nios2-elf/4.1.2/../../../../nios2-elf/lib/mno-hw-mul\libc.a(lib_a-memset.o)
 .debug_aranges
                0x00000248       0x20 c:/altera/12.1/nios2eds/bin/gnu/h-i686-mingw32/bin/../lib/gcc/nios2-elf/4.1.2/../../../../nios2-elf/lib/mno-hw-mul\libc.a(lib_a-mprec.o)
 .debug_aranges
                0x00000268       0x20 c:/altera/12.1/nios2eds/bin/gnu/h-i686-mingw32/bin/../lib/gcc/nios2-elf/4.1.2/../../../../nios2-elf/lib/mno-hw-mul\libc.a(lib_a-reallocr.o)
 .debug_aranges
                0x00000288       0x20 c:/altera/12.1/nios2eds/bin/gnu/h-i686-mingw32/bin/../lib/gcc/nios2-elf/4.1.2/../../../../nios2-elf/lib/mno-hw-mul\libc.a(lib_a-s_isinfd.o)
 .debug_aranges
                0x000002a8       0x20 c:/altera/12.1/nios2eds/bin/gnu/h-i686-mingw32/bin/../lib/gcc/nios2-elf/4.1.2/../../../../nios2-elf/lib/mno-hw-mul\libc.a(lib_a-s_isnand.o)
 .debug_aranges
                0x000002c8       0x20 c:/altera/12.1/nios2eds/bin/gnu/h-i686-mingw32/bin/../lib/gcc/nios2-elf/4.1.2/../../../../nios2-elf/lib/mno-hw-mul\libc.a(lib_a-sbrkr.o)
 .debug_aranges
                0x000002e8       0x20 c:/altera/12.1/nios2eds/bin/gnu/h-i686-mingw32/bin/../lib/gcc/nios2-elf/4.1.2/../../../../nios2-elf/lib/mno-hw-mul\libc.a(lib_a-stdio.o)
 .debug_aranges
                0x00000308       0x20 c:/altera/12.1/nios2eds/bin/gnu/h-i686-mingw32/bin/../lib/gcc/nios2-elf/4.1.2/../../../../nios2-elf/lib/mno-hw-mul\libc.a(lib_a-strcmp.o)
 .debug_aranges
                0x00000328       0x20 c:/altera/12.1/nios2eds/bin/gnu/h-i686-mingw32/bin/../lib/gcc/nios2-elf/4.1.2/../../../../nios2-elf/lib/mno-hw-mul\libc.a(lib_a-strlen.o)
 .debug_aranges
                0x00000348       0x20 c:/altera/12.1/nios2eds/bin/gnu/h-i686-mingw32/bin/../lib/gcc/nios2-elf/4.1.2/../../../../nios2-elf/lib/mno-hw-mul\libc.a(lib_a-writer.o)
 .debug_aranges
                0x00000368       0x20 c:/altera/12.1/nios2eds/bin/gnu/h-i686-mingw32/bin/../lib/gcc/nios2-elf/4.1.2/../../../../nios2-elf/lib/mno-hw-mul\libc.a(lib_a-callocr.o)
 .debug_aranges
                0x00000388       0x20 c:/altera/12.1/nios2eds/bin/gnu/h-i686-mingw32/bin/../lib/gcc/nios2-elf/4.1.2/../../../../nios2-elf/lib/mno-hw-mul\libc.a(lib_a-closer.o)
 .debug_aranges
                0x000003a8       0x20 c:/altera/12.1/nios2eds/bin/gnu/h-i686-mingw32/bin/../lib/gcc/nios2-elf/4.1.2/../../../../nios2-elf/lib/mno-hw-mul\libc.a(lib_a-fclose.o)
 .debug_aranges
                0x000003c8       0x20 c:/altera/12.1/nios2eds/bin/gnu/h-i686-mingw32/bin/../lib/gcc/nios2-elf/4.1.2/../../../../nios2-elf/lib/mno-hw-mul\libc.a(lib_a-fstatr.o)
 .debug_aranges
                0x000003e8       0x20 c:/altera/12.1/nios2eds/bin/gnu/h-i686-mingw32/bin/../lib/gcc/nios2-elf/4.1.2/../../../../nios2-elf/lib/mno-hw-mul\libc.a(lib_a-isattyr.o)
 .debug_aranges
                0x00000408       0x20 c:/altera/12.1/nios2eds/bin/gnu/h-i686-mingw32/bin/../lib/gcc/nios2-elf/4.1.2/../../../../nios2-elf/lib/mno-hw-mul\libc.a(lib_a-lseekr.o)
 .debug_aranges
                0x00000428       0x20 c:/altera/12.1/nios2eds/bin/gnu/h-i686-mingw32/bin/../lib/gcc/nios2-elf/4.1.2/../../../../nios2-elf/lib/mno-hw-mul\libc.a(lib_a-readr.o)
 .debug_aranges
                0x00000448       0x20 c:/altera/12.1/nios2eds/bin/gnu/h-i686-mingw32/bin/../lib/gcc/nios2-elf/4.1.2/mno-hw-mul\libgcc.a(_udivdi3.o)
 .debug_aranges
                0x00000468       0x20 c:/altera/12.1/nios2eds/bin/gnu/h-i686-mingw32/bin/../lib/gcc/nios2-elf/4.1.2/mno-hw-mul\libgcc.a(_umoddi3.o)
 .debug_aranges
                0x00000488       0x20 c:/altera/12.1/nios2eds/bin/gnu/h-i686-mingw32/bin/../lib/gcc/nios2-elf/4.1.2/mno-hw-mul\libgcc.a(_addsub_df.o)
 .debug_aranges
                0x000004a8       0x20 c:/altera/12.1/nios2eds/bin/gnu/h-i686-mingw32/bin/../lib/gcc/nios2-elf/4.1.2/mno-hw-mul\libgcc.a(_mul_df.o)
 .debug_aranges
                0x000004c8       0x20 c:/altera/12.1/nios2eds/bin/gnu/h-i686-mingw32/bin/../lib/gcc/nios2-elf/4.1.2/mno-hw-mul\libgcc.a(_div_df.o)
 .debug_aranges
                0x000004e8       0x20 c:/altera/12.1/nios2eds/bin/gnu/h-i686-mingw32/bin/../lib/gcc/nios2-elf/4.1.2/mno-hw-mul\libgcc.a(_eq_df.o)
 .debug_aranges
                0x00000508       0x20 c:/altera/12.1/nios2eds/bin/gnu/h-i686-mingw32/bin/../lib/gcc/nios2-elf/4.1.2/mno-hw-mul\libgcc.a(_ne_df.o)
 .debug_aranges
                0x00000528       0x20 c:/altera/12.1/nios2eds/bin/gnu/h-i686-mingw32/bin/../lib/gcc/nios2-elf/4.1.2/mno-hw-mul\libgcc.a(_gt_df.o)
 .debug_aranges
                0x00000548       0x20 c:/altera/12.1/nios2eds/bin/gnu/h-i686-mingw32/bin/../lib/gcc/nios2-elf/4.1.2/mno-hw-mul\libgcc.a(_ge_df.o)
 .debug_aranges
                0x00000568       0x20 c:/altera/12.1/nios2eds/bin/gnu/h-i686-mingw32/bin/../lib/gcc/nios2-elf/4.1.2/mno-hw-mul\libgcc.a(_lt_df.o)
 .debug_aranges
                0x00000588       0x20 c:/altera/12.1/nios2eds/bin/gnu/h-i686-mingw32/bin/../lib/gcc/nios2-elf/4.1.2/mno-hw-mul\libgcc.a(_si_to_df.o)
 .debug_aranges
                0x000005a8       0x20 c:/altera/12.1/nios2eds/bin/gnu/h-i686-mingw32/bin/../lib/gcc/nios2-elf/4.1.2/mno-hw-mul\libgcc.a(_df_to_si.o)
 .debug_aranges
                0x000005c8       0x20 c:/altera/12.1/nios2eds/bin/gnu/h-i686-mingw32/bin/../lib/gcc/nios2-elf/4.1.2/mno-hw-mul\libgcc.a(_usi_to_df.o)
 .debug_aranges
                0x000005e8       0x20 c:/altera/12.1/nios2eds/bin/gnu/h-i686-mingw32/bin/../lib/gcc/nios2-elf/4.1.2/mno-hw-mul\libgcc.a(lib2-divmod.o)
 .debug_aranges
                0x00000608       0x20 c:/altera/12.1/nios2eds/bin/gnu/h-i686-mingw32/bin/../lib/gcc/nios2-elf/4.1.2/mno-hw-mul\libgcc.a(lib2-mul.o)
 .debug_aranges
                0x00000628       0x20 c:/altera/12.1/nios2eds/bin/gnu/h-i686-mingw32/bin/../lib/gcc/nios2-elf/4.1.2/mno-hw-mul\libgcc.a(_muldi3.o)
 .debug_aranges
                0x00000648       0x20 c:/altera/12.1/nios2eds/bin/gnu/h-i686-mingw32/bin/../lib/gcc/nios2-elf/4.1.2/mno-hw-mul\libgcc.a(_clzsi2.o)
 .debug_aranges
                0x00000668       0x20 c:/altera/12.1/nios2eds/bin/gnu/h-i686-mingw32/bin/../lib/gcc/nios2-elf/4.1.2/mno-hw-mul\libgcc.a(_pack_df.o)
 .debug_aranges
                0x00000688       0x20 c:/altera/12.1/nios2eds/bin/gnu/h-i686-mingw32/bin/../lib/gcc/nios2-elf/4.1.2/mno-hw-mul\libgcc.a(_unpack_df.o)
 .debug_aranges
                0x000006a8       0x20 c:/altera/12.1/nios2eds/bin/gnu/h-i686-mingw32/bin/../lib/gcc/nios2-elf/4.1.2/mno-hw-mul\libgcc.a(_fpcmp_parts_df.o)
 .debug_aranges
                0x000006c8       0x20 ../counter_bsp/\libhal_bsp.a(alt_close.o)
 .debug_aranges
                0x000006e8       0x20 ../counter_bsp/\libhal_bsp.a(alt_dev.o)
 .debug_aranges
                0x00000708       0x20 ../counter_bsp/\libhal_bsp.a(alt_fstat.o)
 .debug_aranges
                0x00000728       0x20 ../counter_bsp/\libhal_bsp.a(alt_isatty.o)
 .debug_aranges
                0x00000748       0x20 ../counter_bsp/\libhal_bsp.a(alt_load.o)
 .debug_aranges
                0x00000768       0x20 ../counter_bsp/\libhal_bsp.a(alt_lseek.o)
 .debug_aranges
                0x00000788       0x20 ../counter_bsp/\libhal_bsp.a(alt_main.o)
 .debug_aranges
                0x000007a8       0x20 ../counter_bsp/\libhal_bsp.a(alt_malloc_lock.o)
 .debug_aranges
                0x000007c8       0x20 ../counter_bsp/\libhal_bsp.a(alt_read.o)
 .debug_aranges
                0x000007e8       0x20 ../counter_bsp/\libhal_bsp.a(alt_release_fd.o)
 .debug_aranges
                0x00000808       0x20 ../counter_bsp/\libhal_bsp.a(alt_sbrk.o)
 .debug_aranges
                0x00000828       0x20 ../counter_bsp/\libhal_bsp.a(alt_usleep.o)
 .debug_aranges
                0x00000848       0x20 ../counter_bsp/\libhal_bsp.a(alt_write.o)
 .debug_aranges
                0x00000868       0x20 ../counter_bsp/\libhal_bsp.a(alt_sys_init.o)
 .debug_aranges
                0x00000888       0x20 ../counter_bsp/\libhal_bsp.a(altera_avalon_jtag_uart_fd.o)
 .debug_aranges
                0x000008a8       0x20 ../counter_bsp/\libhal_bsp.a(altera_avalon_jtag_uart_init.o)
 .debug_aranges
                0x000008c8       0x20 ../counter_bsp/\libhal_bsp.a(altera_avalon_jtag_uart_ioctl.o)
 .debug_aranges
                0x000008e8       0x20 ../counter_bsp/\libhal_bsp.a(altera_avalon_jtag_uart_read.o)
 .debug_aranges
                0x00000908       0x20 ../counter_bsp/\libhal_bsp.a(altera_avalon_jtag_uart_write.o)
 .debug_aranges
                0x00000928       0x20 ../counter_bsp/\libhal_bsp.a(altera_avalon_timer_sc.o)
 .debug_aranges
                0x00000948       0x20 ../counter_bsp/\libhal_bsp.a(alt_alarm_start.o)
 .debug_aranges
                0x00000968       0x20 ../counter_bsp/\libhal_bsp.a(alt_busy_sleep.o)
 .debug_aranges
                0x00000988       0x20 ../counter_bsp/\libhal_bsp.a(alt_dcache_flush_all.o)
 .debug_aranges
                0x000009a8       0x20 ../counter_bsp/\libhal_bsp.a(alt_dev_llist_insert.o)
 .debug_aranges
                0x000009c8       0x20 ../counter_bsp/\libhal_bsp.a(alt_do_ctors.o)
 .debug_aranges
                0x000009e8       0x20 ../counter_bsp/\libhal_bsp.a(alt_do_dtors.o)
 .debug_aranges
                0x00000a08       0x20 ../counter_bsp/\libhal_bsp.a(alt_icache_flush_all.o)
 .debug_aranges
                0x00000a28       0x20 ../counter_bsp/\libhal_bsp.a(alt_iic.o)
 .debug_aranges
                0x00000a48       0x20 ../counter_bsp/\libhal_bsp.a(alt_iic_isr_register.o)
 .debug_aranges
                0x00000a68       0x20 ../counter_bsp/\libhal_bsp.a(alt_io_redirect.o)
 .debug_aranges
                0x00000a88       0x30 ../counter_bsp/\libhal_bsp.a(alt_irq_entry.o)
 .debug_aranges
                0x00000ab8       0x28 ../counter_bsp/\libhal_bsp.a(alt_irq_handler.o)
 .debug_aranges
                0x00000ae0       0x20 ../counter_bsp/\libhal_bsp.a(alt_open.o)
 .debug_aranges
                0x00000b00       0x20 ../counter_bsp/\libhal_bsp.a(alt_tick.o)
 .debug_aranges
                0x00000b20       0x20 ../counter_bsp/\libhal_bsp.a(altera_nios2_qsys_irq.o)
 .debug_aranges
                0x00000b40       0x38 ../counter_bsp/\libhal_bsp.a(alt_exception_entry.o)
 .debug_aranges
                0x00000b78       0x20 ../counter_bsp/\libhal_bsp.a(alt_find_dev.o)
 .debug_aranges
                0x00000b98       0x20 ../counter_bsp/\libhal_bsp.a(alt_find_file.o)
 .debug_aranges
                0x00000bb8       0x20 ../counter_bsp/\libhal_bsp.a(alt_get_fd.o)
 .debug_aranges
                0x00000bd8       0x20 ../counter_bsp/\libhal_bsp.a(alt_icache_flush.o)
 .debug_aranges
                0x00000bf8       0x20 c:/altera/12.1/nios2eds/bin/gnu/h-i686-mingw32/bin/../lib/gcc/nios2-elf/4.1.2/../../../../nios2-elf/lib/mno-hw-mul\libc.a(lib_a-atexit.o)
 .debug_aranges
                0x00000c18       0x20 c:/altera/12.1/nios2eds/bin/gnu/h-i686-mingw32/bin/../lib/gcc/nios2-elf/4.1.2/../../../../nios2-elf/lib/mno-hw-mul\libc.a(lib_a-exit.o)
 .debug_aranges
                0x00000c38       0x20 c:/altera/12.1/nios2eds/bin/gnu/h-i686-mingw32/bin/../lib/gcc/nios2-elf/4.1.2/../../../../nios2-elf/lib/mno-hw-mul\libc.a(lib_a-memcmp.o)
 .debug_aranges
                0x00000c58       0x20 c:/altera/12.1/nios2eds/bin/gnu/h-i686-mingw32/bin/../lib/gcc/nios2-elf/4.1.2/../../../../nios2-elf/lib/mno-hw-mul\libc.a(lib_a-__atexit.o)
 .debug_aranges
                0x00000c78       0x20 c:/altera/12.1/nios2eds/bin/gnu/h-i686-mingw32/bin/../lib/gcc/nios2-elf/4.1.2/../../../../nios2-elf/lib/mno-hw-mul\libc.a(lib_a-__call_atexit.o)
 .debug_aranges
                0x00000c98       0x20 ../counter_bsp/\libhal_bsp.a(alt_exit.o)

.debug_pubnames
                0x00000000     0x1365
 *(.debug_pubnames)
 .debug_pubnames
                0x00000000       0x1b obj/default/counter.o
 .debug_pubnames